Archive member included because of file (symbol)

../../external/mbed/LPC1768/mbed.ar(DigitalOut.LPC1768.o)
                              ./main.o (_ZTVN4mbed10DigitalOutE)
../../external/mbed/LPC1768/mbed.ar(Base.LPC1768.o)
                              ../../external/mbed/LPC1768/mbed.ar(DigitalOut.LPC1768.o) (_ZTIN4mbed4BaseE)
../../external/mbed/LPC1768/mbed.ar(stdio.LPC1768.o)
                              ../../external/mbed/LPC1768/mbed.ar(Base.LPC1768.o) (_ZTIN4mbed8FileLikeE)
../../external/mbed/LPC1768/capi.ar(startup_LPC17xx.LPC1768.o)
                              (Reset_Handler)
../../external/mbed/LPC1768/capi.ar(system_LPC17xx.LPC1768.o)
                              ../../external/mbed/LPC1768/capi.ar(startup_LPC17xx.LPC1768.o) (SystemInit)
../../external/mbed/LPC1768/capi.ar(core_cm3.LPC1768.o)
                              ../../src/syscalls.o (__get_MSP)
../../external/mbed/LPC1768/capi.ar(serial_api.LPC1768.o)
                              ../../external/mbed/LPC1768/mbed.ar(stdio.LPC1768.o) (serial_baud)
../../external/mbed/LPC1768/capi.ar(exit.LPC1768.o)
                              ../../src/gcc4mbed.o (exit)
../../external/mbed/LPC1768/capi.ar(pinmap.LPC1768.o)
                              ../../external/mbed/LPC1768/capi.ar(serial_api.LPC1768.o) (pinmap_merge)
../../external/mbed/LPC1768/capi.ar(wait_api.LPC1768.o)
                              ./main.o (wait)
../../external/mbed/LPC1768/capi.ar(gpio_api.LPC1768.o)
                              ../../external/mbed/LPC1768/mbed.ar(DigitalOut.LPC1768.o) (gpio_output)
../../external/mbed/LPC1768/capi.ar(semihost_api.LPC1768.o)
                              ../../external/mbed/LPC1768/capi.ar(exit.LPC1768.o) (semihost_exit)
../../external/mbed/LPC1768/capi.ar(us_ticker_api.LPC1768.o)
                              ../../external/mbed/LPC1768/capi.ar(wait_api.LPC1768.o) (us_ticker_read)
../../external/mbed/LPC1768/capi.ar(utils_api.LPC1768.o)
                              ../../external/mbed/LPC1768/capi.ar(exit.LPC1768.o) (mbed_die)
../../external/mbed/LPC1768/capi.ar(timer_api.LPC1768.o)
                              ../../external/mbed/LPC1768/capi.ar(us_ticker_api.LPC1768.o) (timer_frequency)
../../external/gcc/LPC1768/libstdc++.a(atexit_arm.o)
                              ./main.o (__aeabi_atexit)
../../external/gcc/LPC1768/libstdc++.a(class_type_info.o)
                              ../../external/mbed/LPC1768/mbed.ar(Base.LPC1768.o) (_ZTVN10__cxxabiv117__class_type_infoE)
../../external/gcc/LPC1768/libstdc++.a(del_op.o)
                              ./main.o (_ZdlPv)
../../external/gcc/LPC1768/libstdc++.a(del_opv.o)
                              ../../external/mbed/LPC1768/mbed.ar(Base.LPC1768.o) (_ZdaPv)
../../external/gcc/LPC1768/libstdc++.a(dyncast.o)
                              ../../external/mbed/LPC1768/mbed.ar(Base.LPC1768.o) (__dynamic_cast)
../../external/gcc/LPC1768/libstdc++.a(new_op.o)
                              ../../external/mbed/LPC1768/mbed.ar(DigitalOut.LPC1768.o) (_Znwj)
../../external/gcc/LPC1768/libstdc++.a(new_opv.o)
                              ../../external/mbed/LPC1768/mbed.ar(DigitalOut.LPC1768.o) (_Znaj)
../../external/gcc/LPC1768/libstdc++.a(pure.o)
                              ../../external/mbed/LPC1768/mbed.ar(stdio.LPC1768.o) (__cxa_pure_virtual)
../../external/gcc/LPC1768/libstdc++.a(si_class_type_info.o)
                              ../../external/mbed/LPC1768/mbed.ar(DigitalOut.LPC1768.o) (_ZTVN10__cxxabiv120__si_class_type_infoE)
../../external/gcc/LPC1768/libstdc++.a(tinfo.o)
                              ../../external/gcc/LPC1768/libstdc++.a(class_type_info.o) (_ZNSt9type_infoD2Ev)
../../external/gcc/LPC1768/libstdc++.a(vmi_class_type_info.o)
                              ../../external/mbed/LPC1768/mbed.ar(stdio.LPC1768.o) (_ZTVN10__cxxabiv121__vmi_class_type_infoE)
../../external/gcc/LPC1768/libstdc++.a(eh_terminate.o)
                              ../../external/gcc/LPC1768/libstdc++.a(pure.o) (_ZSt9terminatev)
../../external/gcc/LPC1768/libstdc++.a(eh_unex_handler.o)
                              ../../external/gcc/LPC1768/libstdc++.a(eh_terminate.o) (_ZN10__cxxabiv120__unexpected_handlerE)
../../external/gcc/LPC1768/libstdc++.a(new_handler.o)
                              ../../external/gcc/LPC1768/libstdc++.a(new_op.o) (__new_handler)
../../external/gcc/LPC1768/libstdc++.a(eh_exception.o)
                              ../../external/gcc/LPC1768/libstdc++.a(new_handler.o) (_ZNSt9exceptionD2Ev)
../../external/gcc/LPC1768/libstdc++.a(eh_term_handler.o)
                              ../../external/gcc/LPC1768/libstdc++.a(eh_terminate.o) (_ZN10__cxxabiv119__terminate_handlerE)
../../external/gcc/LPC1768/libstdc++.a(vterminate.o)
                              ../../external/gcc/LPC1768/libstdc++.a(eh_term_handler.o) (_ZN9__gnu_cxx27__verbose_terminate_handlerEv)
../../external/gcc/LPC1768/libstdc++.a(cp-demangle.o)
[...]
Memory Configuration

Name             Origin             Length             Attributes
IROM             0x0000000000000000 0x0000000000080000 xr
IRAM0            0x0000000010000000 0x0000000000008000 xrw
IRAM1            0x000000002007c000 0x0000000000004000 xrw
IRAM2            0x0000000020080000 0x0000000000004000 xrw
*default*        0x0000000000000000 0xffffffffffffffff

Linker script and memory map

LOAD /Users/dbanks/mbed_offline/arm-2011.03/bin/../lib/gcc/arm-none-eabi/4.5.2/thumb2/crti.o
LOAD /Users/dbanks/mbed_offline/arm-2011.03/bin/../lib/gcc/arm-none-eabi/4.5.2/thumb2/crtbegin.o
LOAD ./foo.o
LOAD ../../src/gcc4mbed.o
LOAD ../../src/syscalls.o
LOAD ./main.o
LOAD ../../external/mbed/LPC1768/mbed.ar
LOAD ../../external/mbed/LPC1768/capi.ar
LOAD ../../external/FATFileSystem/LPC1768/FATFileSystem.ar
LOAD ../../external/gcc/LPC1768/libstdc++.a
LOAD ../../external/gcc/LPC1768/libm.a
START GROUP
LOAD /Users/dbanks/mbed_offline/arm-2011.03/bin/../lib/gcc/arm-none-eabi/4.5.2/thumb2/libgcc.a
LOAD ../../external/gcc/LPC1768/libc.a
END GROUP
LOAD /Users/dbanks/mbed_offline/arm-2011.03/bin/../lib/gcc/arm-none-eabi/4.5.2/thumb2/crtend.o
LOAD /Users/dbanks/mbed_offline/arm-2011.03/bin/../lib/gcc/arm-none-eabi/4.5.2/thumb2/crtn.o

.text           0x0000000000000000     0x5328
 *(RESET)
 RESET          0x0000000000000000       0xc4 ../../external/mbed/LPC1768/capi.ar(startup_LPC17xx.LPC1768.o)
                0x0000000000000000                __Vectors
 *(.mbed_init)
 .mbed_init     0x00000000000000c4      0x108 ../../src/gcc4mbed.o
                0x00000000000000c4                __main
 *(i.SystemInit)
 i.SystemInit   0x00000000000001cc       0x78 ../../external/mbed/LPC1768/capi.ar(system_LPC17xx.LPC1768.o)
                0x00000000000001cc                SystemInit
                0x00000000000002fc                . = 0x2fc
 *fill*         0x0000000000000244       0xb8 00
 *(.crp)
                0x0000000000000300                . = 0x300
 *fill*         0x00000000000002fc        0x4 00
 *(.text .text.*)
 .text          0x0000000000000300       0x30 /Users/dbanks/mbed_offline/arm-2011.03/bin/../lib/gcc/arm-none-eabi/4.5.2/thumb2/crtbegin.o
 .text._Z6togglePi
                0x0000000000000330        0xc ./foo.o
                0x0000000000000330                _Z6togglePi
 .text._kill    0x000000000000033c       0x10 ../../src/syscalls.o
                0x000000000000033c                _kill
 .text._exit    0x000000000000034c        0x8 ../../src/syscalls.o
                0x000000000000034c                _exit
 .text._getpid  0x0000000000000354        0x4 ../../src/syscalls.o
                0x0000000000000354                _getpid
 .text._sbrk    0x0000000000000358       0x30 ../../src/syscalls.o
                0x0000000000000358                _sbrk
 .text.main     0x0000000000000388       0x60 ./main.o
                0x0000000000000388                main
 .text._GLOBAL__I_myled
                0x00000000000003e8       0x50 ./main.o
 .text          0x0000000000000438       0x24 ../../external/mbed/LPC1768/capi.ar(startup_LPC17xx.LPC1768.o)
                0x0000000000000438                Reset_Handler
                0x0000000000000440                NMI_Handler
                0x0000000000000442                HardFault_Handler
                0x0000000000000444                MemManage_Handler
                0x0000000000000446                BusFault_Handler
                0x0000000000000448                UsageFault_Handler
                0x000000000000044a                SVC_Handler
                0x000000000000044c                DebugMon_Handler
                0x000000000000044e                PendSV_Handler
                0x0000000000000450                SysTick_Handler
                0x0000000000000452                PLL0_IRQHandler
                0x0000000000000452                CAN_IRQHandler
                0x0000000000000452                PLL1_IRQHandler
                0x0000000000000452                SSP0_IRQHandler
                0x0000000000000452                I2S_IRQHandler
                0x0000000000000452                I2C2_IRQHandler
                0x0000000000000452                RTC_IRQHandler
                0x0000000000000452                TIMER0_IRQHandler
                0x0000000000000452                SPI_IRQHandler
                0x0000000000000452                EINT1_IRQHandler
                0x0000000000000452                TIMER1_IRQHandler
                0x0000000000000452                UART2_IRQHandler
                0x0000000000000452                ADC_IRQHandler
                0x0000000000000452                SSP1_IRQHandler
                0x0000000000000452                USB_IRQHandler
                0x0000000000000452                BOD_IRQHandler
                0x0000000000000452                WDT_IRQHandler
                0x0000000000000452                QEI_IRQHandler
                0x0000000000000452                EINT0_IRQHandler
                0x0000000000000452                DMA_IRQHandler
                0x0000000000000452                UART3_IRQHandler
                0x0000000000000452                MCPWM_IRQHandler
                0x0000000000000452                TIMER2_IRQHandler
                0x0000000000000452                ENET_IRQHandler
                0x0000000000000452                RIT_IRQHandler
                0x0000000000000452                I2C0_IRQHandler
                0x0000000000000452                PWM1_IRQHandler
                0x0000000000000452                I2C1_IRQHandler
                0x0000000000000452                EINT2_IRQHandler
                0x0000000000000452                UART1_IRQHandler
                0x0000000000000452                EINT3_IRQHandler
                0x0000000000000452                TIMER3_IRQHandler
                0x0000000000000452                UART0_IRQHandler
 .text.__aeabi_atexit
                0x000000000000045c        0xa ../../external/gcc/LPC1768/libstdc++.a(atexit_arm.o)
                0x000000000000045c                __aeabi_atexit
 .text._ZNK10__cxxabiv117__class_type_info20__do_find_public_srcEiPKvPKS0_S2_
                0x0000000000000466        0xc ../../external/gcc/LPC1768/libstdc++.a(class_type_info.o)
                0x0000000000000466                _ZNK10__cxxabiv117__class_type_info20__do_find_public_srcEiPKvPKS0_S2_
 .text._ZNK10__cxxabiv117__class_type_info11__do_upcastEPKS0_PKvRNS0_15__upcast_resultE
                0x0000000000000472       0x1a ../../external/gcc/LPC1768/libstdc++.a(class_type_info.o)
                0x0000000000000472                _ZNK10__cxxabiv117__class_type_info11__do_upcastEPKS0_PKvRNS0_15__upcast_resultE
 .text._ZNK10__cxxabiv117__class_type_info12__do_dyncastEiNS0_10__sub_kindEPKS0_PKvS3_S5_RNS0_16__dyncast_resultE
                0x000000000000048c       0x3c ../../external/gcc/LPC1768/libstdc++.a(class_type_info.o)
                0x000000000000048c                _ZNK10__cxxabiv117__class_type_info12__do_dyncastEiNS0_10__sub_kindEPKS0_PKvS3_S5_RNS0_16__dyncast_resultE
 .text._ZNK10__cxxabiv117__class_type_info10__do_catchEPKSt9type_infoPPvj
                0x00000000000004c8       0x26 ../../external/gcc/LPC1768/libstdc++.a(class_type_info.o)
                0x00000000000004c8                _ZNK10__cxxabiv117__class_type_info10__do_catchEPKSt9type_infoPPvj
 *fill*         0x00000000000004ee        0x2 00
 .text._ZN10__cxxabiv117__class_type_infoD2Ev
                0x00000000000004f0       0x14 ../../external/gcc/LPC1768/libstdc++.a(class_type_info.o)
                0x00000000000004f0                _ZN10__cxxabiv117__class_type_infoD1Ev
                0x00000000000004f0                _ZN10__cxxabiv117__class_type_infoD2Ev
 .text._ZN10__cxxabiv117__class_type_infoD0Ev
                0x0000000000000504       0x12 ../../external/gcc/LPC1768/libstdc++.a(class_type_info.o)
                0x0000000000000504                _ZN10__cxxabiv117__class_type_infoD0Ev
 .text._ZN10__cxxabiv117__class_type_info15__upcast_resultC2Ei
                0x0000000000000516        0xc ../../external/gcc/LPC1768/libstdc++.a(class_type_info.o)
                0x0000000000000516                _ZN10__cxxabiv117__class_type_info15__upcast_resultC2Ei
                0x0000000000000516                _ZN10__cxxabiv117__class_type_info15__upcast_resultC1Ei
 .text._ZNK10__cxxabiv117__class_type_info11__do_upcastEPKS0_PPv
                0x0000000000000522       0x3a ../../external/gcc/LPC1768/libstdc++.a(class_type_info.o)
                0x0000000000000522                _ZNK10__cxxabiv117__class_type_info11__do_upcastEPKS0_PPv
 .text._ZdlPv   0x000000000000055c        0x8 ../../external/gcc/LPC1768/libstdc++.a(del_op.o)
                0x000000000000055c                _ZdlPv
 .text._ZdaPv   0x0000000000000564        0x4 ../../external/gcc/LPC1768/libstdc++.a(del_opv.o)
                0x0000000000000564                _ZdaPv
 .text._ZNK10__cxxabiv120__si_class_type_info11__do_upcastEPKNS_17__class_type_infoEPKvRNS1_15__upcast_resultE
                0x0000000000000568       0x24 ../../external/gcc/LPC1768/libstdc++.a(si_class_type_info.o)
                0x0000000000000568                _ZNK10__cxxabiv120__si_class_type_info11__do_upcastEPKNS_17__class_type_infoEPKvRNS1_15__upcast_resultE
 .text._ZNK10__cxxabiv120__si_class_type_info12__do_dyncastEiNS_17__class_type_info10__sub_kindEPKS1_PKvS4_S6_RNS1_16__dyncast_resultE
                0x000000000000058c       0x90 ../../external/gcc/LPC1768/libstdc++.a(si_class_type_info.o)
                0x000000000000058c                _ZNK10__cxxabiv120__si_class_type_info12__do_dyncastEiNS_17__class_type_info10__sub_kindEPKS1_PKvS4_S6_RNS1_16__dyncast_resultE
 .text._ZNK10__cxxabiv120__si_class_type_info20__do_find_public_srcEiPKvPKNS_17__class_type_infoES2_
                0x000000000000061c       0x36 ../../external/gcc/LPC1768/libstdc++.a(si_class_type_info.o)
                0x000000000000061c                _ZNK10__cxxabiv120__si_class_type_info20__do_find_public_srcEiPKvPKNS_17__class_type_infoES2_
 *fill*         0x0000000000000652        0x2 00
 .text._ZN10__cxxabiv120__si_class_type_infoD2Ev
                0x0000000000000654       0x14 ../../external/gcc/LPC1768/libstdc++.a(si_class_type_info.o)
                0x0000000000000654                _ZN10__cxxabiv120__si_class_type_infoD2Ev
                0x0000000000000654                _ZN10__cxxabiv120__si_class_type_infoD1Ev
 .text._ZN10__cxxabiv120__si_class_type_infoD0Ev
                0x0000000000000668       0x12 ../../external/gcc/LPC1768/libstdc++.a(si_class_type_info.o)
                0x0000000000000668                _ZN10__cxxabiv120__si_class_type_infoD0Ev
 *fill*         0x000000000000067a        0x2 00
 .text._ZNSt9type_infoD2Ev
                0x000000000000067c        0xc ../../external/gcc/LPC1768/libstdc++.a(tinfo.o)
                0x000000000000067c                _ZNSt9type_infoD1Ev
                0x000000000000067c                _ZNSt9type_infoD2Ev
 .text._ZNKSt9type_info14__is_pointer_pEv
                0x0000000000000688        0x4 ../../external/gcc/LPC1768/libstdc++.a(tinfo.o)
                0x0000000000000688                _ZNKSt9type_info14__is_pointer_pEv
 .text._ZNKSt9type_info15__is_function_pEv
                0x000000000000068c        0x4 ../../external/gcc/LPC1768/libstdc++.a(tinfo.o)
                0x000000000000068c                _ZNKSt9type_info15__is_function_pEv
 .text._ZNKSt9type_info11__do_upcastEPKN10__cxxabiv117__class_type_infoEPPv
                0x0000000000000690        0x4 ../../external/gcc/LPC1768/libstdc++.a(tinfo.o)
                0x0000000000000690                _ZNKSt9type_info11__do_upcastEPKN10__cxxabiv117__class_type_infoEPPv
 .text._ZNSt9type_infoD0Ev
                0x0000000000000694       0x12 ../../external/gcc/LPC1768/libstdc++.a(tinfo.o)
                0x0000000000000694                _ZNSt9type_infoD0Ev
 .text._ZNKSt9type_info4nameEv
                0x00000000000006a6        0xc ../../external/gcc/LPC1768/libstdc++.a(tinfo.o)
                0x00000000000006a6                _ZNKSt9type_info4nameEv
 .text._ZNKSt9type_infoeqERKS_
                0x00000000000006b2       0x34 ../../external/gcc/LPC1768/libstdc++.a(tinfo.o)
                0x00000000000006b2                _ZNKSt9type_infoeqERKS_
 .text._ZNKSt9type_info10__do_catchEPKS_PPvj
                0x00000000000006e6        0x4 ../../external/gcc/LPC1768/libstdc++.a(tinfo.o)
                0x00000000000006e6                _ZNKSt9type_info10__do_catchEPKS_PPvj
 *fill*         0x00000000000006ea        0x2 00
 .text          0x00000000000006ec      0x370 /Users/dbanks/mbed_offline/arm-2011.03/bin/../lib/gcc/arm-none-eabi/4.5.2/thumb2/libgcc.a(_arm_addsubdf3.o)
                0x00000000000006ec                __aeabi_drsub
                0x00000000000006f4                __subdf3
                0x00000000000006f4                __aeabi_dsub
                0x00000000000006f8                __aeabi_dadd
                0x00000000000006f8                __adddf3
                0x0000000000000970                __aeabi_ui2d
                0x0000000000000970                __floatunsidf
                0x0000000000000990                __floatsidf
                0x0000000000000990                __aeabi_i2d
                0x00000000000009b4                __extendsfdf2
                0x00000000000009b4                __aeabi_f2d
                0x00000000000009f0                __aeabi_ul2d
                0x00000000000009f0                __floatundidf
                0x0000000000000a00                __aeabi_l2d
                0x0000000000000a00                __floatdidf
 .text          0x0000000000000a5c      0x424 /Users/dbanks/mbed_offline/arm-2011.03/bin/../lib/gcc/arm-none-eabi/4.5.2/thumb2/libgcc.a(_arm_muldivdf3.o)
                0x0000000000000a5c                __aeabi_dmul
                0x0000000000000a5c                __muldf3
                0x0000000000000cb0                __aeabi_ddiv
                0x0000000000000cb0                __divdf3
 .text          0x0000000000000e80       0x50 /Users/dbanks/mbed_offline/arm-2011.03/bin/../lib/gcc/arm-none-eabi/4.5.2/thumb2/libgcc.a(_arm_fixdfsi.o)
                0x0000000000000e80                __fixdfsi
                0x0000000000000e80                __aeabi_d2iz
 .text.abort    0x0000000000000ed0        0xe ../../external/gcc/LPC1768/libc.a(lib_a-abort.o)
                0x0000000000000ed0                abort
 *fill*         0x0000000000000ede        0x2 00
 .text.setup_aeabi_stdio
                0x0000000000000ee0       0x28 ../../external/gcc/LPC1768/libc.a(lib_a-clibabi_stdio.o)
 .text.__cxa_atexit
                0x0000000000000f08       0x16 ../../external/gcc/LPC1768/libc.a(lib_a-cxa_atexit.o)
                0x0000000000000f08                __cxa_atexit
 *fill*         0x0000000000000f1e        0x2 00
 .text.__libc_init_array
                0x0000000000000f20       0x48 ../../external/gcc/LPC1768/libc.a(lib_a-init.o)
                0x0000000000000f20                __libc_init_array
 .text.malloc   0x0000000000000f68       0x10 ../../external/gcc/LPC1768/libc.a(lib_a-malloc.o)
                0x0000000000000f68                malloc
 .text.free     0x0000000000000f78       0x10 ../../external/gcc/LPC1768/libc.a(lib_a-malloc.o)
                0x0000000000000f78                free
 .text._malloc_r
                0x0000000000000f88      0x408 ../../external/gcc/LPC1768/libc.a(lib_a-mallocr.o)
                0x0000000000000f88                _malloc_r
 .text.memchr   0x0000000000001390       0x1c ../../external/gcc/LPC1768/libc.a(lib_a-memchr.o)
                0x0000000000001390                memchr
 .text.memcpy   0x00000000000013ac       0x16 ../../external/gcc/LPC1768/libc.a(lib_a-memcpy.o)
                0x00000000000013ac                memcpy
 .text.memmove  0x00000000000013c2       0x30 ../../external/gcc/LPC1768/libc.a(lib_a-memmove.o)
                0x00000000000013c2                memmove
 .text.__malloc_lock
                0x00000000000013f2        0x2 ../../external/gcc/LPC1768/libc.a(lib_a-mlock.o)
                0x00000000000013f2                __malloc_lock
 .text.__malloc_unlock
                0x00000000000013f4        0x2 ../../external/gcc/LPC1768/libc.a(lib_a-mlock.o)
                0x00000000000013f4                __malloc_unlock
 *fill*         0x00000000000013f6        0x2 00
 .text._realloc_r
                0x00000000000013f8      0x2f8 ../../external/gcc/LPC1768/libc.a(lib_a-reallocr.o)
                0x00000000000013f8                _realloc_r
 .text._sbrk_r  0x00000000000016f0       0x24 ../../external/gcc/LPC1768/libc.a(lib_a-sbrkr.o)
                0x00000000000016f0                _sbrk_r
 .text._raise_r
                0x0000000000001714       0x56 ../../external/gcc/LPC1768/libc.a(lib_a-signal.o)
                0x0000000000001714                _raise_r
 *fill*         0x000000000000176a        0x2 00
 .text.raise    0x000000000000176c       0x10 ../../external/gcc/LPC1768/libc.a(lib_a-signal.o)
                0x000000000000176c                raise
 .text._kill_r  0x000000000000177c       0x24 ../../external/gcc/LPC1768/libc.a(lib_a-signalr.o)
                0x000000000000177c                _kill_r
 .text._getpid_r
                0x00000000000017a0        0x4 ../../external/gcc/LPC1768/libc.a(lib_a-signalr.o)
                0x00000000000017a0                _getpid_r
 .text.sprintf  0x00000000000017a4       0x48 ../../external/gcc/LPC1768/libc.a(lib_a-sprintf.o)
                0x00000000000017a4                sprintf
 .text.strcmp   0x00000000000017ec       0x16 ../../external/gcc/LPC1768/libc.a(lib_a-strcmp.o)
                0x00000000000017ec                strcmp
 .text.strlen   0x0000000000001802       0x10 ../../external/gcc/LPC1768/libc.a(lib_a-strlen.o)
                0x0000000000001802                strlen
 *fill*         0x0000000000001812        0x2 00
 .text._strtol_r
                0x0000000000001814      0x124 ../../external/gcc/LPC1768/libc.a(lib_a-strtol.o)
                0x0000000000001814                _strtol_r
 .text.strtol   0x0000000000001938       0x1c ../../external/gcc/LPC1768/libc.a(lib_a-strtol.o)
                0x0000000000001938                strtol
 .text._svfprintf_r
                0x0000000000001954     0x1100 ../../external/gcc/LPC1768/libc.a(lib_a-svfprintf.o)
                0x0000000000001954                _svfprintf_r
 .text.__register_exitproc
                0x0000000000002a54       0xc0 ../../external/gcc/LPC1768/libc.a(lib_a-__atexit.o)
                0x0000000000002a54                __register_exitproc
 .text.quorem   0x0000000000002b14      0x124 ../../external/gcc/LPC1768/libc.a(lib_a-dtoa.o)
 .text._dtoa_r  0x0000000000002c38      0xc08 ../../external/gcc/LPC1768/libc.a(lib_a-dtoa.o)
                0x0000000000002c38                _dtoa_r
 .text._malloc_trim_r
                0x0000000000003840       0x94 ../../external/gcc/LPC1768/libc.a(lib_a-freer.o)
                0x0000000000003840                _malloc_trim_r
 .text._free_r  0x00000000000038d4      0x180 ../../external/gcc/LPC1768/libc.a(lib_a-freer.o)
                0x00000000000038d4                _free_r
 .text._localeconv_r
                0x0000000000003a54        0x8 ../../external/gcc/LPC1768/libc.a(lib_a-locale.o)
                0x0000000000003a54                _localeconv_r
 .text.memset   0x0000000000003a5c       0x10 ../../external/gcc/LPC1768/libc.a(lib_a-memset.o)
                0x0000000000003a5c                memset
 .text._Balloc  0x0000000000003a6c       0x62 ../../external/gcc/LPC1768/libc.a(lib_a-mprec.o)
                0x0000000000003a6c                _Balloc
 .text._Bfree   0x0000000000003ace       0x2e ../../external/gcc/LPC1768/libc.a(lib_a-mprec.o)
                0x0000000000003ace                _Bfree
 .text.__multadd
                0x0000000000003afc       0x7c ../../external/gcc/LPC1768/libc.a(lib_a-mprec.o)
                0x0000000000003afc                __multadd
 .text.__hi0bits
                0x0000000000003b78       0x40 ../../external/gcc/LPC1768/libc.a(lib_a-mprec.o)
                0x0000000000003b78                __hi0bits
 .text.__lo0bits
                0x0000000000003bb8       0x64 ../../external/gcc/LPC1768/libc.a(lib_a-mprec.o)
                0x0000000000003bb8                __lo0bits
 .text.__i2b    0x0000000000003c1c       0x12 ../../external/gcc/LPC1768/libc.a(lib_a-mprec.o)
                0x0000000000003c1c                __i2b
 .text.__multiply
                0x0000000000003c2e      0x124 ../../external/gcc/LPC1768/libc.a(lib_a-mprec.o)
                0x0000000000003c2e                __multiply
 *fill*         0x0000000000003d52        0x2 00
 .text.__pow5mult
                0x0000000000003d54       0xa4 ../../external/gcc/LPC1768/libc.a(lib_a-mprec.o)
                0x0000000000003d54                __pow5mult
 .text.__lshift
                0x0000000000003df8       0x98 ../../external/gcc/LPC1768/libc.a(lib_a-mprec.o)
                0x0000000000003df8                __lshift
 .text.__mcmp   0x0000000000003e90       0x3a ../../external/gcc/LPC1768/libc.a(lib_a-mprec.o)
                0x0000000000003e90                __mcmp
 .text.__mdiff  0x0000000000003eca       0xc6 ../../external/gcc/LPC1768/libc.a(lib_a-mprec.o)
                0x0000000000003eca                __mdiff
 .text.__d2b    0x0000000000003f90       0xbc ../../external/gcc/LPC1768/libc.a(lib_a-mprec.o)
                0x0000000000003f90                __d2b
 .text.__fpclassifyd
                0x000000000000404c       0x64 ../../external/gcc/LPC1768/libc.a(lib_a-s_fpclassify.o)
                0x000000000000404c                __fpclassifyd
 .text.__ssprint_r
                0x00000000000040b0       0xf6 ../../external/gcc/LPC1768/libc.a(lib_a-svfiprintf.o)
                0x00000000000040b0                __ssprint_r
 .text._calloc_r
                0x00000000000041a6       0x58 ../../external/gcc/LPC1768/libc.a(lib_a-callocr.o)
                0x00000000000041a6                _calloc_r
 *fill*         0x00000000000041fe        0x2 00
 .text          0x0000000000004200      0x278 /Users/dbanks/mbed_offline/arm-2011.03/bin/../lib/gcc/arm-none-eabi/4.5.2/thumb2/libgcc.a(_udivsi3.o)
                0x0000000000004200                __udivsi3
                0x0000000000004200                __aeabi_uidiv
                0x000000000000445c                __aeabi_uidivmod
 .text          0x0000000000004478      0x2b0 /Users/dbanks/mbed_offline/arm-2011.03/bin/../lib/gcc/arm-none-eabi/4.5.2/thumb2/libgcc.a(_divsi3.o)
                0x0000000000004478                __aeabi_idiv
                0x0000000000004478                __divsi3
                0x000000000000470c                __aeabi_idivmod
 .text          0x0000000000004728        0x4 /Users/dbanks/mbed_offline/arm-2011.03/bin/../lib/gcc/arm-none-eabi/4.5.2/thumb2/libgcc.a(_dvmd_tls.o)
                0x0000000000004728                __aeabi_ldiv0
                0x0000000000004728                __aeabi_idiv0
 .text          0x000000000000472c      0x110 /Users/dbanks/mbed_offline/arm-2011.03/bin/../lib/gcc/arm-none-eabi/4.5.2/thumb2/libgcc.a(_arm_cmpdf2.o)
                0x000000000000472c                __gtdf2
                0x000000000000472c                __gedf2
                0x0000000000004734                __ltdf2
                0x0000000000004734                __ledf2
                0x000000000000473c                __eqdf2
                0x000000000000473c                __nedf2
                0x000000000000473c                __cmpdf2
                0x00000000000047b8                __aeabi_cdrcmple
                0x00000000000047c8                __aeabi_cdcmple
                0x00000000000047c8                __aeabi_cdcmpeq
                0x00000000000047d8                __aeabi_dcmpeq
                0x00000000000047ec                __aeabi_dcmplt
                0x0000000000004800                __aeabi_dcmple
                0x0000000000004814                __aeabi_dcmpge
                0x0000000000004828                __aeabi_dcmpgt
 .text          0x000000000000483c       0x2c /Users/dbanks/mbed_offline/arm-2011.03/bin/../lib/gcc/arm-none-eabi/4.5.2/thumb2/libgcc.a(_aeabi_uldivmod.o)
                0x000000000000483c                __aeabi_uldivmod
 .text          0x0000000000004868       0x60 /Users/dbanks/mbed_offline/arm-2011.03/bin/../lib/gcc/arm-none-eabi/4.5.2/thumb2/libgcc.a(bpabi.o)
                0x0000000000004868                __gnu_ldivmod_helper
                0x0000000000004898                __gnu_uldivmod_helper
 .text          0x00000000000048c8      0x360 /Users/dbanks/mbed_offline/arm-2011.03/bin/../lib/gcc/arm-none-eabi/4.5.2/thumb2/libgcc.a(_divdi3.o)
                0x00000000000048c8                __divdi3
 .text          0x0000000000004c28      0x308 /Users/dbanks/mbed_offline/arm-2011.03/bin/../lib/gcc/arm-none-eabi/4.5.2/thumb2/libgcc.a(_udivdi3.o)
                0x0000000000004c28                __udivdi3
 *(.gnu.linkonce.t.*)
 *(.glue_7)
 .glue_7        0x0000000000000000        0x0 linker stubs
 *(.glue_7t)
 .glue_7t       0x0000000000000000        0x0 linker stubs
 *(.gcc_except_table)
 *(.rodata .rodata*)
 .rodata._ZTVN10__cxxabiv117__class_type_infoE
                0x0000000000004f30       0x30 ../../external/gcc/LPC1768/libstdc++.a(class_type_info.o)
                0x0000000000004f30                _ZTVN10__cxxabiv117__class_type_infoE
 .rodata._ZTIN10__cxxabiv117__class_type_infoE
                0x0000000000004f60        0xc ../../external/gcc/LPC1768/libstdc++.a(class_type_info.o)
                0x0000000000004f60                _ZTIN10__cxxabiv117__class_type_infoE
 .rodata._ZTSN10__cxxabiv117__class_type_infoE
                0x0000000000004f6c       0x22 ../../external/gcc/LPC1768/libstdc++.a(class_type_info.o)
                0x0000000000004f6c                _ZTSN10__cxxabiv117__class_type_infoE
 *fill*         0x0000000000004f8e        0x2 00
 .rodata._ZTVN10__cxxabiv120__si_class_type_infoE
                0x0000000000004f90       0x30 ../../external/gcc/LPC1768/libstdc++.a(si_class_type_info.o)
                0x0000000000004f90                _ZTVN10__cxxabiv120__si_class_type_infoE
 .rodata._ZTIN10__cxxabiv120__si_class_type_infoE
                0x0000000000004fc0        0xc ../../external/gcc/LPC1768/libstdc++.a(si_class_type_info.o)
                0x0000000000004fc0                _ZTIN10__cxxabiv120__si_class_type_infoE
 .rodata._ZTSN10__cxxabiv120__si_class_type_infoE
                0x0000000000004fcc       0x25 ../../external/gcc/LPC1768/libstdc++.a(si_class_type_info.o)
                0x0000000000004fcc                _ZTSN10__cxxabiv120__si_class_type_infoE
 *fill*         0x0000000000004ff1        0x3 00
 .rodata._ZTISt9type_info
                0x0000000000004ff4        0x8 ../../external/gcc/LPC1768/libstdc++.a(tinfo.o)
                0x0000000000004ff4                _ZTISt9type_info
 .rodata._ZTSSt9type_info
                0x0000000000004ffc        0xd ../../external/gcc/LPC1768/libstdc++.a(tinfo.o)
                0x0000000000004ffc                _ZTSSt9type_info
 *fill*         0x0000000000005009        0x7 00
 .rodata._ZTVSt9type_info
                0x0000000000005010       0x20 ../../external/gcc/LPC1768/libstdc++.a(tinfo.o)
                0x0000000000005010                _ZTVSt9type_info
 .rodata.str1.1
                0x0000000000005030        0x2 ../../external/gcc/LPC1768/libc.a(lib_a-impure.o)
 *fill*         0x0000000000005032        0x2 00
 .rodata._global_impure_ptr
                0x0000000000005034        0x4 ../../external/gcc/LPC1768/libc.a(lib_a-impure.o)
                0x0000000000005034                _global_impure_ptr
 .rodata.zeroes.6599
                0x0000000000005038       0x10 ../../external/gcc/LPC1768/libc.a(lib_a-svfprintf.o)
 .rodata.str1.1
                0x0000000000005048       0x34 ../../external/gcc/LPC1768/libc.a(lib_a-svfprintf.o)
 .rodata.blanks.6598
                0x000000000000507c       0x10 ../../external/gcc/LPC1768/libc.a(lib_a-svfprintf.o)
 .rodata._ctype_
                0x000000000000508c      0x101 ../../external/gcc/LPC1768/libc.a(lib_a-ctype_.o)
                0x000000000000508c                _ctype_
 .rodata.str1.1
                0x000000000000518d        0xd ../../external/gcc/LPC1768/libc.a(lib_a-dtoa.o)
                                          0xf (size before relaxing)
 *fill*         0x000000000000519a        0x2 00
 .rodata.__sf_fake_stdin
                0x000000000000519c       0x20 ../../external/gcc/LPC1768/libc.a(lib_a-findfp.o)
                0x000000000000519c                __sf_fake_stdin
 .rodata.__sf_fake_stdout
                0x00000000000051bc       0x20 ../../external/gcc/LPC1768/libc.a(lib_a-findfp.o)
                0x00000000000051bc                __sf_fake_stdout
 .rodata.__sf_fake_stderr
                0x00000000000051dc       0x20 ../../external/gcc/LPC1768/libc.a(lib_a-findfp.o)
                0x00000000000051dc                __sf_fake_stderr
 .rodata.str1.1
                0x00000000000051fc        0x8 ../../external/gcc/LPC1768/libc.a(lib_a-locale.o)
                                          0xb (size before relaxing)
 .rodata.p05.5124
                0x0000000000005204        0xc ../../external/gcc/LPC1768/libc.a(lib_a-mprec.o)
 .rodata.__mprec_tens
                0x0000000000005210       0xc8 ../../external/gcc/LPC1768/libc.a(lib_a-mprec.o)
                0x0000000000005210                __mprec_tens
 .rodata.__mprec_bigtens
                0x00000000000052d8       0x28 ../../external/gcc/LPC1768/libc.a(lib_a-mprec.o)
                0x00000000000052d8                __mprec_bigtens
 *(.gnu.linkonce.r.*)
                0x0000000000005300                . = ALIGN (0x4)
 *(.init)
 .init          0x0000000000005300        0x4 /Users/dbanks/mbed_offline/arm-2011.03/bin/../lib/gcc/arm-none-eabi/4.5.2/thumb2/crti.o
                0x0000000000005300                _init
 .init          0x0000000000005304        0x8 /Users/dbanks/mbed_offline/arm-2011.03/bin/../lib/gcc/arm-none-eabi/4.5.2/thumb2/crtn.o
                0x000000000000530c                . = ALIGN (0x4)
                0x000000000000530c                __preinit_array_start = .
 *(.preinit_array)
 .preinit_array
                0x000000000000530c        0x4 ../../external/gcc/LPC1768/libc.a(lib_a-clibabi_stdio.o)
                0x0000000000005310                __preinit_array_end = .
                0x0000000000005310                . = ALIGN (0x4)
                0x0000000000005310                __init_array_start = .
 *(SORT(.init_array.*))
 *(.init_array)
 .init_array    0x0000000000005310        0x4 /Users/dbanks/mbed_offline/arm-2011.03/bin/../lib/gcc/arm-none-eabi/4.5.2/thumb2/crtbegin.o
 .init_array    0x0000000000005314        0x4 ./main.o
                0x0000000000005318                __init_array_end = .
                0x0000000000005318                . = ALIGN (0x4)
 *crtbegin.o(.ctors)
 *(EXCLUDE_FILE(*crtend.o) .ctors)
 *(SORT(.ctors.*))
 *crtend.o(.ctors)
                0x0000000000005318                . = ALIGN (0x4)
 *(.fini)
 .fini          0x0000000000005318        0x4 /Users/dbanks/mbed_offline/arm-2011.03/bin/../lib/gcc/arm-none-eabi/4.5.2/thumb2/crti.o
                0x0000000000005318                _fini
 .fini          0x000000000000531c        0x8 /Users/dbanks/mbed_offline/arm-2011.03/bin/../lib/gcc/arm-none-eabi/4.5.2/thumb2/crtn.o
                0x0000000000005324                . = ALIGN (0x4)
                0x0000000000005324                __fini_array_start = .
 *(.fini_array)
 .fini_array    0x0000000000005324        0x4 /Users/dbanks/mbed_offline/arm-2011.03/bin/../lib/gcc/arm-none-eabi/4.5.2/thumb2/crtbegin.o
 *(SORT(.fini_array.*))
                0x0000000000005328                __fini_array_end = .
                0x0000000000005328                . = ALIGN (0x4)
 *crtbegin.o(.dtors)
 *(EXCLUDE_FILE(*crtend.o) .dtors)
 *(SORT(.dtors.*))
 *crtend.o(.dtors)
                0x0000000000005328                _etext = .
                0x0000000000005328                _sifastcode = .
                0x0000000000005328                __exidx_start = .

.vfp11_veneer   0x0000000000005328        0x0
 .vfp11_veneer  0x0000000000000000        0x0 linker stubs

.v4_bx          0x0000000000005328        0x0
 .v4_bx         0x0000000000000000        0x0 linker stubs

i._ZN4mbed10DigitalOut15get_rpc_methodsEv
                0x0000000000005328        0x8
 i._ZN4mbed10DigitalOut15get_rpc_methodsEv
                0x0000000000005328        0x8 ../../external/mbed/LPC1768/mbed.ar(DigitalOut.LPC1768.o)
                0x0000000000005328                _ZN4mbed10DigitalOut15get_rpc_methodsEv

i._ZN4mbed10DigitalOutC1E7PinNamePKc
                0x0000000000005330       0x3c
 i._ZN4mbed10DigitalOutC1E7PinNamePKc
                0x0000000000005330       0x3c ../../external/mbed/LPC1768/mbed.ar(DigitalOut.LPC1768.o)
                0x0000000000005330                _ZN4mbed10DigitalOutC1E7PinNamePKc
                0x0000000000005330                _ZN4mbed10DigitalOutC2E7PinNamePKc

i._ZN4mbed10DigitalOutD1Ev
                0x000000000000536c        0x4
 i._ZN4mbed10DigitalOutD1Ev
                0x000000000000536c        0x4 ../../external/mbed/LPC1768/mbed.ar(DigitalOut.LPC1768.o)
                0x000000000000536c                _ZN4mbed10DigitalOutD2Ev
                0x000000000000536c                _ZN4mbed10DigitalOutD1Ev

t._ZN4mbed17rpc_method_callerINS_10DigitalOutEiXadL_ZNS1_5writeEiEEEEvPNS_4BaseEPKcPc
                0x0000000000005370       0x78
 t._ZN4mbed17rpc_method_callerINS_10DigitalOutEiXadL_ZNS1_5writeEiEEEEvPNS_4BaseEPKcPc
                0x0000000000005370       0x78 ../../external/mbed/LPC1768/mbed.ar(DigitalOut.LPC1768.o)
                0x0000000000005370                _ZN4mbed17rpc_method_callerINS_10DigitalOutEiXadL_ZNS1_5writeEiEEEEvPNS_4BaseEPKcPc

t._ZN4mbed17rpc_method_callerIiNS_10DigitalOutEXadL_ZNS1_4readEvEEEEvPNS_4BaseEPKcPc
                0x00000000000053e8       0x38
 t._ZN4mbed17rpc_method_callerIiNS_10DigitalOutEXadL_ZNS1_4readEvEEEEvPNS_4BaseEPKcPc
                0x00000000000053e8       0x38 ../../external/mbed/LPC1768/mbed.ar(DigitalOut.LPC1768.o)
                0x00000000000053e8                _ZN4mbed17rpc_method_callerIiNS_10DigitalOutEXadL_ZNS1_4readEvEEEEvPNS_4BaseEPKcPc

t._ZN4mbed9rpc_superINS_4BaseEEEPKNS_10rpc_methodEPS1_
                0x0000000000005420        0x4
 t._ZN4mbed9rpc_superINS_4BaseEEEPKNS_10rpc_methodEPS1_
                0x0000000000005420        0x4 ../../external/mbed/LPC1768/mbed.ar(DigitalOut.LPC1768.o)
                0x0000000000005420                _ZN4mbed9rpc_superINS_4BaseEEEPKNS_10rpc_methodEPS1_

i._ZN4mbed10DigitalOut5writeEi
                0x0000000000005424        0xe
 i._ZN4mbed10DigitalOut5writeEi
                0x0000000000005424        0xe ../../external/mbed/LPC1768/mbed.ar(DigitalOut.LPC1768.o)
                0x0000000000005424                _ZN4mbed10DigitalOut5writeEi

i._ZN4mbed10DigitalOut4readEv
                0x0000000000005432        0xe
 i._ZN4mbed10DigitalOut4readEv
                0x0000000000005432        0xe ../../external/mbed/LPC1768/mbed.ar(DigitalOut.LPC1768.o)
                0x0000000000005432                _ZN4mbed10DigitalOut4readEv

i._ZN4mbed10DigitalOutD0Ev
                0x0000000000005440        0xe
 i._ZN4mbed10DigitalOutD0Ev
                0x0000000000005440        0xe ../../external/mbed/LPC1768/mbed.ar(DigitalOut.LPC1768.o)
                0x0000000000005440                _ZN4mbed10DigitalOutD0Ev

i._ZN4mbed10parse_charEPKcPS1_
                0x000000000000544e       0xa2
 i._ZN4mbed10parse_charEPKcPS1_
                0x000000000000544e       0xa2 ../../external/mbed/LPC1768/mbed.ar(DigitalOut.LPC1768.o)
                0x000000000000544e                _ZN4mbed10parse_charEPKcPS1_

i._ZN4mbed4Base11delete_selfEv
                0x00000000000054f0       0x1e
 i._ZN4mbed4Base11delete_selfEv
                0x00000000000054f0       0x1e ../../external/mbed/LPC1768/mbed.ar(Base.LPC1768.o)
                0x00000000000054f0                _ZN4mbed4Base11delete_selfEv

i._ZN4mbed4Base15get_rpc_methodsEv
                0x0000000000005510        0x8
 i._ZN4mbed4Base15get_rpc_methodsEv
                0x0000000000005510        0x8 ../../external/mbed/LPC1768/mbed.ar(Base.LPC1768.o)
                0x0000000000005510                _ZN4mbed4Base15get_rpc_methodsEv

i._ZN4mbed4Base3rpcEPKcS2_Pc
                0x0000000000005518       0x98
 i._ZN4mbed4Base3rpcEPKcS2_Pc
                0x0000000000005518       0x98 ../../external/mbed/LPC1768/mbed.ar(Base.LPC1768.o)
                0x0000000000005518                _ZN4mbed4Base3rpcEPKcS2_Pc

i._ZN4mbed4Base5clearEPKcPc
                0x00000000000055b0       0x30
 i._ZN4mbed4Base5clearEPKcPc
                0x00000000000055b0       0x30 ../../external/mbed/LPC1768/mbed.ar(Base.LPC1768.o)
                0x00000000000055b0                _ZN4mbed4Base5clearEPKcPc

i._ZN4mbed4Base9list_objsEPKcPc
                0x00000000000055e0       0x40
 i._ZN4mbed4Base9list_objsEPKcPc
                0x00000000000055e0       0x40 ../../external/mbed/LPC1768/mbed.ar(Base.LPC1768.o)
                0x00000000000055e0                _ZN4mbed4Base9list_objsEPKcPc

i._ZN4mbed4BaseC1EPKc
                0x0000000000005620       0x24
 i._ZN4mbed4BaseC1EPKc
                0x0000000000005620       0x24 ../../external/mbed/LPC1768/mbed.ar(Base.LPC1768.o)
                0x0000000000005620                _ZN4mbed4BaseC1EPKc
                0x0000000000005620                _ZN4mbed4BaseC2EPKc

i._ZN4mbed4BaseD0Ev
                0x0000000000005644       0x34
 i._ZN4mbed4BaseD0Ev
                0x0000000000005644       0x34 ../../external/mbed/LPC1768/mbed.ar(Base.LPC1768.o)
                0x0000000000005644                _ZN4mbed4BaseD0Ev

i._ZN4mbed4BaseD1Ev
                0x0000000000005678       0x38
 i._ZN4mbed4BaseD1Ev
                0x0000000000005678       0x38 ../../external/mbed/LPC1768/mbed.ar(Base.LPC1768.o)
                0x0000000000005678                _ZN4mbed4BaseD1Ev
                0x0000000000005678                _ZN4mbed4BaseD2Ev

t._ZN4mbed17rpc_method_callerINS_4BaseEXadL_ZNS1_11delete_selfEvEEEEvPS1_PKcPc
                0x00000000000056b0       0x28
 t._ZN4mbed17rpc_method_callerINS_4BaseEXadL_ZNS1_11delete_selfEvEEEEvPS1_PKcPc
                0x00000000000056b0       0x28 ../../external/mbed/LPC1768/mbed.ar(Base.LPC1768.o)
                0x00000000000056b0                _ZN4mbed17rpc_method_callerINS_4BaseEXadL_ZNS1_11delete_selfEvEEEEvPS1_PKcPc

.emb_text       0x00000000000056d8       0x20
 .emb_text      0x00000000000056d8       0x20 ../../external/mbed/LPC1768/capi.ar(core_cm3.LPC1768.o)
                0x00000000000056d8                __get_PSP
                0x00000000000056de                __set_PSP
                0x00000000000056e4                __get_MSP
                0x00000000000056ea                __set_MSP
                0x00000000000056f0                __REV16
                0x00000000000056f4                __REVSH

i.exit          0x00000000000056f8       0x16
 i.exit         0x00000000000056f8       0x16 ../../external/mbed/LPC1768/capi.ar(exit.LPC1768.o)
                0x00000000000056f8                exit

i.pin_function  0x0000000000005710       0x38
 i.pin_function
                0x0000000000005710       0x38 ../../external/mbed/LPC1768/capi.ar(pinmap.LPC1768.o)
                0x0000000000005710                pin_function

i.pin_mode      0x0000000000005748       0x68
 i.pin_mode     0x0000000000005748       0x68 ../../external/mbed/LPC1768/capi.ar(pinmap.LPC1768.o)
                0x0000000000005748                pin_mode

i.wait          0x00000000000057b0       0x30
 i.wait         0x00000000000057b0       0x30 ../../external/mbed/LPC1768/capi.ar(wait_api.LPC1768.o)
                0x00000000000057b0                wait

i.wait_ms       0x00000000000057e0       0x1c
 i.wait_ms      0x00000000000057e0       0x1c ../../external/mbed/LPC1768/capi.ar(wait_api.LPC1768.o)
                0x00000000000057e0                wait_ms

i.gpio_output   0x00000000000057fc       0x30
 i.gpio_output  0x00000000000057fc       0x30 ../../external/mbed/LPC1768/capi.ar(gpio_api.LPC1768.o)
                0x00000000000057fc                gpio_output

i.gpio_write    0x000000000000582c       0x18
 i.gpio_write   0x000000000000582c       0x18 ../../external/mbed/LPC1768/capi.ar(gpio_api.LPC1768.o)
                0x000000000000582c                gpio_write

i.semihost_exit
                0x0000000000005844        0xc
 i.semihost_exit
                0x0000000000005844        0xc ../../external/mbed/LPC1768/capi.ar(semihost_api.LPC1768.o)
                0x0000000000005844                semihost_exit

i.us_ticker_read
                0x0000000000005850       0x38
 i.us_ticker_read
                0x0000000000005850       0x38 ../../external/mbed/LPC1768/capi.ar(us_ticker_api.LPC1768.o)
                0x0000000000005850                us_ticker_read

i.mbed_die      0x0000000000005888       0x78
 i.mbed_die     0x0000000000005888       0x78 ../../external/mbed/LPC1768/capi.ar(utils_api.LPC1768.o)
                0x0000000000005888                mbed_die

i.timer_frequency
                0x0000000000005900       0x14
 i.timer_frequency
                0x0000000000005900       0x14 ../../external/mbed/LPC1768/capi.ar(timer_api.LPC1768.o)
                0x0000000000005900                timer_frequency

i.timer_init    0x0000000000005914       0x70
 i.timer_init   0x0000000000005914       0x70 ../../external/mbed/LPC1768/capi.ar(timer_api.LPC1768.o)
                0x0000000000005914                timer_init

i.timer_read    0x0000000000005984        0x4
 i.timer_read   0x0000000000005984        0x4 ../../external/mbed/LPC1768/capi.ar(timer_api.LPC1768.o)
                0x0000000000005984                timer_read

i.timer_start   0x0000000000005988        0xc
 i.timer_start  0x0000000000005988        0xc ../../external/mbed/LPC1768/capi.ar(timer_api.LPC1768.o)
                0x0000000000005988                timer_start

.constdata      0x0000000000005994       0x58
 .constdata     0x0000000000005994       0x28 ../../external/mbed/LPC1768/mbed.ar(DigitalOut.LPC1768.o)
 .constdata     0x00000000000059bc       0x18 ../../external/mbed/LPC1768/mbed.ar(Base.LPC1768.o)
 .constdata     0x00000000000059d4       0x18 ../../external/mbed/LPC1768/mbed.ar(Base.LPC1768.o)
                0x00000000000059d4                _ZN4mbed4Base11_base_funcsE

.conststring    0x00000000000059ec       0x30
 .conststring   0x00000000000059ec       0x16 ../../external/mbed/LPC1768/mbed.ar(DigitalOut.LPC1768.o)
 .conststring   0x0000000000005a02        0x7 ../../external/mbed/LPC1768/mbed.ar(Base.LPC1768.o)
 .conststring   0x0000000000005a09        0xe ../../external/mbed/LPC1768/mbed.ar(Base.LPC1768.o)
 .conststring   0x0000000000005a17        0x5 ../../external/mbed/LPC1768/mbed.ar(Base.LPC1768.o)

.constdata__ZTVN4mbed10DigitalOutE
                0x0000000000005a1c       0x18
 .constdata__ZTVN4mbed10DigitalOutE
                0x0000000000005a1c       0x18 ../../external/mbed/LPC1768/mbed.ar(DigitalOut.LPC1768.o)
                0x0000000000005a1c                _ZTVN4mbed10DigitalOutE

.constdata___ARM__ZN4mbed12write_resultIiEEvT_Pc_anon0
                0x0000000000005a34        0x3
 .constdata___ARM__ZN4mbed12write_resultIiEEvT_Pc_anon0
                0x0000000000005a34        0x3 ../../external/mbed/LPC1768/mbed.ar(DigitalOut.LPC1768.o)
                0x0000000000005a34                __ARM__ZN4mbed12write_resultIiEEvT_Pc_anon0

.constdata__ZTIN4mbed10DigitalOutE
                0x0000000000005a38        0xc
 .constdata__ZTIN4mbed10DigitalOutE
                0x0000000000005a38        0xc ../../external/mbed/LPC1768/mbed.ar(DigitalOut.LPC1768.o)
                0x0000000000005a38                _ZTIN4mbed10DigitalOutE

.constdata__ZTSN4mbed10DigitalOutE
                0x0000000000005a44       0x14
 .constdata__ZTSN4mbed10DigitalOutE
                0x0000000000005a44       0x14 ../../external/mbed/LPC1768/mbed.ar(DigitalOut.LPC1768.o)
                0x0000000000005a44                _ZTSN4mbed10DigitalOutE

.constdata__ZTVN4mbed4BaseE
                0x0000000000005a58       0x18
 .constdata__ZTVN4mbed4BaseE
                0x0000000000005a58       0x18 ../../external/mbed/LPC1768/mbed.ar(Base.LPC1768.o)
                0x0000000000005a58                _ZTVN4mbed4BaseE

.constdata__ZTIN4mbed4BaseE
                0x0000000000005a70        0x8
 .constdata__ZTIN4mbed4BaseE
                0x0000000000005a70        0x8 ../../external/mbed/LPC1768/mbed.ar(Base.LPC1768.o)
                0x0000000000005a70                _ZTIN4mbed4BaseE

.constdata__ZTSN4mbed4BaseE
                0x0000000000005a78        0xd
 .constdata__ZTSN4mbed4BaseE
                0x0000000000005a78        0xd ../../external/mbed/LPC1768/mbed.ar(Base.LPC1768.o)
                0x0000000000005a78                _ZTSN4mbed4BaseE

.ARM.exidx      0x0000000000005a88        0x8
 *(.ARM.exidx* .gnu.linkonce.armexidx.*)
 .ARM.exidx     0x0000000000005a90        0x0 ../../external/mbed/LPC1768/mbed.ar(DigitalOut.LPC1768.o)
                                          0x8 (size before relaxing)
 .ARM.exidx     0x0000000000005a90        0x0 ../../external/mbed/LPC1768/mbed.ar(DigitalOut.LPC1768.o)
                                          0x8 (size before relaxing)
 .ARM.exidx     0x0000000000005a90        0x0 ../../external/mbed/LPC1768/mbed.ar(DigitalOut.LPC1768.o)
                                          0x8 (size before relaxing)
 .ARM.exidx     0x0000000000005a90        0x0 ../../external/mbed/LPC1768/mbed.ar(DigitalOut.LPC1768.o)
                                          0x8 (size before relaxing)
 .ARM.exidx     0x0000000000005a90        0x0 ../../external/mbed/LPC1768/mbed.ar(DigitalOut.LPC1768.o)
                                          0x8 (size before relaxing)
 .ARM.exidx     0x0000000000005a90        0x0 ../../external/mbed/LPC1768/mbed.ar(DigitalOut.LPC1768.o)
                                          0x8 (size before relaxing)
 .ARM.exidx     0x0000000000005a90        0x0 ../../external/mbed/LPC1768/mbed.ar(DigitalOut.LPC1768.o)
                                          0x8 (size before relaxing)
 .ARM.exidx     0x0000000000005a90        0x0 ../../external/mbed/LPC1768/mbed.ar(DigitalOut.LPC1768.o)
                                          0x8 (size before relaxing)
 .ARM.exidx     0x0000000000005a90        0x0 ../../external/mbed/LPC1768/mbed.ar(DigitalOut.LPC1768.o)
                                          0x8 (size before relaxing)
 .ARM.exidx     0x0000000000005a90        0x0 ../../external/mbed/LPC1768/mbed.ar(DigitalOut.LPC1768.o)
                                          0x8 (size before relaxing)
 .ARM.exidx     0x0000000000005a90        0x0 ../../external/mbed/LPC1768/mbed.ar(Base.LPC1768.o)
                                          0x8 (size before relaxing)
 .ARM.exidx     0x0000000000005a90        0x0 ../../external/mbed/LPC1768/mbed.ar(Base.LPC1768.o)
                                          0x8 (size before relaxing)
 .ARM.exidx     0x0000000000005a90        0x0 ../../external/mbed/LPC1768/mbed.ar(Base.LPC1768.o)
                                          0x8 (size before relaxing)
 .ARM.exidx     0x0000000000005a90        0x0 ../../external/mbed/LPC1768/mbed.ar(Base.LPC1768.o)
                                          0x8 (size before relaxing)
 .ARM.exidx     0x0000000000005a90        0x0 ../../external/mbed/LPC1768/mbed.ar(Base.LPC1768.o)
                                          0x8 (size before relaxing)
 .ARM.exidx     0x0000000000005a90        0x0 ../../external/mbed/LPC1768/mbed.ar(Base.LPC1768.o)
                                          0x8 (size before relaxing)
 .ARM.exidx     0x0000000000005a90        0x0 ../../external/mbed/LPC1768/mbed.ar(Base.LPC1768.o)
                                          0x8 (size before relaxing)
 .ARM.exidx     0x0000000000005a90        0x0 ../../external/mbed/LPC1768/mbed.ar(Base.LPC1768.o)
                                          0x8 (size before relaxing)
 .ARM.exidx     0x0000000000005a90        0x0 ../../external/mbed/LPC1768/mbed.ar(Base.LPC1768.o)
                                          0x8 (size before relaxing)
 .ARM.exidx     0x0000000000005a88        0x8 /Users/dbanks/mbed_offline/arm-2011.03/bin/../lib/gcc/arm-none-eabi/4.5.2/thumb2/libgcc.a(_divdi3.o)
 .ARM.exidx     0x0000000000005a90        0x0 /Users/dbanks/mbed_offline/arm-2011.03/bin/../lib/gcc/arm-none-eabi/4.5.2/thumb2/libgcc.a(_udivdi3.o)
                                          0x8 (size before relaxing)
                0x0000000000005a90                __exidx_end = .

.data           0x0000000010000000      0x564 load address 0x0000000000005a90
                0x0000000000005a90                _sidata = LOADADDR (.data)
                0x0000000010000000                . = ALIGN (0x4)
                0x0000000010000000                _sdata = .
 *(.ARM.__AT_0x10000000)
 *(vtable vtable.*)
 *(.data .data.*)
 .data          0x0000000010000000        0x4 /Users/dbanks/mbed_offline/arm-2011.03/bin/../lib/gcc/arm-none-eabi/4.5.2/thumb2/crtbegin.o
                0x0000000010000000                __dso_handle
 .data.blink    0x0000000010000004        0x4 ./main.o
                0x0000000010000004                blink
 .data          0x0000000010000008        0x8 ../../external/mbed/LPC1768/mbed.ar(Base.LPC1768.o)
                0x0000000010000008                _ZN4mbed4Base5_headE
                0x000000001000000c                _ZN4mbed4Base8_classesE
 .data          0x0000000010000010        0xc ../../external/mbed/LPC1768/mbed.ar(Base.LPC1768.o)
                0x0000000010000010                _ZN4mbed4Base11_base_classE
 .data          0x000000001000001c        0x4 ../../external/mbed/LPC1768/capi.ar(system_LPC17xx.LPC1768.o)
                0x000000001000001c                SystemCoreClock
 .data          0x0000000010000020        0x4 ../../external/mbed/LPC1768/capi.ar(us_ticker_api.LPC1768.o)
 .data.impure_data
                0x0000000010000024       0xf0 ../../external/gcc/LPC1768/libc.a(lib_a-impure.o)
 .data._impure_ptr
                0x0000000010000114        0x4 ../../external/gcc/LPC1768/libc.a(lib_a-impure.o)
                0x0000000010000114                _impure_ptr
 .data.__malloc_av_
                0x0000000010000118      0x408 ../../external/gcc/LPC1768/libc.a(lib_a-mallocr.o)
                0x0000000010000118                __malloc_av_
 .data.__malloc_trim_threshold
                0x0000000010000520        0x4 ../../external/gcc/LPC1768/libc.a(lib_a-mallocr.o)
                0x0000000010000520                __malloc_trim_threshold
 .data.__malloc_sbrk_base
                0x0000000010000524        0x4 ../../external/gcc/LPC1768/libc.a(lib_a-mallocr.o)
                0x0000000010000524                __malloc_sbrk_base
 .data.__ctype_ptr__
                0x0000000010000528        0x4 ../../external/gcc/LPC1768/libc.a(lib_a-ctype_.o)
                0x0000000010000528                __ctype_ptr__
 .data.lconv    0x000000001000052c       0x38 ../../external/gcc/LPC1768/libc.a(lib_a-locale.o)
 *(.gnu.linkonce.d*)
                0x0000000010000564                . = ALIGN (0x4)
                0x0000000010000564                _edata = .

.jcr            0x0000000010000564        0x0 load address 0x0000000000005ff4
 .jcr           0x0000000010000564        0x0 /Users/dbanks/mbed_offline/arm-2011.03/bin/../lib/gcc/arm-none-eabi/4.5.2/thumb2/crtbegin.o

.bss            0x0000000010000564       0x84 load address 0x0000000000005ff4
                0x0000000010000564                . = ALIGN (0x4)
                0x0000000010000564                _sbss = .
 *(.bss .bss.*)
 .bss           0x0000000010000564        0x1 /Users/dbanks/mbed_offline/arm-2011.03/bin/../lib/gcc/arm-none-eabi/4.5.2/thumb2/crtbegin.o
 *fill*         0x0000000010000565        0x3 00
 .bss._ZL8heap_end
                0x0000000010000568        0x4 ../../src/syscalls.o
 .bss.myled     0x000000001000056c       0x1c ./main.o
                0x000000001000056c                myled
 .bss.myled2    0x0000000010000588       0x1c ./main.o
                0x0000000010000588                myled2
 .bss.__malloc_max_total_mem
                0x00000000100005a4        0x4 ../../external/gcc/LPC1768/libc.a(lib_a-mallocr.o)
                0x00000000100005a4                __malloc_max_total_mem
 .bss.__malloc_max_sbrked_mem
                0x00000000100005a8        0x4 ../../external/gcc/LPC1768/libc.a(lib_a-mallocr.o)
                0x00000000100005a8                __malloc_max_sbrked_mem
 .bss.__malloc_top_pad
                0x00000000100005ac        0x4 ../../external/gcc/LPC1768/libc.a(lib_a-mallocr.o)
                0x00000000100005ac                __malloc_top_pad
 .bss.__malloc_current_mallinfo
                0x00000000100005b0       0x28 ../../external/gcc/LPC1768/libc.a(lib_a-mallocr.o)
                0x00000000100005b0                __malloc_current_mallinfo
 *(.gnu.linkonce.b*)
 *(COMMON)
 COMMON         0x00000000100005d8        0xc ../../external/gcc/LPC1768/libc.a(lib_a-clibabi_stdio.o)
                0x00000000100005d8                __aeabi_stdin
                0x00000000100005dc                __aeabi_stdout
                0x00000000100005e0                __aeabi_stderr
 COMMON         0x00000000100005e4        0x4 ../../external/gcc/LPC1768/libc.a(lib_a-reent.o)
                0x00000000100005e4                errno
                0x00000000100005e8                . = ALIGN (0x4)
                0x00000000100005e8                _ebss = .

.fastcode       0x00000000100005e8        0x0 load address 0x0000000000005ff4
                0x0000000000005ff4                _sifastcode = LOADADDR (.fastcode)
                0x00000000100005e8                . = ALIGN (0x4)
                0x00000000100005e8                _sfastcode = .
 *(.glue_7t)
 *(.glue_7)
 *(.fastcode)
                0x00000000100005e8                . = ALIGN (0x4)
                0x00000000100005e8                _efastcode = .

.stackarea      0x00000000100005e8        0x0 load address 0x0000000000005ff4
                0x00000000100005e8                . = ALIGN (0x8)
                0x00000000100005e8                _sstack = .
 *(.stackarea .stackarea.*)
                0x00000000100005e8                . = ALIGN (0x8)
                0x00000000100005e8                _estack = .
                0x00000000100005e8                . = ALIGN (0x4)
                0x00000000100005e8                _end = .
                0x00000000100005e8                PROVIDE (end, .)
                0x0000000010008000                _stack = 0x10008000

.AHBSRAM0
 *(AHBSRAM0)

.AHBSRAM1
 *(AHBSRAM1)

.stab
 *(.stab)

.stabstr
 *(.stabstr)

.stab.excl
 *(.stab.excl)

.stab.exclstr
 *(.stab.exclstr)

.stab.index
 *(.stab.index)

.stab.indexstr
 *(.stab.indexstr)

.debug
 *(.debug)

.line
 *(.line)

.debug_srcinfo
 *(.debug_srcinfo)

.debug_sfnames
 *(.debug_sfnames)

.ARM.attributes
                0x0000000000000000       0x2b
 .ARM.attributes
                0x0000000000000000       0x19 /Users/dbanks/mbed_offline/arm-2011.03/bin/../lib/gcc/arm-none-eabi/4.5.2/thumb2/crti.o
 .ARM.attributes
                0x0000000000000019       0x29 /Users/dbanks/mbed_offline/arm-2011.03/bin/../lib/gcc/arm-none-eabi/4.5.2/thumb2/crtbegin.o
 .ARM.attributes
                0x0000000000000042       0x31 ./foo.o
 .ARM.attributes
                0x0000000000000073       0x31 ../../src/gcc4mbed.o
 .ARM.attributes
                0x00000000000000a4       0x31 ../../src/syscalls.o
 .ARM.attributes
                0x00000000000000d5       0x31 ./main.o
 .ARM.attributes
                0x0000000000000106       0x48 ../../external/mbed/LPC1768/mbed.ar(DigitalOut.LPC1768.o)
 .ARM.attributes
                0x000000000000014e       0x48 ../../external/mbed/LPC1768/mbed.ar(Base.LPC1768.o)
 .ARM.attributes
                0x0000000000000196       0x48 ../../external/mbed/LPC1768/mbed.ar(stdio.LPC1768.o)
 .ARM.attributes
                0x00000000000001de       0x3e ../../external/mbed/LPC1768/capi.ar(startup_LPC17xx.LPC1768.o)
 .ARM.attributes
                0x000000000000021c       0x48 ../../external/mbed/LPC1768/capi.ar(system_LPC17xx.LPC1768.o)
 .ARM.attributes
                0x0000000000000264       0x49 ../../external/mbed/LPC1768/capi.ar(core_cm3.LPC1768.o)
 .ARM.attributes
                0x00000000000002ad       0x48 ../../external/mbed/LPC1768/capi.ar(serial_api.LPC1768.o)
 .ARM.attributes
                0x00000000000002f5       0x48 ../../external/mbed/LPC1768/capi.ar(exit.LPC1768.o)
 .ARM.attributes
                0x000000000000033d       0x48 ../../external/mbed/LPC1768/capi.ar(pinmap.LPC1768.o)
 .ARM.attributes
                0x0000000000000385       0x48 ../../external/mbed/LPC1768/capi.ar(wait_api.LPC1768.o)
 .ARM.attributes
                0x00000000000003cd       0x48 ../../external/mbed/LPC1768/capi.ar(gpio_api.LPC1768.o)
 .ARM.attributes
                0x0000000000000415       0x48 ../../external/mbed/LPC1768/capi.ar(semihost_api.LPC1768.o)
 .ARM.attributes
                0x000000000000045d       0x48 ../../external/mbed/LPC1768/capi.ar(us_ticker_api.LPC1768.o)
 .ARM.attributes
                0x00000000000004a5       0x48 ../../external/mbed/LPC1768/capi.ar(utils_api.LPC1768.o)
 .ARM.attributes
                0x00000000000004ed       0x48 ../../external/mbed/LPC1768/capi.ar(timer_api.LPC1768.o)
 .ARM.attributes
                0x0000000000000535       0x29 ../../external/gcc/LPC1768/libstdc++.a(atexit_arm.o)
 .ARM.attributes
                0x000000000000055e       0x29 ../../external/gcc/LPC1768/libstdc++.a(class_type_info.o)
 .ARM.attributes
                0x0000000000000587       0x29 ../../external/gcc/LPC1768/libstdc++.a(del_op.o)
 .ARM.attributes
                0x00000000000005b0       0x29 ../../external/gcc/LPC1768/libstdc++.a(del_opv.o)
 .ARM.attributes
                0x00000000000005d9       0x29 ../../external/gcc/LPC1768/libstdc++.a(dyncast.o)
 .ARM.attributes
                0x0000000000000602       0x29 ../../external/gcc/LPC1768/libstdc++.a(new_op.o)
 .ARM.attributes
                0x000000000000062b       0x29 ../../external/gcc/LPC1768/libstdc++.a(new_opv.o)
 .ARM.attributes
                0x0000000000000654       0x29 ../../external/gcc/LPC1768/libstdc++.a(pure.o)
 .ARM.attributes
                0x000000000000067d       0x29 ../../external/gcc/LPC1768/libstdc++.a(si_class_type_info.o)
 .ARM.attributes
                0x00000000000006a6       0x29 ../../external/gcc/LPC1768/libstdc++.a(tinfo.o)
 .ARM.attributes
                0x00000000000006cf       0x29 ../../external/gcc/LPC1768/libstdc++.a(vmi_class_type_info.o)
 .ARM.attributes
                0x00000000000006f8       0x29 ../../external/gcc/LPC1768/libstdc++.a(eh_terminate.o)
 .ARM.attributes
                0x0000000000000721       0x29 ../../external/gcc/LPC1768/libstdc++.a(eh_unex_handler.o)
 .ARM.attributes
                0x000000000000074a       0x29 ../../external/gcc/LPC1768/libstdc++.a(new_handler.o)
 .ARM.attributes
                0x0000000000000773       0x29 ../../external/gcc/LPC1768/libstdc++.a(eh_exception.o)
 .ARM.attributes
                0x000000000000079c       0x29 ../../external/gcc/LPC1768/libstdc++.a(eh_term_handler.o)
 .ARM.attributes
                0x00000000000007c5       0x29 ../../external/gcc/LPC1768/libstdc++.a(vterminate.o)
 .ARM.attributes
                0x00000000000007ee       0x29 ../../external/gcc/LPC1768/libstdc++.a(cp-demangle.o)
 .ARM.attributes
                0x0000000000000817       0x29 ../../external/gcc/LPC1768/libstdc++.a(eh_type.o)
 .ARM.attributes
                0x0000000000000840       0x29 ../../external/gcc/LPC1768/libstdc++.a(eh_globals.o)
 .ARM.attributes
                0x0000000000000869       0x29 ../../external/gcc/LPC1768/libm.a(lib_a-s_scalbn.o)
 .ARM.attributes
                0x0000000000000892       0x29 ../../external/gcc/LPC1768/libm.a(lib_a-s_copysign.o)
 .ARM.attributes
                0x00000000000008bb       0x1b /Users/dbanks/mbed_offline/arm-2011.03/bin/../lib/gcc/arm-none-eabi/4.5.2/thumb2/libgcc.a(_arm_addsubdf3.o)
 .ARM.attributes
                0x00000000000008d6       0x1b /Users/dbanks/mbed_offline/arm-2011.03/bin/../lib/gcc/arm-none-eabi/4.5.2/thumb2/libgcc.a(_arm_muldivdf3.o)
 .ARM.attributes
                0x00000000000008f1       0x1b /Users/dbanks/mbed_offline/arm-2011.03/bin/../lib/gcc/arm-none-eabi/4.5.2/thumb2/libgcc.a(_arm_fixdfsi.o)
 .ARM.attributes
                0x000000000000090c       0x1b /Users/dbanks/mbed_offline/arm-2011.03/bin/../lib/gcc/arm-none-eabi/4.5.2/thumb2/libgcc.a(_arm_truncdfsf2.o)
 .ARM.attributes
                0x0000000000000927       0x1b /Users/dbanks/mbed_offline/arm-2011.03/bin/../lib/gcc/arm-none-eabi/4.5.2/thumb2/libgcc.a(_arm_addsubsf3.o)
 .ARM.attributes
                0x0000000000000942       0x1b /Users/dbanks/mbed_offline/arm-2011.03/bin/../lib/gcc/arm-none-eabi/4.5.2/thumb2/libgcc.a(_arm_muldivsf3.o)
 .ARM.attributes
                0x000000000000095d       0x1b /Users/dbanks/mbed_offline/arm-2011.03/bin/../lib/gcc/arm-none-eabi/4.5.2/thumb2/libgcc.a(_arm_cmpsf2.o)
 .ARM.attributes
                0x0000000000000978       0x29 ../../external/gcc/LPC1768/libc.a(lib_a-abort.o)
 .ARM.attributes
                0x00000000000009a1       0x29 ../../external/gcc/LPC1768/libc.a(lib_a-aeabi_memcpy.o)
 .ARM.attributes
                0x00000000000009ca       0x29 ../../external/gcc/LPC1768/libc.a(lib_a-clibabi_assert.o)
 .ARM.attributes
                0x00000000000009f3       0x29 ../../external/gcc/LPC1768/libc.a(lib_a-clibabi_ctype.o)
 .ARM.attributes
                0x0000000000000a1c       0x29 ../../external/gcc/LPC1768/libc.a(lib_a-clibabi_stdio.o)
 .ARM.attributes
                0x0000000000000a45       0x29 ../../external/gcc/LPC1768/libc.a(lib_a-cxa_atexit.o)
 .ARM.attributes
                0x0000000000000a6e       0x29 ../../external/gcc/LPC1768/libc.a(lib_a-fprintf.o)
 .ARM.attributes
                0x0000000000000a97       0x29 ../../external/gcc/LPC1768/libc.a(lib_a-fputs.o)
 .ARM.attributes
                0x0000000000000ac0       0x29 ../../external/gcc/LPC1768/libc.a(lib_a-fvwrite.o)
 .ARM.attributes
                0x0000000000000ae9       0x29 ../../external/gcc/LPC1768/libc.a(lib_a-fwrite.o)
 .ARM.attributes
                0x0000000000000b12       0x29 ../../external/gcc/LPC1768/libc.a(lib_a-impure.o)
 .ARM.attributes
                0x0000000000000b3b       0x29 ../../external/gcc/LPC1768/libc.a(lib_a-init.o)
 .ARM.attributes
                0x0000000000000b64       0x29 ../../external/gcc/LPC1768/libc.a(lib_a-malloc.o)
 .ARM.attributes
                0x0000000000000b8d       0x29 ../../external/gcc/LPC1768/libc.a(lib_a-mallocr.o)
 .ARM.attributes
                0x0000000000000bb6       0x29 ../../external/gcc/LPC1768/libc.a(lib_a-memchr.o)
 .ARM.attributes
                0x0000000000000bdf       0x29 ../../external/gcc/LPC1768/libc.a(lib_a-memcmp.o)
 .ARM.attributes
                0x0000000000000c08       0x29 ../../external/gcc/LPC1768/libc.a(lib_a-memcpy.o)
 .ARM.attributes
                0x0000000000000c31       0x29 ../../external/gcc/LPC1768/libc.a(lib_a-memmove.o)
 .ARM.attributes
                0x0000000000000c5a       0x29 ../../external/gcc/LPC1768/libc.a(lib_a-mlock.o)
 .ARM.attributes
                0x0000000000000c83       0x29 ../../external/gcc/LPC1768/libc.a(lib_a-realloc.o)
 .ARM.attributes
                0x0000000000000cac       0x29 ../../external/gcc/LPC1768/libc.a(lib_a-reallocr.o)
 .ARM.attributes
                0x0000000000000cd5       0x29 ../../external/gcc/LPC1768/libc.a(lib_a-reent.o)
 .ARM.attributes
                0x0000000000000cfe       0x29 ../../external/gcc/LPC1768/libc.a(lib_a-sbrkr.o)
 .ARM.attributes
                0x0000000000000d27       0x29 ../../external/gcc/LPC1768/libc.a(lib_a-signal.o)
 .ARM.attributes
                0x0000000000000d50       0x29 ../../external/gcc/LPC1768/libc.a(lib_a-signalr.o)
 .ARM.attributes
                0x0000000000000d79       0x29 ../../external/gcc/LPC1768/libc.a(lib_a-sprintf.o)
 .ARM.attributes
                0x0000000000000da2       0x29 ../../external/gcc/LPC1768/libc.a(lib_a-sscanf.o)
 .ARM.attributes
                0x0000000000000dcb       0x29 ../../external/gcc/LPC1768/libc.a(lib_a-stdio.o)
 .ARM.attributes
                0x0000000000000df4       0x29 ../../external/gcc/LPC1768/libc.a(lib_a-strcmp.o)
 .ARM.attributes
                0x0000000000000e1d       0x29 ../../external/gcc/LPC1768/libc.a(lib_a-strcpy.o)
 .ARM.attributes
                0x0000000000000e46       0x29 ../../external/gcc/LPC1768/libc.a(lib_a-strlen.o)
 .ARM.attributes
                0x0000000000000e6f       0x29 ../../external/gcc/LPC1768/libc.a(lib_a-strncmp.o)
 .ARM.attributes
                0x0000000000000e98       0x29 ../../external/gcc/LPC1768/libc.a(lib_a-strncpy.o)
 .ARM.attributes
                0x0000000000000ec1       0x29 ../../external/gcc/LPC1768/libc.a(lib_a-strtol.o)
 .ARM.attributes
                0x0000000000000eea       0x29 ../../external/gcc/LPC1768/libc.a(lib_a-svfprintf.o)
 .ARM.attributes
                0x0000000000000f13       0x29 ../../external/gcc/LPC1768/libc.a(lib_a-svfscanf.o)
 .ARM.attributes
                0x0000000000000f3c       0x29 ../../external/gcc/LPC1768/libc.a(lib_a-syswrite.o)
 .ARM.attributes
                0x0000000000000f65       0x29 ../../external/gcc/LPC1768/libc.a(lib_a-vfprintf.o)
 .ARM.attributes
                0x0000000000000f8e       0x29 ../../external/gcc/LPC1768/libc.a(lib_a-writer.o)
 .ARM.attributes
                0x0000000000000fb7       0x29 ../../external/gcc/LPC1768/libc.a(lib_a-wsetup.o)
 .ARM.attributes
                0x0000000000000fe0       0x29 ../../external/gcc/LPC1768/libc.a(lib_a-__atexit.o)
 .ARM.attributes
                0x0000000000001009       0x29 ../../external/gcc/LPC1768/libc.a(lib_a-assert.o)
 .ARM.attributes
                0x0000000000001032       0x29 ../../external/gcc/LPC1768/libc.a(lib_a-closer.o)
 .ARM.attributes
                0x000000000000105b       0x29 ../../external/gcc/LPC1768/libc.a(lib_a-ctype_.o)
 .ARM.attributes
                0x0000000000001084       0x29 ../../external/gcc/LPC1768/libc.a(lib_a-dtoa.o)
 .ARM.attributes
                0x00000000000010ad       0x29 ../../external/gcc/LPC1768/libc.a(lib_a-fflush.o)
 .ARM.attributes
                0x00000000000010d6       0x29 ../../external/gcc/LPC1768/libc.a(lib_a-findfp.o)
 .ARM.attributes
                0x00000000000010ff       0x29 ../../external/gcc/LPC1768/libc.a(lib_a-fiprintf.o)
 .ARM.attributes
                0x0000000000001128       0x29 ../../external/gcc/LPC1768/libc.a(lib_a-freer.o)
 .ARM.attributes
                0x0000000000001151       0x29 ../../external/gcc/LPC1768/libc.a(lib_a-fwalk.o)
 .ARM.attributes
                0x000000000000117a       0x29 ../../external/gcc/LPC1768/libc.a(lib_a-iswspace.o)
 .ARM.attributes
                0x00000000000011a3       0x29 ../../external/gcc/LPC1768/libc.a(lib_a-locale.o)
 .ARM.attributes
                0x00000000000011cc       0x29 ../../external/gcc/LPC1768/libc.a(lib_a-lseekr.o)
 .ARM.attributes
                0x00000000000011f5       0x29 ../../external/gcc/LPC1768/libc.a(lib_a-makebuf.o)
 .ARM.attributes
                0x000000000000121e       0x29 ../../external/gcc/LPC1768/libc.a(lib_a-mbrtowc.o)
 .ARM.attributes
                0x0000000000001247       0x29 ../../external/gcc/LPC1768/libc.a(lib_a-mbtowc_r.o)
 .ARM.attributes
                0x0000000000001270       0x29 ../../external/gcc/LPC1768/libc.a(lib_a-memset.o)
 .ARM.attributes
                0x0000000000001299       0x29 ../../external/gcc/LPC1768/libc.a(lib_a-mprec.o)
 .ARM.attributes
                0x00000000000012c2       0x29 ../../external/gcc/LPC1768/libc.a(lib_a-readr.o)
 .ARM.attributes
                0x00000000000012eb       0x29 ../../external/gcc/LPC1768/libc.a(lib_a-s_fpclassify.o)
 .ARM.attributes
                0x0000000000001314       0x29 ../../external/gcc/LPC1768/libc.a(lib_a-sccl.o)
 .ARM.attributes
                0x000000000000133d       0x29 ../../external/gcc/LPC1768/libc.a(lib_a-sf_nan.o)
 .ARM.attributes
                0x0000000000001366       0x29 ../../external/gcc/LPC1768/libc.a(lib_a-strtod.o)
 .ARM.attributes
                0x000000000000138f       0x29 ../../external/gcc/LPC1768/libc.a(lib_a-strtoll_r.o)
 .ARM.attributes
                0x00000000000013b8       0x29 ../../external/gcc/LPC1768/libc.a(lib_a-strtoul.o)
 .ARM.attributes
                0x00000000000013e1       0x29 ../../external/gcc/LPC1768/libc.a(lib_a-strtoull_r.o)
 .ARM.attributes
                0x000000000000140a       0x29 ../../external/gcc/LPC1768/libc.a(lib_a-svfiprintf.o)
 .ARM.attributes
                0x0000000000001433       0x29 ../../external/gcc/LPC1768/libc.a(lib_a-svfiscanf.o)
 .ARM.attributes
                0x000000000000145c       0x29 ../../external/gcc/LPC1768/libc.a(lib_a-ungetc.o)
 .ARM.attributes
                0x0000000000001485       0x29 ../../external/gcc/LPC1768/libc.a(lib_a-vfiprintf.o)
 .ARM.attributes
                0x00000000000014ae       0x29 ../../external/gcc/LPC1768/libc.a(lib_a-callocr.o)
 .ARM.attributes
                0x00000000000014d7       0x29 ../../external/gcc/LPC1768/libc.a(lib_a-fclose.o)
 .ARM.attributes
                0x0000000000001500       0x29 ../../external/gcc/LPC1768/libc.a(lib_a-fputwc.o)
 .ARM.attributes
                0x0000000000001529       0x29 ../../external/gcc/LPC1768/libc.a(lib_a-fstatr.o)
 .ARM.attributes
                0x0000000000001552       0x29 ../../external/gcc/LPC1768/libc.a(lib_a-gdtoa-gethex.o)
 .ARM.attributes
                0x000000000000157b       0x29 ../../external/gcc/LPC1768/libc.a(lib_a-gdtoa-hexnan.o)
 .ARM.attributes
                0x00000000000015a4       0x29 ../../external/gcc/LPC1768/libc.a(lib_a-isattyr.o)
 .ARM.attributes
                0x00000000000015cd       0x29 ../../external/gcc/LPC1768/libc.a(lib_a-wbuf.o)
 .ARM.attributes
                0x00000000000015f6       0x29 ../../external/gcc/LPC1768/libc.a(lib_a-wcrtomb.o)
 .ARM.attributes
                0x000000000000161f       0x29 ../../external/gcc/LPC1768/libc.a(lib_a-wctomb_r.o)
 .ARM.attributes
                0x0000000000001648       0x1b /Users/dbanks/mbed_offline/arm-2011.03/bin/../lib/gcc/arm-none-eabi/4.5.2/thumb2/libgcc.a(_udivsi3.o)
 .ARM.attributes
                0x0000000000001663       0x1b /Users/dbanks/mbed_offline/arm-2011.03/bin/../lib/gcc/arm-none-eabi/4.5.2/thumb2/libgcc.a(_divsi3.o)
 .ARM.attributes
                0x000000000000167e       0x1b /Users/dbanks/mbed_offline/arm-2011.03/bin/../lib/gcc/arm-none-eabi/4.5.2/thumb2/libgcc.a(_dvmd_tls.o)
 .ARM.attributes
                0x0000000000001699       0x1b /Users/dbanks/mbed_offline/arm-2011.03/bin/../lib/gcc/arm-none-eabi/4.5.2/thumb2/libgcc.a(_arm_cmpdf2.o)
 .ARM.attributes
                0x00000000000016b4       0x1b /Users/dbanks/mbed_offline/arm-2011.03/bin/../lib/gcc/arm-none-eabi/4.5.2/thumb2/libgcc.a(_arm_fixunsdfsi.o)
 .ARM.attributes
                0x00000000000016cf       0x1b /Users/dbanks/mbed_offline/arm-2011.03/bin/../lib/gcc/arm-none-eabi/4.5.2/thumb2/libgcc.a(_aeabi_uldivmod.o)
 .ARM.attributes
                0x00000000000016ea       0x29 /Users/dbanks/mbed_offline/arm-2011.03/bin/../lib/gcc/arm-none-eabi/4.5.2/thumb2/libgcc.a(bpabi.o)
 .ARM.attributes
                0x0000000000001713       0x29 /Users/dbanks/mbed_offline/arm-2011.03/bin/../lib/gcc/arm-none-eabi/4.5.2/thumb2/libgcc.a(_divdi3.o)
 .ARM.attributes
                0x000000000000173c       0x29 /Users/dbanks/mbed_offline/arm-2011.03/bin/../lib/gcc/arm-none-eabi/4.5.2/thumb2/libgcc.a(_udivdi3.o)
 .ARM.attributes
                0x0000000000001765       0x29 /Users/dbanks/mbed_offline/arm-2011.03/bin/../lib/gcc/arm-none-eabi/4.5.2/thumb2/crtend.o
 .ARM.attributes
                0x000000000000178e       0x19 /Users/dbanks/mbed_offline/arm-2011.03/bin/../lib/gcc/arm-none-eabi/4.5.2/thumb2/crtn.o

.comment        0x0000000000000000      0xde4
 .comment       0x0000000000000000       0x2a ./foo.o
                                         0x2b (size before relaxing)
 .comment       0x0000000000000000       0x2b ../../src/gcc4mbed.o
 .comment       0x0000000000000000       0x2b ../../src/syscalls.o
 .comment       0x0000000000000000       0x2b ./main.o
 .comment       0x000000000000002a       0xf4 ../../external/mbed/LPC1768/mbed.ar(DigitalOut.LPC1768.o)
 .comment       0x000000000000011e       0xe8 ../../external/mbed/LPC1768/mbed.ar(Base.LPC1768.o)
 .comment       0x0000000000000206       0xea ../../external/mbed/LPC1768/mbed.ar(stdio.LPC1768.o)
 .comment       0x00000000000002f0       0xbc ../../external/mbed/LPC1768/capi.ar(startup_LPC17xx.LPC1768.o)
 .comment       0x00000000000003ac       0xdf ../../external/mbed/LPC1768/capi.ar(system_LPC17xx.LPC1768.o)
 .comment       0x000000000000048b      0x174 ../../external/mbed/LPC1768/capi.ar(core_cm3.LPC1768.o)
 .comment       0x00000000000005ff       0xe3 ../../external/mbed/LPC1768/capi.ar(serial_api.LPC1768.o)
 .comment       0x00000000000006e2       0xd7 ../../external/mbed/LPC1768/capi.ar(exit.LPC1768.o)
 .comment       0x00000000000007b9       0xdb ../../external/mbed/LPC1768/capi.ar(pinmap.LPC1768.o)
 .comment       0x0000000000000894       0xdf ../../external/mbed/LPC1768/capi.ar(wait_api.LPC1768.o)
 .comment       0x0000000000000973       0xdf ../../external/mbed/LPC1768/capi.ar(gpio_api.LPC1768.o)
 .comment       0x0000000000000a52       0xe7 ../../external/mbed/LPC1768/capi.ar(semihost_api.LPC1768.o)
 .comment       0x0000000000000b39       0xe9 ../../external/mbed/LPC1768/capi.ar(us_ticker_api.LPC1768.o)
 .comment       0x0000000000000c22       0xe1 ../../external/mbed/LPC1768/capi.ar(utils_api.LPC1768.o)
 .comment       0x0000000000000d03       0xe1 ../../external/mbed/LPC1768/capi.ar(timer_api.LPC1768.o)

.arm_vfe_header
                0x0000000000000000       0x38
 .arm_vfe_header
                0x0000000000000000        0x4 ../../external/mbed/LPC1768/mbed.ar(DigitalOut.LPC1768.o)
 .arm_vfe_header
                0x0000000000000004        0x4 ../../external/mbed/LPC1768/mbed.ar(Base.LPC1768.o)
 .arm_vfe_header
                0x0000000000000008        0x4 ../../external/mbed/LPC1768/mbed.ar(stdio.LPC1768.o)
 .arm_vfe_header
                0x000000000000000c        0x4 ../../external/mbed/LPC1768/capi.ar(system_LPC17xx.LPC1768.o)
 .arm_vfe_header
                0x0000000000000010        0x4 ../../external/mbed/LPC1768/capi.ar(core_cm3.LPC1768.o)
 .arm_vfe_header
                0x0000000000000014        0x4 ../../external/mbed/LPC1768/capi.ar(serial_api.LPC1768.o)
 .arm_vfe_header
                0x0000000000000018        0x4 ../../external/mbed/LPC1768/capi.ar(exit.LPC1768.o)
 .arm_vfe_header
                0x000000000000001c        0x4 ../../external/mbed/LPC1768/capi.ar(pinmap.LPC1768.o)
 .arm_vfe_header
                0x0000000000000020        0x4 ../../external/mbed/LPC1768/capi.ar(wait_api.LPC1768.o)
 .arm_vfe_header
                0x0000000000000024        0x4 ../../external/mbed/LPC1768/capi.ar(gpio_api.LPC1768.o)
 .arm_vfe_header
                0x0000000000000028        0x4 ../../external/mbed/LPC1768/capi.ar(semihost_api.LPC1768.o)
 .arm_vfe_header
                0x000000000000002c        0x4 ../../external/mbed/LPC1768/capi.ar(us_ticker_api.LPC1768.o)
 .arm_vfe_header
                0x0000000000000030        0x4 ../../external/mbed/LPC1768/capi.ar(utils_api.LPC1768.o)
 .arm_vfe_header
                0x0000000000000034        0x4 ../../external/mbed/LPC1768/capi.ar(timer_api.LPC1768.o)

.arm_vfe_vtableinfo_ZTVN4mbed10DigitalOutE
                0x0000000000000000       0x38
 .arm_vfe_vtableinfo_ZTVN4mbed10DigitalOutE
                0x0000000000000000       0x38 ../../external/mbed/LPC1768/mbed.ar(DigitalOut.LPC1768.o)

.arm_vfe_vtableinfo_ZTVN4mbed4BaseE
                0x0000000000000000       0x1c
 .arm_vfe_vtableinfo_ZTVN4mbed4BaseE
                0x0000000000000000       0x1c ../../external/mbed/LPC1768/mbed.ar(Base.LPC1768.o)

.debug_aranges  0x0000000000000000       0xf8
 *(.debug_aranges)
 .debug_aranges
                0x0000000000000000       0x20 ./foo.o
 .debug_aranges
                0x0000000000000020       0x20 ../../src/gcc4mbed.o
 .debug_aranges
                0x0000000000000040       0x80 ../../src/syscalls.o
 .debug_aranges
                0x00000000000000c0       0x38 ./main.o

.debug_pubnames
                0x0000000000000000      0x16e
 *(.debug_pubnames)
 .debug_pubnames
                0x0000000000000000       0x1d ./foo.o
 .debug_pubnames
                0x000000000000001d       0x1d ../../src/gcc4mbed.o
 .debug_pubnames
                0x000000000000003a       0xb6 ../../src/syscalls.o
 .debug_pubnames
                0x00000000000000f0       0x7e ./main.o

.debug_info     0x0000000000000000     0x2a38
 *(.debug_info .gnu.linkonce.wi.*)
 .debug_info    0x0000000000000000       0x60 ./foo.o
 .debug_info    0x0000000000000060       0xea ../../src/gcc4mbed.o
 .debug_info    0x000000000000014a      0xf1b ../../src/syscalls.o
 .debug_info    0x0000000000001065     0x19d3 ./main.o

.debug_abbrev   0x0000000000000000      0x6d0
 *(.debug_abbrev)
 .debug_abbrev  0x0000000000000000       0x51 ./foo.o
 .debug_abbrev  0x0000000000000051       0x7e ../../src/gcc4mbed.o
 .debug_abbrev  0x00000000000000cf      0x2e1 ../../src/syscalls.o
 .debug_abbrev  0x00000000000003b0      0x320 ./main.o

.debug_line     0x0000000000000000      0x6eb
 *(.debug_line)
 .debug_line    0x0000000000000000       0x35 ./foo.o
 .debug_line    0x0000000000000035       0x70 ../../src/gcc4mbed.o
 .debug_line    0x00000000000000a5      0x2ec ../../src/syscalls.o
 .debug_line    0x0000000000000391      0x35a ./main.o

.debug_frame    0x0000000000000000     0x26ec
 *(.debug_frame)
 .debug_frame   0x0000000000000000       0x20 ./foo.o
 .debug_frame   0x0000000000000020       0x2c ../../src/gcc4mbed.o
 .debug_frame   0x000000000000004c      0x128 ../../src/syscalls.o
 .debug_frame   0x0000000000000174       0x7c ./main.o
 .debug_frame   0x00000000000001f0       0x20 ../../external/gcc/LPC1768/libstdc++.a(atexit_arm.o)
 .debug_frame   0x0000000000000210       0xdc ../../external/gcc/LPC1768/libstdc++.a(class_type_info.o)
 .debug_frame   0x00000000000002ec       0x20 ../../external/gcc/LPC1768/libstdc++.a(del_op.o)
 .debug_frame   0x000000000000030c       0x20 ../../external/gcc/LPC1768/libstdc++.a(del_opv.o)
 .debug_frame   0x000000000000032c       0x8c ../../external/gcc/LPC1768/libstdc++.a(dyncast.o)
 .debug_frame   0x00000000000003b8       0x28 ../../external/gcc/LPC1768/libstdc++.a(new_op.o)
 .debug_frame   0x00000000000003e0       0x20 ../../external/gcc/LPC1768/libstdc++.a(new_opv.o)
 .debug_frame   0x0000000000000400       0x28 ../../external/gcc/LPC1768/libstdc++.a(pure.o)
 .debug_frame   0x0000000000000428       0xac ../../external/gcc/LPC1768/libstdc++.a(si_class_type_info.o)
 .debug_frame   0x00000000000004d4       0xa4 ../../external/gcc/LPC1768/libstdc++.a(tinfo.o)
 .debug_frame   0x0000000000000578      0x170 ../../external/gcc/LPC1768/libstdc++.a(vmi_class_type_info.o)
 .debug_frame   0x00000000000006e8       0x90 ../../external/gcc/LPC1768/libstdc++.a(eh_terminate.o)
 .debug_frame   0x0000000000000778       0x60 ../../external/gcc/LPC1768/libstdc++.a(new_handler.o)
 .debug_frame   0x00000000000007d8       0xd8 ../../external/gcc/LPC1768/libstdc++.a(eh_exception.o)
 .debug_frame   0x00000000000008b0       0x40 ../../external/gcc/LPC1768/libstdc++.a(vterminate.o)
 .debug_frame   0x00000000000008f0      0x578 ../../external/gcc/LPC1768/libstdc++.a(cp-demangle.o)
 .debug_frame   0x0000000000000e68       0x28 ../../external/gcc/LPC1768/libstdc++.a(eh_type.o)
 .debug_frame   0x0000000000000e90       0x30 ../../external/gcc/LPC1768/libstdc++.a(eh_globals.o)
 .debug_frame   0x0000000000000ec0       0x30 ../../external/gcc/LPC1768/libm.a(lib_a-s_scalbn.o)
 .debug_frame   0x0000000000000ef0       0x2c ../../external/gcc/LPC1768/libm.a(lib_a-s_copysign.o)
 .debug_frame   0x0000000000000f1c       0x28 ../../external/gcc/LPC1768/libc.a(lib_a-abort.o)
 .debug_frame   0x0000000000000f44       0x20 ../../external/gcc/LPC1768/libc.a(lib_a-aeabi_memcpy.o)
 .debug_frame   0x0000000000000f64       0x28 ../../external/gcc/LPC1768/libc.a(lib_a-clibabi_assert.o)
 .debug_frame   0x0000000000000f8c       0x20 ../../external/gcc/LPC1768/libc.a(lib_a-clibabi_stdio.o)
 .debug_frame   0x0000000000000fac       0x2c ../../external/gcc/LPC1768/libc.a(lib_a-cxa_atexit.o)
 .debug_frame   0x0000000000000fd8       0x50 ../../external/gcc/LPC1768/libc.a(lib_a-fprintf.o)
 .debug_frame   0x0000000000001028       0x3c ../../external/gcc/LPC1768/libc.a(lib_a-fputs.o)
 .debug_frame   0x0000000000001064       0x3c ../../external/gcc/LPC1768/libc.a(lib_a-fvwrite.o)
 .debug_frame   0x00000000000010a0       0x54 ../../external/gcc/LPC1768/libc.a(lib_a-fwrite.o)
 .debug_frame   0x00000000000010f4       0x2c ../../external/gcc/LPC1768/libc.a(lib_a-init.o)
 .debug_frame   0x0000000000001120       0x30 ../../external/gcc/LPC1768/libc.a(lib_a-malloc.o)
 .debug_frame   0x0000000000001150       0x3c ../../external/gcc/LPC1768/libc.a(lib_a-mallocr.o)
 .debug_frame   0x000000000000118c       0x28 ../../external/gcc/LPC1768/libc.a(lib_a-memchr.o)
 .debug_frame   0x00000000000011b4       0x2c ../../external/gcc/LPC1768/libc.a(lib_a-memcmp.o)
 .debug_frame   0x00000000000011e0       0x28 ../../external/gcc/LPC1768/libc.a(lib_a-memcpy.o)
 .debug_frame   0x0000000000001208       0x28 ../../external/gcc/LPC1768/libc.a(lib_a-memmove.o)
 .debug_frame   0x0000000000001230       0x30 ../../external/gcc/LPC1768/libc.a(lib_a-mlock.o)
 .debug_frame   0x0000000000001260       0x20 ../../external/gcc/LPC1768/libc.a(lib_a-realloc.o)
 .debug_frame   0x0000000000001280       0x3c ../../external/gcc/LPC1768/libc.a(lib_a-reallocr.o)
 .debug_frame   0x00000000000012bc       0x64 ../../external/gcc/LPC1768/libc.a(lib_a-reent.o)
 .debug_frame   0x0000000000001320       0x2c ../../external/gcc/LPC1768/libc.a(lib_a-sbrkr.o)
 .debug_frame   0x000000000000134c       0xc0 ../../external/gcc/LPC1768/libc.a(lib_a-signal.o)
 .debug_frame   0x000000000000140c       0x3c ../../external/gcc/LPC1768/libc.a(lib_a-signalr.o)
 .debug_frame   0x0000000000001448       0x58 ../../external/gcc/LPC1768/libc.a(lib_a-sprintf.o)
 .debug_frame   0x00000000000014a0       0x60 ../../external/gcc/LPC1768/libc.a(lib_a-sscanf.o)
 .debug_frame   0x0000000000001500       0x80 ../../external/gcc/LPC1768/libc.a(lib_a-stdio.o)
 .debug_frame   0x0000000000001580       0x20 ../../external/gcc/LPC1768/libc.a(lib_a-strcmp.o)
 .debug_frame   0x00000000000015a0       0x20 ../../external/gcc/LPC1768/libc.a(lib_a-strcpy.o)
 .debug_frame   0x00000000000015c0       0x20 ../../external/gcc/LPC1768/libc.a(lib_a-strlen.o)
 .debug_frame   0x00000000000015e0       0x2c ../../external/gcc/LPC1768/libc.a(lib_a-strncmp.o)
 .debug_frame   0x000000000000160c       0x2c ../../external/gcc/LPC1768/libc.a(lib_a-strncpy.o)
 .debug_frame   0x0000000000001638       0x58 ../../external/gcc/LPC1768/libc.a(lib_a-strtol.o)
 .debug_frame   0x0000000000001690       0x3c ../../external/gcc/LPC1768/libc.a(lib_a-svfprintf.o)
 .debug_frame   0x00000000000016cc       0x3c ../../external/gcc/LPC1768/libc.a(lib_a-svfscanf.o)
 .debug_frame   0x0000000000001708       0x2c ../../external/gcc/LPC1768/libc.a(lib_a-syswrite.o)
 .debug_frame   0x0000000000001734       0x58 ../../external/gcc/LPC1768/libc.a(lib_a-vfprintf.o)
 .debug_frame   0x000000000000178c       0x2c ../../external/gcc/LPC1768/libc.a(lib_a-writer.o)
 .debug_frame   0x00000000000017b8       0x2c ../../external/gcc/LPC1768/libc.a(lib_a-wsetup.o)
 .debug_frame   0x00000000000017e4       0x34 ../../external/gcc/LPC1768/libc.a(lib_a-__atexit.o)
 .debug_frame   0x0000000000001818       0x48 ../../external/gcc/LPC1768/libc.a(lib_a-assert.o)
 .debug_frame   0x0000000000001860       0x2c ../../external/gcc/LPC1768/libc.a(lib_a-closer.o)
 .debug_frame   0x000000000000188c       0x68 ../../external/gcc/LPC1768/libc.a(lib_a-dtoa.o)
 .debug_frame   0x00000000000018f4       0x40 ../../external/gcc/LPC1768/libc.a(lib_a-fflush.o)
 .debug_frame   0x0000000000001934      0x120 ../../external/gcc/LPC1768/libc.a(lib_a-findfp.o)
 .debug_frame   0x0000000000001a54       0x50 ../../external/gcc/LPC1768/libc.a(lib_a-fiprintf.o)
 .debug_frame   0x0000000000001aa4       0x50 ../../external/gcc/LPC1768/libc.a(lib_a-freer.o)
 .debug_frame   0x0000000000001af4       0x54 ../../external/gcc/LPC1768/libc.a(lib_a-fwalk.o)
 .debug_frame   0x0000000000001b48       0x20 ../../external/gcc/LPC1768/libc.a(lib_a-iswspace.o)
 .debug_frame   0x0000000000001b68       0x98 ../../external/gcc/LPC1768/libc.a(lib_a-locale.o)
 .debug_frame   0x0000000000001c00       0x2c ../../external/gcc/LPC1768/libc.a(lib_a-lseekr.o)
 .debug_frame   0x0000000000001c2c       0x30 ../../external/gcc/LPC1768/libc.a(lib_a-makebuf.o)
 .debug_frame   0x0000000000001c5c       0x58 ../../external/gcc/LPC1768/libc.a(lib_a-mbrtowc.o)
 .debug_frame   0x0000000000001cb4       0x48 ../../external/gcc/LPC1768/libc.a(lib_a-mbtowc_r.o)
 .debug_frame   0x0000000000001cfc       0x20 ../../external/gcc/LPC1768/libc.a(lib_a-memset.o)
 .debug_frame   0x0000000000001d1c      0x238 ../../external/gcc/LPC1768/libc.a(lib_a-mprec.o)
 .debug_frame   0x0000000000001f54       0x2c ../../external/gcc/LPC1768/libc.a(lib_a-readr.o)
 .debug_frame   0x0000000000001f80       0x20 ../../external/gcc/LPC1768/libc.a(lib_a-s_fpclassify.o)
 .debug_frame   0x0000000000001fa0       0x30 ../../external/gcc/LPC1768/libc.a(lib_a-sccl.o)
 .debug_frame   0x0000000000001fd0       0x20 ../../external/gcc/LPC1768/libc.a(lib_a-sf_nan.o)
 .debug_frame   0x0000000000001ff0       0x8c ../../external/gcc/LPC1768/libc.a(lib_a-strtod.o)
 .debug_frame   0x000000000000207c       0x38 ../../external/gcc/LPC1768/libc.a(lib_a-strtoll_r.o)
 .debug_frame   0x00000000000020b4       0x58 ../../external/gcc/LPC1768/libc.a(lib_a-strtoul.o)
 .debug_frame   0x000000000000210c       0x38 ../../external/gcc/LPC1768/libc.a(lib_a-strtoull_r.o)
 .debug_frame   0x0000000000002144       0x68 ../../external/gcc/LPC1768/libc.a(lib_a-svfiprintf.o)
 .debug_frame   0x00000000000021ac       0x98 ../../external/gcc/LPC1768/libc.a(lib_a-svfiscanf.o)
 .debug_frame   0x0000000000002244       0x5c ../../external/gcc/LPC1768/libc.a(lib_a-ungetc.o)
 .debug_frame   0x00000000000022a0       0x80 ../../external/gcc/LPC1768/libc.a(lib_a-vfiprintf.o)
 .debug_frame   0x0000000000002320       0x28 ../../external/gcc/LPC1768/libc.a(lib_a-callocr.o)
 .debug_frame   0x0000000000002348       0x3c ../../external/gcc/LPC1768/libc.a(lib_a-fclose.o)
 .debug_frame   0x0000000000002384       0x50 ../../external/gcc/LPC1768/libc.a(lib_a-fputwc.o)
 .debug_frame   0x00000000000023d4       0x2c ../../external/gcc/LPC1768/libc.a(lib_a-fstatr.o)
 .debug_frame   0x0000000000002400       0x8c ../../external/gcc/LPC1768/libc.a(lib_a-gdtoa-gethex.o)
 .debug_frame   0x000000000000248c       0x5c ../../external/gcc/LPC1768/libc.a(lib_a-gdtoa-hexnan.o)
 .debug_frame   0x00000000000024e8       0x2c ../../external/gcc/LPC1768/libc.a(lib_a-isattyr.o)
 .debug_frame   0x0000000000002514       0x3c ../../external/gcc/LPC1768/libc.a(lib_a-wbuf.o)
 .debug_frame   0x0000000000002550       0x50 ../../external/gcc/LPC1768/libc.a(lib_a-wcrtomb.o)
 .debug_frame   0x00000000000025a0       0x44 ../../external/gcc/LPC1768/libc.a(lib_a-wctomb_r.o)
 .debug_frame   0x00000000000025e4       0x20 /Users/dbanks/mbed_offline/arm-2011.03/bin/../lib/gcc/arm-none-eabi/4.5.2/thumb2/libgcc.a(_udivsi3.o)
 .debug_frame   0x0000000000002604       0x20 /Users/dbanks/mbed_offline/arm-2011.03/bin/../lib/gcc/arm-none-eabi/4.5.2/thumb2/libgcc.a(_divsi3.o)
 .debug_frame   0x0000000000002624       0x50 /Users/dbanks/mbed_offline/arm-2011.03/bin/../lib/gcc/arm-none-eabi/4.5.2/thumb2/libgcc.a(bpabi.o)
 .debug_frame   0x0000000000002674       0x3c /Users/dbanks/mbed_offline/arm-2011.03/bin/../lib/gcc/arm-none-eabi/4.5.2/thumb2/libgcc.a(_divdi3.o)
 .debug_frame   0x00000000000026b0       0x3c /Users/dbanks/mbed_offline/arm-2011.03/bin/../lib/gcc/arm-none-eabi/4.5.2/thumb2/libgcc.a(_udivdi3.o)

.debug_str      0x0000000000000000      0xcdd
 *(.debug_str)
 .debug_str     0x0000000000000000       0x60 ./foo.o
 .debug_str     0x0000000000000060       0x78 ../../src/gcc4mbed.o
                                         0xc6 (size before relaxing)
 .debug_str     0x00000000000000d8      0x634 ../../src/syscalls.o
                                        0x723 (size before relaxing)
 .debug_str     0x000000000000070c      0x5d1 ./main.o
                                        0xaa9 (size before relaxing)

.debug_loc      0x0000000000000000      0x85f
 *(.debug_loc)
 .debug_loc     0x0000000000000000       0x49 ../../src/gcc4mbed.o
 .debug_loc     0x0000000000000049      0x61d ../../src/syscalls.o
 .debug_loc     0x0000000000000666      0x1f9 ./main.o

.debug_macinfo
 *(.debug_macinfo)

.debug_weaknames
 *(.debug_weaknames)

.debug_funcnames
 *(.debug_funcnames)

.debug_typenames
 *(.debug_typenames)

.debug_varnames
 *(.debug_varnames)
OUTPUT(HelloWorld.elf elf32-littlearm)

.debug_ranges   0x0000000000000000      0x2a0
 .debug_ranges  0x0000000000000000       0x10 ./foo.o
 .debug_ranges  0x0000000000000010       0x28 ../../src/gcc4mbed.o
 .debug_ranges  0x0000000000000038      0x198 ../../src/syscalls.o
 .debug_ranges  0x00000000000001d0       0xd0 ./main.o

.debug_pubtypes
                0x0000000000000000      0x2c0
 .debug_pubtypes
                0x0000000000000000       0x12 ../../src/gcc4mbed.o
 .debug_pubtypes
                0x0000000000000012      0x18c ../../src/syscalls.o
 .debug_pubtypes
                0x000000000000019e      0x122 ./main.o

Cross Reference Table

Symbol                                            File
ADC_IRQHandler                                    ../../external/mbed/LPC1768/capi.ar(startup_LPC17xx.LPC1768.o)
BOD_IRQHandler                                    ../../external/mbed/LPC1768/capi.ar(startup_LPC17xx.LPC1768.o)
BusFault_Handler                                  ../../external/mbed/LPC1768/capi.ar(startup_LPC17xx.LPC1768.o)
CAN_IRQHandler                                    ../../external/mbed/LPC1768/capi.ar(startup_LPC17xx.LPC1768.o)
DMA_IRQHandler                                    ../../external/mbed/LPC1768/capi.ar(startup_LPC17xx.LPC1768.o)
DebugMon_Handler                                  ../../external/mbed/LPC1768/capi.ar(startup_LPC17xx.LPC1768.o)
EINT0_IRQHandler                                  ../../external/mbed/LPC1768/capi.ar(startup_LPC17xx.LPC1768.o)
EINT1_IRQHandler                                  ../../external/mbed/LPC1768/capi.ar(startup_LPC17xx.LPC1768.o)
EINT2_IRQHandler                                  ../../external/mbed/LPC1768/capi.ar(startup_LPC17xx.LPC1768.o)
EINT3_IRQHandler                                  ../../external/mbed/LPC1768/capi.ar(startup_LPC17xx.LPC1768.o)
ENET_IRQHandler                                   ../../external/mbed/LPC1768/capi.ar(startup_LPC17xx.LPC1768.o)
FunctionalityNotSupported                         ../../external/mbed/LPC1768/capi.ar(utils_api.LPC1768.o)
HardFault_Handler                                 ../../external/mbed/LPC1768/capi.ar(startup_LPC17xx.LPC1768.o)
I2C0_IRQHandler                                   ../../external/mbed/LPC1768/capi.ar(startup_LPC17xx.LPC1768.o)
I2C1_IRQHandler                                   ../../external/mbed/LPC1768/capi.ar(startup_LPC17xx.LPC1768.o)
I2C2_IRQHandler                                   ../../external/mbed/LPC1768/capi.ar(startup_LPC17xx.LPC1768.o)
I2S_IRQHandler                                    ../../external/mbed/LPC1768/capi.ar(startup_LPC17xx.LPC1768.o)
Lib$$Request$$armlib                              ../../external/mbed/LPC1768/capi.ar(timer_api.LPC1768.o)
                                                  ../../external/mbed/LPC1768/capi.ar(utils_api.LPC1768.o)
                                                  ../../external/mbed/LPC1768/capi.ar(us_ticker_api.LPC1768.o)
                                                  ../../external/mbed/LPC1768/capi.ar(semihost_api.LPC1768.o)
                                                  ../../external/mbed/LPC1768/capi.ar(gpio_api.LPC1768.o)
                                                  ../../external/mbed/LPC1768/capi.ar(wait_api.LPC1768.o)
                                                  ../../external/mbed/LPC1768/capi.ar(pinmap.LPC1768.o)
                                                  ../../external/mbed/LPC1768/capi.ar(exit.LPC1768.o)
                                                  ../../external/mbed/LPC1768/capi.ar(serial_api.LPC1768.o)
                                                  ../../external/mbed/LPC1768/capi.ar(core_cm3.LPC1768.o)
                                                  ../../external/mbed/LPC1768/capi.ar(system_LPC17xx.LPC1768.o)
                                                  ../../external/mbed/LPC1768/mbed.ar(stdio.LPC1768.o)
                                                  ../../external/mbed/LPC1768/mbed.ar(Base.LPC1768.o)
                                                  ../../external/mbed/LPC1768/mbed.ar(DigitalOut.LPC1768.o)
Lib$$Request$$cpplib                              ../../external/mbed/LPC1768/mbed.ar(stdio.LPC1768.o)
                                                  ../../external/mbed/LPC1768/mbed.ar(Base.LPC1768.o)
                                                  ../../external/mbed/LPC1768/mbed.ar(DigitalOut.LPC1768.o)
MCPWM_IRQHandler                                  ../../external/mbed/LPC1768/capi.ar(startup_LPC17xx.LPC1768.o)
MemManage_Handler                                 ../../external/mbed/LPC1768/capi.ar(startup_LPC17xx.LPC1768.o)
NMI_Handler                                       ../../external/mbed/LPC1768/capi.ar(startup_LPC17xx.LPC1768.o)
PLL0_IRQHandler                                   ../../external/mbed/LPC1768/capi.ar(startup_LPC17xx.LPC1768.o)