Archive member included because of file (symbol)

/Users/Abhijeet/Workspace/mrk/mrk//external/mbed/LPC1768/mbed.ar(DigitalOut.LPC1768.o)
                              ./main.o (_ZTVN4mbed10DigitalOutE)
/Users/Abhijeet/Workspace/mrk/mrk//external/mbed/LPC1768/mbed.ar(Base.LPC1768.o)
                              /Users/Abhijeet/Workspace/mrk/mrk//external/mbed/LPC1768/mbed.ar(DigitalOut.LPC1768.o) (_ZTIN4mbed4BaseE)
/Users/Abhijeet/Workspace/mrk/mrk//external/mbed/LPC1768/mbed.ar(stdio.LPC1768.o)
                              /Users/Abhijeet/Workspace/mrk/mrk//external/mbed/LPC1768/mbed.ar(Base.LPC1768.o) (_ZTIN4mbed8FileLikeE)
/Users/Abhijeet/Workspace/mrk/mrk//external/mbed/LPC1768/capi.ar(startup_LPC17xx.LPC1768.o)
                              (Reset_Handler)
/Users/Abhijeet/Workspace/mrk/mrk//external/mbed/LPC1768/capi.ar(system_LPC17xx.LPC1768.o)
                              /Users/Abhijeet/Workspace/mrk/mrk//NanoRK/nano-RK/src/platform/mbed/source/ulib.o (SystemCoreClock)
/Users/Abhijeet/Workspace/mrk/mrk//external/mbed/LPC1768/capi.ar(core_cm3.LPC1768.o)
                              /Users/Abhijeet/Workspace/mrk/mrk//src/syscalls.o (__get_MSP)
/Users/Abhijeet/Workspace/mrk/mrk//external/mbed/LPC1768/capi.ar(serial_api.LPC1768.o)
                              /Users/Abhijeet/Workspace/mrk/mrk//external/mbed/LPC1768/mbed.ar(stdio.LPC1768.o) (serial_baud)
/Users/Abhijeet/Workspace/mrk/mrk//external/mbed/LPC1768/capi.ar(exit.LPC1768.o)
                              /Users/Abhijeet/Workspace/mrk/mrk//src/gcc4mbed.o (exit)
/Users/Abhijeet/Workspace/mrk/mrk//external/mbed/LPC1768/capi.ar(pinmap.LPC1768.o)
                              /Users/Abhijeet/Workspace/mrk/mrk//external/mbed/LPC1768/capi.ar(serial_api.LPC1768.o) (pinmap_merge)
/Users/Abhijeet/Workspace/mrk/mrk//external/mbed/LPC1768/capi.ar(gpio_api.LPC1768.o)
                              /Users/Abhijeet/Workspace/mrk/mrk//external/mbed/LPC1768/mbed.ar(DigitalOut.LPC1768.o) (gpio_output)
/Users/Abhijeet/Workspace/mrk/mrk//external/mbed/LPC1768/capi.ar(semihost_api.LPC1768.o)
                              /Users/Abhijeet/Workspace/mrk/mrk//external/mbed/LPC1768/capi.ar(exit.LPC1768.o) (semihost_exit)
/Users/Abhijeet/Workspace/mrk/mrk//external/mbed/LPC1768/capi.ar(utils_api.LPC1768.o)
                              /Users/Abhijeet/Workspace/mrk/mrk//external/mbed/LPC1768/capi.ar(exit.LPC1768.o) (mbed_die)
/Users/Abhijeet/Workspace/mrk/mrk//external/mbed/LPC1768/capi.ar(wait_api.LPC1768.o)
                              /Users/Abhijeet/Workspace/mrk/mrk//external/mbed/LPC1768/capi.ar(utils_api.LPC1768.o) (wait_ms)
/Users/Abhijeet/Workspace/mrk/mrk//external/mbed/LPC1768/capi.ar(us_ticker_api.LPC1768.o)
                              /Users/Abhijeet/Workspace/mrk/mrk//external/mbed/LPC1768/capi.ar(wait_api.LPC1768.o) (us_ticker_read)
/Users/Abhijeet/Workspace/mrk/mrk//external/mbed/LPC1768/capi.ar(timer_api.LPC1768.o)
                              /Users/Abhijeet/Workspace/mrk/mrk//external/mbed/LPC1768/capi.ar(us_ticker_api.LPC1768.o) (timer_frequency)
/Users/Abhijeet/Workspace/mrk/mrk//external/gcc/LPC1768/libstdc++.a(atexit_arm.o)
                              ./main.o (__aeabi_atexit)
/Users/Abhijeet/Workspace/mrk/mrk//external/gcc/LPC1768/libstdc++.a(class_type_info.o)
                              /Users/Abhijeet/Workspace/mrk/mrk//external/mbed/LPC1768/mbed.ar(Base.LPC1768.o) (_ZTVN10__cxxabiv117__class_type_infoE)
/Users/Abhijeet/Workspace/mrk/mrk//external/gcc/LPC1768/libstdc++.a(del_op.o)
                              ./main.o (_ZdlPv)
/Users/Abhijeet/Workspace/mrk/mrk//external/gcc/LPC1768/libstdc++.a(del_opv.o)
                              /Users/Abhijeet/Workspace/mrk/mrk//external/mbed/LPC1768/mbed.ar(Base.LPC1768.o) (_ZdaPv)
/Users/Abhijeet/Workspace/mrk/mrk//external/gcc/LPC1768/libstdc++.a(dyncast.o)
                              /Users/Abhijeet/Workspace/mrk/mrk//external/mbed/LPC1768/mbed.ar(Base.LPC1768.o) (__dynamic_cast)
/Users/Abhijeet/Workspace/mrk/mrk//external/gcc/LPC1768/libstdc++.a(new_op.o)
                              /Users/Abhijeet/Workspace/mrk/mrk//external/mbed/LPC1768/mbed.ar(DigitalOut.LPC1768.o) (_Znwj)
/Users/Abhijeet/Workspace/mrk/mrk//external/gcc/LPC1768/libstdc++.a(new_opv.o)
                              /Users/Abhijeet/Workspace/mrk/mrk//external/mbed/LPC1768/mbed.ar(DigitalOut.LPC1768.o) (_Znaj)
/Users/Abhijeet/Workspace/mrk/mrk//external/gcc/LPC1768/libstdc++.a(pure.o)
                              /Users/Abhijeet/Workspace/mrk/mrk//external/mbed/LPC1768/mbed.ar(stdio.LPC1768.o) (__cxa_pure_virtual)
/Users/Abhijeet/Workspace/mrk/mrk//external/gcc/LPC1768/libstdc++.a(si_class_type_info.o)
                              /Users/Abhijeet/Workspace/mrk/mrk//external/mbed/LPC1768/mbed.ar(DigitalOut.LPC1768.o) (_ZTVN10__cxxabiv120__si_class_type_infoE)
/Users/Abhijeet/Workspace/mrk/mrk//external/gcc/LPC1768/libstdc++.a(tinfo.o)
[...]
Memory Configuration

Name             Origin             Length             Attributes
IROM             0x0000000000000000 0x0000000000080000 xr
IRAM0            0x0000000010000000 0x0000000000008000 xrw
IRAM1            0x000000002007c000 0x0000000000004000 xrw
IRAM2            0x0000000020080000 0x0000000000004000 xrw
*default*        0x0000000000000000 0xffffffffffffffff

Linker script and memory map

LOAD /Users/Abhijeet/mbed_offline/arm-2011.03/bin/../lib/gcc/arm-none-eabi/4.5.2/thumb2/crti.o
LOAD /Users/Abhijeet/mbed_offline/arm-2011.03/bin/../lib/gcc/arm-none-eabi/4.5.2/thumb2/crtbegin.o
LOAD /Users/Abhijeet/Workspace/mrk/mrk//src/gcc4mbed.o
LOAD /Users/Abhijeet/Workspace/mrk/mrk//src/syscalls.o
LOAD /Users/Abhijeet/Workspace/mrk/mrk//NanoRK/nano-RK/src/radio/cc2420/source/hal_rf_set_channel.o
LOAD /Users/Abhijeet/Workspace/mrk/mrk//NanoRK/nano-RK/src/radio/cc2420/source/hal_rf_wait_for_crystal_oscillator.o
LOAD /Users/Abhijeet/Workspace/mrk/mrk//NanoRK/nano-RK/src/radio/cc2420/source/basic_rf.o
LOAD /Users/Abhijeet/Workspace/mrk/mrk//NanoRK/nano-RK/src/platform/mbed/source/ulib.o
LOAD /Users/Abhijeet/Workspace/mrk/mrk//NanoRK/nano-RK/src/platform/mbed/source/hal_wait.o
LOAD /Users/Abhijeet/Workspace/mrk/mrk//NanoRK/nano-RK/src/platform/mbed/source/nrk_eeprom.o
LOAD /Users/Abhijeet/Workspace/mrk/mrk//NanoRK/nano-RK/src/kernel/source/nrk.o
LOAD /Users/Abhijeet/Workspace/mrk/mrk//NanoRK/nano-RK/src/kernel/source/nrk_stats.o
LOAD /Users/Abhijeet/Workspace/mrk/mrk//NanoRK/nano-RK/src/kernel/source/nrk_error.o
LOAD /Users/Abhijeet/Workspace/mrk/mrk//NanoRK/nano-RK/src/kernel/source/nrk_stack_check.o
LOAD /Users/Abhijeet/Workspace/mrk/mrk//NanoRK/nano-RK/src/kernel/source/nrk_events.o
LOAD /Users/Abhijeet/Workspace/mrk/mrk//NanoRK/nano-RK/src/kernel/source/nrk_task.o
LOAD /Users/Abhijeet/Workspace/mrk/mrk//NanoRK/nano-RK/src/kernel/source/nrk_time.o
LOAD /Users/Abhijeet/Workspace/mrk/mrk//NanoRK/nano-RK/src/kernel/source/nrk_idle_task.o
LOAD /Users/Abhijeet/Workspace/mrk/mrk//NanoRK/nano-RK/src/kernel/source/nrk_scheduler.o
LOAD /Users/Abhijeet/Workspace/mrk/mrk//NanoRK/nano-RK/src/kernel/source/nrk_driver.o
LOAD /Users/Abhijeet/Workspace/mrk/mrk//NanoRK/nano-RK/src/kernel/source/nrk_reserve.o
LOAD /Users/Abhijeet/Workspace/mrk/mrk//NanoRK/nano-RK/src/kernel/hal/LPC1768/nrk_timer.o
LOAD /Users/Abhijeet/Workspace/mrk/mrk//NanoRK/nano-RK/src/kernel/hal/LPC1768/nrk_status.o
LOAD /Users/Abhijeet/Workspace/mrk/mrk//NanoRK/nano-RK/src/kernel/hal/LPC1768/nrk_watchdog.o
LOAD /Users/Abhijeet/Workspace/mrk/mrk//NanoRK/nano-RK/src/kernel/hal/LPC1768/nrk_cpu.o
LOAD /Users/Abhijeet/Workspace/mrk/mrk//NanoRK/nano-RK/src/kernel/hal/LPC1768/LPC1768_hw_specific.o
LOAD ./main.o
LOAD /Users/Abhijeet/Workspace/mrk/mrk//external/mbed/LPC1768/mbed.ar
LOAD /Users/Abhijeet/Workspace/mrk/mrk//external/mbed/LPC1768/capi.ar
LOAD /Users/Abhijeet/Workspace/mrk/mrk//external/FATFileSystem/LPC1768/FATFileSystem.ar
LOAD /Users/Abhijeet/Workspace/mrk/mrk//external/gcc/LPC1768/libstdc++.a
LOAD /Users/Abhijeet/Workspace/mrk/mrk//external/gcc/LPC1768/libm.a
START GROUP
LOAD /Users/Abhijeet/mbed_offline/arm-2011.03/bin/../lib/gcc/arm-none-eabi/4.5.2/thumb2/libgcc.a
LOAD /Users/Abhijeet/Workspace/mrk/mrk//external/gcc/LPC1768/libc.a
END GROUP
LOAD /Users/Abhijeet/mbed_offline/arm-2011.03/bin/../lib/gcc/arm-none-eabi/4.5.2/thumb2/crtend.o
LOAD /Users/Abhijeet/mbed_offline/arm-2011.03/bin/../lib/gcc/arm-none-eabi/4.5.2/thumb2/crtn.o

.text           0x0000000000000000     0xb7bc
 *(RESET)
 RESET          0x0000000000000000       0xc4 /Users/Abhijeet/Workspace/mrk/mrk//external/mbed/LPC1768/capi.ar(startup_LPC17xx.LPC1768.o)
                0x0000000000000000                __Vectors
 *(.mbed_init)
 .mbed_init     0x00000000000000c4      0x108 /Users/Abhijeet/Workspace/mrk/mrk//src/gcc4mbed.o
                0x00000000000000c4                __main
 *(i.SystemInit)
 i.SystemInit   0x00000000000001cc       0x78 /Users/Abhijeet/Workspace/mrk/mrk//external/mbed/LPC1768/capi.ar(system_LPC17xx.LPC1768.o)
                0x00000000000001cc                SystemInit
                0x00000000000002fc                . = 0x2fc
 *fill*         0x0000000000000244       0xb8 00
 *(.crp)
                0x0000000000000300                . = 0x300
 *fill*         0x00000000000002fc        0x4 00
 *(.text .text.*)
 .text          0x0000000000000300       0x30 /Users/Abhijeet/mbed_offline/arm-2011.03/bin/../lib/gcc/arm-none-eabi/4.5.2/thumb2/crtbegin.o
 .text.__GCC4MBEDOpenStandardHandles
                0x0000000000000330       0x34 /Users/Abhijeet/Workspace/mrk/mrk//src/syscalls.o
                0x0000000000000330                __GCC4MBEDOpenStandardHandles
 .text._kill    0x0000000000000364       0x10 /Users/Abhijeet/Workspace/mrk/mrk//src/syscalls.o
                0x0000000000000364                _kill
 .text._exit    0x0000000000000374        0x8 /Users/Abhijeet/Workspace/mrk/mrk//src/syscalls.o
                0x0000000000000374                _exit
 .text._getpid  0x000000000000037c        0x4 /Users/Abhijeet/Workspace/mrk/mrk//src/syscalls.o
                0x000000000000037c                _getpid
 .text._sbrk    0x0000000000000380       0x30 /Users/Abhijeet/Workspace/mrk/mrk//src/syscalls.o
                0x0000000000000380                _sbrk
 .text._close   0x00000000000003b0        0x4 /Users/Abhijeet/Workspace/mrk/mrk//src/syscalls.o
                0x00000000000003b0                _close
 .text._isatty  0x00000000000003b4        0xc /Users/Abhijeet/Workspace/mrk/mrk//src/syscalls.o
                0x00000000000003b4                _isatty
 .text._lseek   0x00000000000003c0      0x120 /Users/Abhijeet/Workspace/mrk/mrk//src/syscalls.o
                0x00000000000003c0                _lseek
 .text._read    0x00000000000004e0       0x34 /Users/Abhijeet/Workspace/mrk/mrk//src/syscalls.o
                0x00000000000004e0                _read
 .text._write   0x0000000000000514       0x38 /Users/Abhijeet/Workspace/mrk/mrk//src/syscalls.o
                0x0000000000000514                _write
 .text._fstat   0x000000000000054c        0xc /Users/Abhijeet/Workspace/mrk/mrk//src/syscalls.o
                0x000000000000054c                _fstat
 .text._Z11set_PinFunchhh
                0x0000000000000558       0x30 /Users/Abhijeet/Workspace/mrk/mrk//NanoRK/nano-RK/src/platform/mbed/source/ulib.o
                0x0000000000000558                _Z11set_PinFunchhh
 .text._Z16set_ResistorModehhh
                0x0000000000000588       0x30 /Users/Abhijeet/Workspace/mrk/mrk//NanoRK/nano-RK/src/platform/mbed/source/ulib.o
                0x0000000000000588                _Z16set_ResistorModehhh
 .text._Z17set_OpenDrainModehhh
                0x00000000000005b8       0x34 /Users/Abhijeet/Workspace/mrk/mrk//NanoRK/nano-RK/src/platform/mbed/source/ulib.o
                0x00000000000005b8                _Z17set_OpenDrainModehhh
 .text._Z16PINSEL_ConfigPinP15PINSEL_CFG_Type
                0x00000000000005ec       0x28 /Users/Abhijeet/Workspace/mrk/mrk//NanoRK/nano-RK/src/platform/mbed/source/ulib.o
                0x00000000000005ec                _Z16PINSEL_ConfigPinP15PINSEL_CFG_Type
 .text._Z12setupSPIPinsv
                0x0000000000000614       0x4c /Users/Abhijeet/Workspace/mrk/mrk//NanoRK/nano-RK/src/platform/mbed/source/ulib.o
                0x0000000000000614                _Z12setupSPIPinsv
 .text._Z14setup_uartPinsv
                0x0000000000000660       0x4c /Users/Abhijeet/Workspace/mrk/mrk//NanoRK/nano-RK/src/platform/mbed/source/ulib.o
                0x0000000000000660                _Z14setup_uartPinsv
 .text._Z11GPIO_SetDirhmh
                0x00000000000006ac       0x30 /Users/Abhijeet/Workspace/mrk/mrk//NanoRK/nano-RK/src/platform/mbed/source/ulib.o
                0x00000000000006ac                _Z11GPIO_SetDirhmh
 .text._Z7initLEDv
                0x00000000000006dc       0xac /Users/Abhijeet/Workspace/mrk/mrk//NanoRK/nano-RK/src/platform/mbed/source/ulib.o
                0x00000000000006dc                _Z7initLEDv
 .text._Z9PORT_INITv
                0x0000000000000788       0x14 /Users/Abhijeet/Workspace/mrk/mrk//NanoRK/nano-RK/src/platform/mbed/source/ulib.o
                0x0000000000000788                _Z9PORT_INITv
 .text._Z15nrk_setup_portsv
                0x000000000000079c        0x4 /Users/Abhijeet/Workspace/mrk/mrk//NanoRK/nano-RK/src/platform/mbed/source/ulib.o
                0x000000000000079c                _Z15nrk_setup_portsv
 .text._Z12nrk_gpio_setm
                0x00000000000007a0       0x2c /Users/Abhijeet/Workspace/mrk/mrk//NanoRK/nano-RK/src/platform/mbed/source/ulib.o
                0x00000000000007a0                _Z12nrk_gpio_setm
 .text._Z11nrk_led_seti
                0x00000000000007cc       0x44 /Users/Abhijeet/Workspace/mrk/mrk//NanoRK/nano-RK/src/platform/mbed/source/ulib.o
                0x00000000000007cc                _Z11nrk_led_seti
 .text          0x0000000000000810       0xdc /Users/Abhijeet/Workspace/mrk/mrk//NanoRK/nano-RK/src/kernel/hal/LPC1768/LPC1768_hw_specific.o
                0x0000000000000810                nrk_start_high_ready_task
                0x000000000000081e                _nrk_spin_wait_us
                0x00000000000008d2                SVC_Handler
 .text.main     0x00000000000008ec       0x24 ./main.o
                0x00000000000008ec                main
 .text._GLOBAL__I_Stack1
                0x0000000000000910       0x50 ./main.o
 .text          0x0000000000000960       0x24 /Users/Abhijeet/Workspace/mrk/mrk//external/mbed/LPC1768/capi.ar(startup_LPC17xx.LPC1768.o)
                0x0000000000000960                Reset_Handler
                0x0000000000000968                NMI_Handler
                0x000000000000096a                HardFault_Handler
                0x000000000000096c                MemManage_Handler
                0x000000000000096e                BusFault_Handler
                0x0000000000000970                UsageFault_Handler
                0x0000000000000974                DebugMon_Handler
                0x0000000000000976                PendSV_Handler
                0x0000000000000978                SysTick_Handler
                0x000000000000097a                UART0_IRQHandler
                0x000000000000097a                PLL0_IRQHandler
                0x000000000000097a                CAN_IRQHandler
                0x000000000000097a                PLL1_IRQHandler
                0x000000000000097a                SSP0_IRQHandler
                0x000000000000097a                I2S_IRQHandler
                0x000000000000097a                I2C2_IRQHandler
                0x000000000000097a                RTC_IRQHandler
                0x000000000000097a                TIMER0_IRQHandler
                0x000000000000097a                SPI_IRQHandler
                0x000000000000097a                EINT1_IRQHandler
                0x000000000000097a                TIMER1_IRQHandler
                0x000000000000097a                UART2_IRQHandler
                0x000000000000097a                ADC_IRQHandler
                0x000000000000097a                SSP1_IRQHandler
                0x000000000000097a                USB_IRQHandler
                0x000000000000097a                BOD_IRQHandler
                0x000000000000097a                WDT_IRQHandler
                0x000000000000097a                QEI_IRQHandler
                0x000000000000097a                EINT0_IRQHandler
                0x000000000000097a                DMA_IRQHandler
                0x000000000000097a                UART3_IRQHandler
                0x000000000000097a                MCPWM_IRQHandler
                0x000000000000097a                TIMER2_IRQHandler
                0x000000000000097a                ENET_IRQHandler
                0x000000000000097a                RIT_IRQHandler
                0x000000000000097a                I2C0_IRQHandler
                0x000000000000097a                PWM1_IRQHandler
                0x000000000000097a                I2C1_IRQHandler
                0x000000000000097a                EINT2_IRQHandler
                0x000000000000097a                UART1_IRQHandler
                0x000000000000097a                EINT3_IRQHandler
                0x000000000000097a                TIMER3_IRQHandler
 .text.__aeabi_atexit
                0x0000000000000984        0xa /Users/Abhijeet/Workspace/mrk/mrk//external/gcc/LPC1768/libstdc++.a(atexit_arm.o)
                0x0000000000000984                __aeabi_atexit
 .text._ZNK10__cxxabiv117__class_type_info20__do_find_public_srcEiPKvPKS0_S2_
                0x000000000000098e        0xc /Users/Abhijeet/Workspace/mrk/mrk//external/gcc/LPC1768/libstdc++.a(class_type_info.o)
                0x000000000000098e                _ZNK10__cxxabiv117__class_type_info20__do_find_public_srcEiPKvPKS0_S2_
 .text._ZNK10__cxxabiv117__class_type_info11__do_upcastEPKS0_PKvRNS0_15__upcast_resultE
                0x000000000000099a       0x1a /Users/Abhijeet/Workspace/mrk/mrk//external/gcc/LPC1768/libstdc++.a(class_type_info.o)
                0x000000000000099a                _ZNK10__cxxabiv117__class_type_info11__do_upcastEPKS0_PKvRNS0_15__upcast_resultE
 .text._ZNK10__cxxabiv117__class_type_info12__do_dyncastEiNS0_10__sub_kindEPKS0_PKvS3_S5_RNS0_16__dyncast_resultE
                0x00000000000009b4       0x3c /Users/Abhijeet/Workspace/mrk/mrk//external/gcc/LPC1768/libstdc++.a(class_type_info.o)
                0x00000000000009b4                _ZNK10__cxxabiv117__class_type_info12__do_dyncastEiNS0_10__sub_kindEPKS0_PKvS3_S5_RNS0_16__dyncast_resultE
 .text._ZNK10__cxxabiv117__class_type_info10__do_catchEPKSt9type_infoPPvj
                0x00000000000009f0       0x26 /Users/Abhijeet/Workspace/mrk/mrk//external/gcc/LPC1768/libstdc++.a(class_type_info.o)
                0x00000000000009f0                _ZNK10__cxxabiv117__class_type_info10__do_catchEPKSt9type_infoPPvj
 *fill*         0x0000000000000a16        0x2 00
 .text._ZN10__cxxabiv117__class_type_infoD2Ev
                0x0000000000000a18       0x14 /Users/Abhijeet/Workspace/mrk/mrk//external/gcc/LPC1768/libstdc++.a(class_type_info.o)
                0x0000000000000a18                _ZN10__cxxabiv117__class_type_infoD1Ev
                0x0000000000000a18                _ZN10__cxxabiv117__class_type_infoD2Ev
 .text._ZN10__cxxabiv117__class_type_infoD0Ev
                0x0000000000000a2c       0x12 /Users/Abhijeet/Workspace/mrk/mrk//external/gcc/LPC1768/libstdc++.a(class_type_info.o)
                0x0000000000000a2c                _ZN10__cxxabiv117__class_type_infoD0Ev
 .text._ZN10__cxxabiv117__class_type_info15__upcast_resultC2Ei
                0x0000000000000a3e        0xc /Users/Abhijeet/Workspace/mrk/mrk//external/gcc/LPC1768/libstdc++.a(class_type_info.o)
                0x0000000000000a3e                _ZN10__cxxabiv117__class_type_info15__upcast_resultC2Ei
                0x0000000000000a3e                _ZN10__cxxabiv117__class_type_info15__upcast_resultC1Ei
 .text._ZNK10__cxxabiv117__class_type_info11__do_upcastEPKS0_PPv
                0x0000000000000a4a       0x3a /Users/Abhijeet/Workspace/mrk/mrk//external/gcc/LPC1768/libstdc++.a(class_type_info.o)
                0x0000000000000a4a                _ZNK10__cxxabiv117__class_type_info11__do_upcastEPKS0_PPv
 .text._ZdlPv   0x0000000000000a84        0x8 /Users/Abhijeet/Workspace/mrk/mrk//external/gcc/LPC1768/libstdc++.a(del_op.o)
                0x0000000000000a84                _ZdlPv
 .text._ZdaPv   0x0000000000000a8c        0x4 /Users/Abhijeet/Workspace/mrk/mrk//external/gcc/LPC1768/libstdc++.a(del_opv.o)
                0x0000000000000a8c                _ZdaPv
 .text._ZN10__cxxabiv112_GLOBAL__N_118contained_public_pENS_17__class_type_info10__sub_kindE
                0x0000000000000a90       0x10 /Users/Abhijeet/Workspace/mrk/mrk//external/gcc/LPC1768/libstdc++.a(dyncast.o)
 .text._ZN10__cxxabiv112_GLOBAL__N_114adjust_pointerIvEEPKT_PKvi
                0x0000000000000aa0        0x4 /Users/Abhijeet/Workspace/mrk/mrk//external/gcc/LPC1768/libstdc++.a(dyncast.o)
 .text._ZN10__cxxabiv117__class_type_info16__dyncast_resultC2Ei
                0x0000000000000aa4        0xe /Users/Abhijeet/Workspace/mrk/mrk//external/gcc/LPC1768/libstdc++.a(dyncast.o)
                0x0000000000000aa4                _ZN10__cxxabiv117__class_type_info16__dyncast_resultC2Ei
                0x0000000000000aa4                _ZN10__cxxabiv117__class_type_info16__dyncast_resultC1Ei
 .text._ZNK10__cxxabiv117__class_type_info17__find_public_srcEiPKvPKS0_S2_
                0x0000000000000ab2       0x2c /Users/Abhijeet/Workspace/mrk/mrk//external/gcc/LPC1768/libstdc++.a(dyncast.o)
                0x0000000000000ab2                _ZNK10__cxxabiv117__class_type_info17__find_public_srcEiPKvPKS0_S2_
 .text.__dynamic_cast
                0x0000000000000ade       0xa4 /Users/Abhijeet/Workspace/mrk/mrk//external/gcc/LPC1768/libstdc++.a(dyncast.o)
                0x0000000000000ade                __dynamic_cast
 .text._ZNK10__cxxabiv120__si_class_type_info11__do_upcastEPKNS_17__class_type_infoEPKvRNS1_15__upcast_resultE
                0x0000000000000b82       0x24 /Users/Abhijeet/Workspace/mrk/mrk//external/gcc/LPC1768/libstdc++.a(si_class_type_info.o)
                0x0000000000000b82                _ZNK10__cxxabiv120__si_class_type_info11__do_upcastEPKNS_17__class_type_infoEPKvRNS1_15__upcast_resultE
 .text._ZNK10__cxxabiv120__si_class_type_info12__do_dyncastEiNS_17__class_type_info10__sub_kindEPKS1_PKvS4_S6_RNS1_16__dyncast_resultE
                0x0000000000000ba6       0x90 /Users/Abhijeet/Workspace/mrk/mrk//external/gcc/LPC1768/libstdc++.a(si_class_type_info.o)
                0x0000000000000ba6                _ZNK10__cxxabiv120__si_class_type_info12__do_dyncastEiNS_17__class_type_info10__sub_kindEPKS1_PKvS4_S6_RNS1_16__dyncast_resultE
 .text._ZNK10__cxxabiv120__si_class_type_info20__do_find_public_srcEiPKvPKNS_17__class_type_infoES2_
                0x0000000000000c36       0x36 /Users/Abhijeet/Workspace/mrk/mrk//external/gcc/LPC1768/libstdc++.a(si_class_type_info.o)
                0x0000000000000c36                _ZNK10__cxxabiv120__si_class_type_info20__do_find_public_srcEiPKvPKNS_17__class_type_infoES2_
 .text._ZN10__cxxabiv120__si_class_type_infoD2Ev
                0x0000000000000c6c       0x14 /Users/Abhijeet/Workspace/mrk/mrk//external/gcc/LPC1768/libstdc++.a(si_class_type_info.o)
                0x0000000000000c6c                _ZN10__cxxabiv120__si_class_type_infoD2Ev
                0x0000000000000c6c                _ZN10__cxxabiv120__si_class_type_infoD1Ev
 .text._ZN10__cxxabiv120__si_class_type_infoD0Ev
                0x0000000000000c80       0x12 /Users/Abhijeet/Workspace/mrk/mrk//external/gcc/LPC1768/libstdc++.a(si_class_type_info.o)
                0x0000000000000c80                _ZN10__cxxabiv120__si_class_type_infoD0Ev
 *fill*         0x0000000000000c92        0x2 00
 .text._ZNSt9type_infoD2Ev
                0x0000000000000c94        0xc /Users/Abhijeet/Workspace/mrk/mrk//external/gcc/LPC1768/libstdc++.a(tinfo.o)
                0x0000000000000c94                _ZNSt9type_infoD1Ev
                0x0000000000000c94                _ZNSt9type_infoD2Ev
 .text._ZNKSt9type_info14__is_pointer_pEv
                0x0000000000000ca0        0x4 /Users/Abhijeet/Workspace/mrk/mrk//external/gcc/LPC1768/libstdc++.a(tinfo.o)
                0x0000000000000ca0                _ZNKSt9type_info14__is_pointer_pEv
 .text._ZNKSt9type_info15__is_function_pEv
                0x0000000000000ca4        0x4 /Users/Abhijeet/Workspace/mrk/mrk//external/gcc/LPC1768/libstdc++.a(tinfo.o)
                0x0000000000000ca4                _ZNKSt9type_info15__is_function_pEv
 .text._ZNKSt9type_info11__do_upcastEPKN10__cxxabiv117__class_type_infoEPPv
                0x0000000000000ca8        0x4 /Users/Abhijeet/Workspace/mrk/mrk//external/gcc/LPC1768/libstdc++.a(tinfo.o)
                0x0000000000000ca8                _ZNKSt9type_info11__do_upcastEPKN10__cxxabiv117__class_type_infoEPPv
 .text._ZNSt9type_infoD0Ev
                0x0000000000000cac       0x12 /Users/Abhijeet/Workspace/mrk/mrk//external/gcc/LPC1768/libstdc++.a(tinfo.o)
                0x0000000000000cac                _ZNSt9type_infoD0Ev
 .text._ZNKSt9type_info4nameEv
                0x0000000000000cbe        0xc /Users/Abhijeet/Workspace/mrk/mrk//external/gcc/LPC1768/libstdc++.a(tinfo.o)
                0x0000000000000cbe                _ZNKSt9type_info4nameEv
 .text._ZNKSt9type_infoeqERKS_
                0x0000000000000cca       0x34 /Users/Abhijeet/Workspace/mrk/mrk//external/gcc/LPC1768/libstdc++.a(tinfo.o)
                0x0000000000000cca                _ZNKSt9type_infoeqERKS_
 .text._ZNKSt9type_info10__do_catchEPKS_PPvj
                0x0000000000000cfe        0x4 /Users/Abhijeet/Workspace/mrk/mrk//external/gcc/LPC1768/libstdc++.a(tinfo.o)
                0x0000000000000cfe                _ZNKSt9type_info10__do_catchEPKS_PPvj
 .text._ZN10__cxxabiv112_GLOBAL__N_111contained_pENS_17__class_type_info10__sub_kindE
                0x0000000000000d02        0xa /Users/Abhijeet/Workspace/mrk/mrk//external/gcc/LPC1768/libstdc++.a(vmi_class_type_info.o)
 .text._ZN10__cxxabiv112_GLOBAL__N_19virtual_pENS_17__class_type_info10__sub_kindE
                0x0000000000000d0c        0x6 /Users/Abhijeet/Workspace/mrk/mrk//external/gcc/LPC1768/libstdc++.a(vmi_class_type_info.o)
 .text._ZN10__cxxabiv112_GLOBAL__N_114adjust_pointerIvEEPKT_PKvi
                0x0000000000000d12        0x4 /Users/Abhijeet/Workspace/mrk/mrk//external/gcc/LPC1768/libstdc++.a(vmi_class_type_info.o)
 .text._ZN10__cxxabiv112_GLOBAL__N_115convert_to_baseEPKvbi
                0x0000000000000d16        0xc /Users/Abhijeet/Workspace/mrk/mrk//external/gcc/LPC1768/libstdc++.a(vmi_class_type_info.o)
 *fill*         0x0000000000000d22        0x2 00
 .text._ZN10__cxxabiv121__vmi_class_type_infoD2Ev
                0x0000000000000d24       0x14 /Users/Abhijeet/Workspace/mrk/mrk//external/gcc/LPC1768/libstdc++.a(vmi_class_type_info.o)
                0x0000000000000d24                _ZN10__cxxabiv121__vmi_class_type_infoD1Ev
                0x0000000000000d24                _ZN10__cxxabiv121__vmi_class_type_infoD2Ev
 .text._ZN10__cxxabiv121__vmi_class_type_infoD0Ev
                0x0000000000000d38       0x12 /Users/Abhijeet/Workspace/mrk/mrk//external/gcc/LPC1768/libstdc++.a(vmi_class_type_info.o)
                0x0000000000000d38                _ZN10__cxxabiv121__vmi_class_type_infoD0Ev
 .text._ZNK10__cxxabiv122__base_class_type_info14__is_virtual_pEv
                0x0000000000000d4a        0x8 /Users/Abhijeet/Workspace/mrk/mrk//external/gcc/LPC1768/libstdc++.a(vmi_class_type_info.o)
                0x0000000000000d4a                _ZNK10__cxxabiv122__base_class_type_info14__is_virtual_pEv
 .text._ZNK10__cxxabiv122__base_class_type_info13__is_public_pEv
                0x0000000000000d52        0x8 /Users/Abhijeet/Workspace/mrk/mrk//external/gcc/LPC1768/libstdc++.a(vmi_class_type_info.o)
                0x0000000000000d52                _ZNK10__cxxabiv122__base_class_type_info13__is_public_pEv
 .text._ZNK10__cxxabiv122__base_class_type_info8__offsetEv
                0x0000000000000d5a        0x6 /Users/Abhijeet/Workspace/mrk/mrk//external/gcc/LPC1768/libstdc++.a(vmi_class_type_info.o)
                0x0000000000000d5a                _ZNK10__cxxabiv122__base_class_type_info8__offsetEv
 .text._ZNK10__cxxabiv121__vmi_class_type_info20__do_find_public_srcEiPKvPKNS_17__class_type_infoES2_
                0x0000000000000d60       0x96 /Users/Abhijeet/Workspace/mrk/mrk//external/gcc/LPC1768/libstdc++.a(vmi_class_type_info.o)
                0x0000000000000d60                _ZNK10__cxxabiv121__vmi_class_type_info20__do_find_public_srcEiPKvPKNS_17__class_type_infoES2_
 .text._ZNK10__cxxabiv121__vmi_class_type_info11__do_upcastEPKNS_17__class_type_infoEPKvRNS1_15__upcast_resultE
                0x0000000000000df6      0x148 /Users/Abhijeet/Workspace/mrk/mrk//external/gcc/LPC1768/libstdc++.a(vmi_class_type_info.o)
                0x0000000000000df6                _ZNK10__cxxabiv121__vmi_class_type_info11__do_upcastEPKNS_17__class_type_infoEPKvRNS1_15__upcast_resultE
 .text._ZNK10__cxxabiv121__vmi_class_type_info12__do_dyncastEiNS_17__class_type_info10__sub_kindEPKS1_PKvS4_S6_RNS1_16__dyncast_resultE
                0x0000000000000f3e      0x2e0 /Users/Abhijeet/Workspace/mrk/mrk//external/gcc/LPC1768/libstdc++.a(vmi_class_type_info.o)
                0x0000000000000f3e                _ZNK10__cxxabiv121__vmi_class_type_info12__do_dyncastEiNS_17__class_type_info10__sub_kindEPKS1_PKvS4_S6_RNS1_16__dyncast_resultE
 *fill*         0x000000000000121e        0x2 00
 .text.scalbn   0x0000000000001220       0xf8 /Users/Abhijeet/Workspace/mrk/mrk//external/gcc/LPC1768/libm.a(lib_a-s_scalbn.o)
                0x0000000000001220                scalbn
 .text.copysign
                0x0000000000001318       0x10 /Users/Abhijeet/Workspace/mrk/mrk//external/gcc/LPC1768/libm.a(lib_a-s_copysign.o)
                0x0000000000001318                copysign
 .text          0x0000000000001328      0x370 /Users/Abhijeet/mbed_offline/arm-2011.03/bin/../lib/gcc/arm-none-eabi/4.5.2/thumb2/libgcc.a(_arm_addsubdf3.o)
                0x0000000000001328                __aeabi_drsub
                0x0000000000001330                __subdf3
                0x0000000000001330                __aeabi_dsub
                0x0000000000001334                __aeabi_dadd
                0x0000000000001334                __adddf3
                0x00000000000015ac                __aeabi_ui2d
                0x00000000000015ac                __floatunsidf
                0x00000000000015cc                __floatsidf
                0x00000000000015cc                __aeabi_i2d
                0x00000000000015f0                __extendsfdf2
                0x00000000000015f0                __aeabi_f2d
                0x000000000000162c                __aeabi_ul2d
                0x000000000000162c                __floatundidf
                0x000000000000163c                __aeabi_l2d
                0x000000000000163c                __floatdidf
 .text          0x0000000000001698      0x424 /Users/Abhijeet/mbed_offline/arm-2011.03/bin/../lib/gcc/arm-none-eabi/4.5.2/thumb2/libgcc.a(_arm_muldivdf3.o)
                0x0000000000001698                __aeabi_dmul
                0x0000000000001698                __muldf3
                0x00000000000018ec                __aeabi_ddiv
                0x00000000000018ec                __divdf3
 .text          0x0000000000001abc       0x50 /Users/Abhijeet/mbed_offline/arm-2011.03/bin/../lib/gcc/arm-none-eabi/4.5.2/thumb2/libgcc.a(_arm_fixdfsi.o)
                0x0000000000001abc                __fixdfsi
                0x0000000000001abc                __aeabi_d2iz
 .text          0x0000000000001b0c       0xa0 /Users/Abhijeet/mbed_offline/arm-2011.03/bin/../lib/gcc/arm-none-eabi/4.5.2/thumb2/libgcc.a(_arm_truncdfsf2.o)
                0x0000000000001b0c                __aeabi_d2f
                0x0000000000001b0c                __truncdfsf2
 .text          0x0000000000001bac      0x21c /Users/Abhijeet/mbed_offline/arm-2011.03/bin/../lib/gcc/arm-none-eabi/4.5.2/thumb2/libgcc.a(_arm_addsubsf3.o)
                0x0000000000001bac                __aeabi_frsub
                0x0000000000001bb4                __aeabi_fsub
                0x0000000000001bb4                __subsf3
                0x0000000000001bb8                __aeabi_fadd
                0x0000000000001bb8                __addsf3
                0x0000000000001d18                __aeabi_ui2f
                0x0000000000001d18                __floatunsisf
                0x0000000000001d20                __floatsisf
                0x0000000000001d20                __aeabi_i2f
                0x0000000000001d3c                __aeabi_ul2f
                0x0000000000001d3c                __floatundisf
                0x0000000000001d4c                __aeabi_l2f
                0x0000000000001d4c                __floatdisf
 .text          0x0000000000001dc8      0x2a0 /Users/Abhijeet/mbed_offline/arm-2011.03/bin/../lib/gcc/arm-none-eabi/4.5.2/thumb2/libgcc.a(_arm_muldivsf3.o)
                0x0000000000001dc8                __mulsf3
                0x0000000000001dc8                __aeabi_fmul
                0x0000000000001f30                __divsf3
                0x0000000000001f30                __aeabi_fdiv
 .text          0x0000000000002068       0xec /Users/Abhijeet/mbed_offline/arm-2011.03/bin/../lib/gcc/arm-none-eabi/4.5.2/thumb2/libgcc.a(_arm_cmpsf2.o)
                0x0000000000002068                __gesf2
                0x0000000000002068                __gtsf2
                0x0000000000002070                __ltsf2
                0x0000000000002070                __lesf2
                0x0000000000002078                __nesf2
                0x0000000000002078                __eqsf2
                0x0000000000002078                __cmpsf2
                0x00000000000020d8                __aeabi_cfrcmple
                0x00000000000020e0                __aeabi_cfcmpeq
                0x00000000000020e0                __aeabi_cfcmple
                0x00000000000020f0                __aeabi_fcmpeq
                0x0000000000002104                __aeabi_fcmplt
                0x0000000000002118                __aeabi_fcmple
                0x000000000000212c                __aeabi_fcmpge
                0x0000000000002140                __aeabi_fcmpgt
 .text          0x0000000000002154       0x2c /Users/Abhijeet/mbed_offline/arm-2011.03/bin/../lib/gcc/arm-none-eabi/4.5.2/thumb2/libgcc.a(_aeabi_uldivmod.o)
                0x0000000000002154                __aeabi_uldivmod
 .text          0x0000000000002180       0x60 /Users/Abhijeet/mbed_offline/arm-2011.03/bin/../lib/gcc/arm-none-eabi/4.5.2/thumb2/libgcc.a(bpabi.o)
                0x0000000000002180                __gnu_ldivmod_helper
                0x00000000000021b0                __gnu_uldivmod_helper
 .text          0x00000000000021e0        0x4 /Users/Abhijeet/mbed_offline/arm-2011.03/bin/../lib/gcc/arm-none-eabi/4.5.2/thumb2/libgcc.a(_dvmd_tls.o)
                0x00000000000021e0                __aeabi_ldiv0
                0x00000000000021e0                __aeabi_idiv0
 .text          0x00000000000021e4      0x360 /Users/Abhijeet/mbed_offline/arm-2011.03/bin/../lib/gcc/arm-none-eabi/4.5.2/thumb2/libgcc.a(_divdi3.o)
                0x00000000000021e4                __divdi3
 .text          0x0000000000002544      0x308 /Users/Abhijeet/mbed_offline/arm-2011.03/bin/../lib/gcc/arm-none-eabi/4.5.2/thumb2/libgcc.a(_udivdi3.o)
                0x0000000000002544                __udivdi3
 *fill*         0x000000000000284c        0x4 00
 .text          0x0000000000002850      0x278 /Users/Abhijeet/mbed_offline/arm-2011.03/bin/../lib/gcc/arm-none-eabi/4.5.2/thumb2/libgcc.a(_udivsi3.o)
                0x0000000000002850                __udivsi3
                0x0000000000002850                __aeabi_uidiv
                0x0000000000002aac                __aeabi_uidivmod
 .text.abort    0x0000000000002ac8        0xe /Users/Abhijeet/Workspace/mrk/mrk//external/gcc/LPC1768/libc.a(lib_a-abort.o)
                0x0000000000002ac8                abort
 .text.__aeabi_assert
                0x0000000000002ad6        0xe /Users/Abhijeet/Workspace/mrk/mrk//external/gcc/LPC1768/libc.a(lib_a-clibabi_assert.o)
                0x0000000000002ad6                __aeabi_assert
 .text.setup_aeabi_stdio
                0x0000000000002ae4       0x28 /Users/Abhijeet/Workspace/mrk/mrk//external/gcc/LPC1768/libc.a(lib_a-clibabi_stdio.o)
 .text.__cxa_atexit
                0x0000000000002b0c       0x16 /Users/Abhijeet/Workspace/mrk/mrk//external/gcc/LPC1768/libc.a(lib_a-cxa_atexit.o)
                0x0000000000002b0c                __cxa_atexit
 *fill*         0x0000000000002b22        0x2 00
 .text.fprintf  0x0000000000002b24       0x24 /Users/Abhijeet/Workspace/mrk/mrk//external/gcc/LPC1768/libc.a(lib_a-fprintf.o)
                0x0000000000002b24                fprintf
 .text.__sfvwrite_r
                0x0000000000002b48      0x294 /Users/Abhijeet/Workspace/mrk/mrk//external/gcc/LPC1768/libc.a(lib_a-fvwrite.o)
                0x0000000000002b48                __sfvwrite_r
 .text._fwrite_r
                0x0000000000002ddc       0x90 /Users/Abhijeet/Workspace/mrk/mrk//external/gcc/LPC1768/libc.a(lib_a-fwrite.o)
                0x0000000000002ddc                _fwrite_r
 .text.fwrite   0x0000000000002e6c       0x20 /Users/Abhijeet/Workspace/mrk/mrk//external/gcc/LPC1768/libc.a(lib_a-fwrite.o)
                0x0000000000002e6c                fwrite
 .text.__libc_init_array
                0x0000000000002e8c       0x48 /Users/Abhijeet/Workspace/mrk/mrk//external/gcc/LPC1768/libc.a(lib_a-init.o)
                0x0000000000002e8c                __libc_init_array
 .text.malloc   0x0000000000002ed4       0x10 /Users/Abhijeet/Workspace/mrk/mrk//external/gcc/LPC1768/libc.a(lib_a-malloc.o)
                0x0000000000002ed4                malloc
 .text.free     0x0000000000002ee4       0x10 /Users/Abhijeet/Workspace/mrk/mrk//external/gcc/LPC1768/libc.a(lib_a-malloc.o)
                0x0000000000002ee4                free
 .text._malloc_r
                0x0000000000002ef4      0x408 /Users/Abhijeet/Workspace/mrk/mrk//external/gcc/LPC1768/libc.a(lib_a-mallocr.o)
                0x0000000000002ef4                _malloc_r
 .text.memchr   0x00000000000032fc       0x1c /Users/Abhijeet/Workspace/mrk/mrk//external/gcc/LPC1768/libc.a(lib_a-memchr.o)
                0x00000000000032fc                memchr
 .text.memcpy   0x0000000000003318       0x16 /Users/Abhijeet/Workspace/mrk/mrk//external/gcc/LPC1768/libc.a(lib_a-memcpy.o)
                0x0000000000003318                memcpy
 .text.memmove  0x000000000000332e       0x30 /Users/Abhijeet/Workspace/mrk/mrk//external/gcc/LPC1768/libc.a(lib_a-memmove.o)
                0x000000000000332e                memmove
 .text.__malloc_lock
                0x000000000000335e        0x2 /Users/Abhijeet/Workspace/mrk/mrk//external/gcc/LPC1768/libc.a(lib_a-mlock.o)
                0x000000000000335e                __malloc_lock
 .text.__malloc_unlock
                0x0000000000003360        0x2 /Users/Abhijeet/Workspace/mrk/mrk//external/gcc/LPC1768/libc.a(lib_a-mlock.o)
                0x0000000000003360                __malloc_unlock
 *fill*         0x0000000000003362        0x2 00
 .text.printf   0x0000000000003364       0x30 /Users/Abhijeet/Workspace/mrk/mrk//external/gcc/LPC1768/libc.a(lib_a-printf.o)
                0x0000000000003364                printf
 .text._realloc_r
                0x0000000000003394      0x2f8 /Users/Abhijeet/Workspace/mrk/mrk//external/gcc/LPC1768/libc.a(lib_a-reallocr.o)
                0x0000000000003394                _realloc_r
 .text._sbrk_r  0x000000000000368c       0x24 /Users/Abhijeet/Workspace/mrk/mrk//external/gcc/LPC1768/libc.a(lib_a-sbrkr.o)
                0x000000000000368c                _sbrk_r
 .text._raise_r
                0x00000000000036b0       0x56 /Users/Abhijeet/Workspace/mrk/mrk//external/gcc/LPC1768/libc.a(lib_a-signal.o)
                0x00000000000036b0                _raise_r
 *fill*         0x0000000000003706        0x2 00
 .text.raise    0x0000000000003708       0x10 /Users/Abhijeet/Workspace/mrk/mrk//external/gcc/LPC1768/libc.a(lib_a-signal.o)
                0x0000000000003708                raise
 .text._kill_r  0x0000000000003718       0x24 /Users/Abhijeet/Workspace/mrk/mrk//external/gcc/LPC1768/libc.a(lib_a-signalr.o)
                0x0000000000003718                _kill_r
 .text._getpid_r
                0x000000000000373c        0x4 /Users/Abhijeet/Workspace/mrk/mrk//external/gcc/LPC1768/libc.a(lib_a-signalr.o)
                0x000000000000373c                _getpid_r
 .text.sprintf  0x0000000000003740       0x48 /Users/Abhijeet/Workspace/mrk/mrk//external/gcc/LPC1768/libc.a(lib_a-sprintf.o)
                0x0000000000003740                sprintf
 .text.sscanf   0x0000000000003788       0x54 /Users/Abhijeet/Workspace/mrk/mrk//external/gcc/LPC1768/libc.a(lib_a-sscanf.o)
                0x0000000000003788                sscanf
 .text.__sread  0x00000000000037dc       0x22 /Users/Abhijeet/Workspace/mrk/mrk//external/gcc/LPC1768/libc.a(lib_a-stdio.o)
                0x00000000000037dc                __sread
 .text.__seofread
                0x00000000000037fe        0x4 /Users/Abhijeet/Workspace/mrk/mrk//external/gcc/LPC1768/libc.a(lib_a-stdio.o)
                0x00000000000037fe                __seofread
 .text.__swrite
                0x0000000000003802       0x3a /Users/Abhijeet/Workspace/mrk/mrk//external/gcc/LPC1768/libc.a(lib_a-stdio.o)
                0x0000000000003802                __swrite
 .text.__sseek  0x000000000000383c       0x26 /Users/Abhijeet/Workspace/mrk/mrk//external/gcc/LPC1768/libc.a(lib_a-stdio.o)
                0x000000000000383c                __sseek
 .text.__sclose
                0x0000000000003862        0x8 /Users/Abhijeet/Workspace/mrk/mrk//external/gcc/LPC1768/libc.a(lib_a-stdio.o)
                0x0000000000003862                __sclose
 .text.strcmp   0x000000000000386a       0x16 /Users/Abhijeet/Workspace/mrk/mrk//external/gcc/LPC1768/libc.a(lib_a-strcmp.o)
                0x000000000000386a                strcmp
 .text.strlen   0x0000000000003880       0x10 /Users/Abhijeet/Workspace/mrk/mrk//external/gcc/LPC1768/libc.a(lib_a-strlen.o)
                0x0000000000003880                strlen
 .text.strncmp  0x0000000000003890       0x2a /Users/Abhijeet/Workspace/mrk/mrk//external/gcc/LPC1768/libc.a(lib_a-strncmp.o)
                0x0000000000003890                strncmp
 *fill*         0x00000000000038ba        0x2 00
 .text._strtol_r
                0x00000000000038bc      0x124 /Users/Abhijeet/Workspace/mrk/mrk//external/gcc/LPC1768/libc.a(lib_a-strtol.o)
                0x00000000000038bc                _strtol_r
 .text.strtol   0x00000000000039e0       0x1c /Users/Abhijeet/Workspace/mrk/mrk//external/gcc/LPC1768/libc.a(lib_a-strtol.o)
                0x00000000000039e0                strtol
 .text._svfprintf_r
                0x00000000000039fc     0x1100 /Users/Abhijeet/Workspace/mrk/mrk//external/gcc/LPC1768/libc.a(lib_a-svfprintf.o)
                0x00000000000039fc                _svfprintf_r
 .text.__ssvfscanf_r
                0x0000000000004afc      0xbdc /Users/Abhijeet/Workspace/mrk/mrk//external/gcc/LPC1768/libc.a(lib_a-svfscanf.o)
                0x0000000000004afc                __ssvfscanf_r
 .text._vfprintf_r
                0x00000000000056d8     0x11cc /Users/Abhijeet/Workspace/mrk/mrk//external/gcc/LPC1768/libc.a(lib_a-vfprintf.o)
                0x00000000000056d8                _vfprintf_r
 .text._write_r
                0x00000000000068a4       0x28 /Users/Abhijeet/Workspace/mrk/mrk//external/gcc/LPC1768/libc.a(lib_a-writer.o)
                0x00000000000068a4                _write_r
 .text.__swsetup_r
                0x00000000000068cc       0xdc /Users/Abhijeet/Workspace/mrk/mrk//external/gcc/LPC1768/libc.a(lib_a-wsetup.o)
                0x00000000000068cc                __swsetup_r
 .text.__register_exitproc
                0x00000000000069a8       0xc0 /Users/Abhijeet/Workspace/mrk/mrk//external/gcc/LPC1768/libc.a(lib_a-__atexit.o)
                0x00000000000069a8                __register_exitproc
 .text.__assert_func
                0x0000000000006a68       0x38 /Users/Abhijeet/Workspace/mrk/mrk//external/gcc/LPC1768/libc.a(lib_a-assert.o)
                0x0000000000006a68                __assert_func
 .text.__assert
                0x0000000000006aa0        0xa /Users/Abhijeet/Workspace/mrk/mrk//external/gcc/LPC1768/libc.a(lib_a-assert.o)
                0x0000000000006aa0                __assert
 *fill*         0x0000000000006aaa        0x2 00
 .text._close_r
                0x0000000000006aac       0x24 /Users/Abhijeet/Workspace/mrk/mrk//external/gcc/LPC1768/libc.a(lib_a-closer.o)
                0x0000000000006aac                _close_r
 .text.quorem   0x0000000000006ad0      0x124 /Users/Abhijeet/Workspace/mrk/mrk//external/gcc/LPC1768/libc.a(lib_a-dtoa.o)
 *fill*         0x0000000000006bf4        0x4 00
 .text._dtoa_r  0x0000000000006bf8      0xc08 /Users/Abhijeet/Workspace/mrk/mrk//external/gcc/LPC1768/libc.a(lib_a-dtoa.o)
                0x0000000000006bf8                _dtoa_r
 .text._fflush_r
                0x0000000000007800      0x174 /Users/Abhijeet/Workspace/mrk/mrk//external/gcc/LPC1768/libc.a(lib_a-fflush.o)
                0x0000000000007800                _fflush_r
 .text._cleanup_r
                0x0000000000007974        0xc /Users/Abhijeet/Workspace/mrk/mrk//external/gcc/LPC1768/libc.a(lib_a-findfp.o)
                0x0000000000007974                _cleanup_r
 .text.std.clone.0
                0x0000000000007980       0x48 /Users/Abhijeet/Workspace/mrk/mrk//external/gcc/LPC1768/libc.a(lib_a-findfp.o)
 .text.__sfmoreglue
                0x00000000000079c8       0x28 /Users/Abhijeet/Workspace/mrk/mrk//external/gcc/LPC1768/libc.a(lib_a-findfp.o)
                0x00000000000079c8                __sfmoreglue
 .text.__sinit  0x00000000000079f0       0x5c /Users/Abhijeet/Workspace/mrk/mrk//external/gcc/LPC1768/libc.a(lib_a-findfp.o)
                0x00000000000079f0                __sinit
 .text.__sfp    0x0000000000007a4c       0x78 /Users/Abhijeet/Workspace/mrk/mrk//external/gcc/LPC1768/libc.a(lib_a-findfp.o)
                0x0000000000007a4c                __sfp
 .text.__sfp_lock_acquire
                0x0000000000007ac4        0x2 /Users/Abhijeet/Workspace/mrk/mrk//external/gcc/LPC1768/libc.a(lib_a-findfp.o)
                0x0000000000007ac4                __sfp_lock_acquire
 .text.__sfp_lock_release
                0x0000000000007ac6        0x2 /Users/Abhijeet/Workspace/mrk/mrk//external/gcc/LPC1768/libc.a(lib_a-findfp.o)
                0x0000000000007ac6                __sfp_lock_release
 .text.fiprintf
                0x0000000000007ac8       0x24 /Users/Abhijeet/Workspace/mrk/mrk//external/gcc/LPC1768/libc.a(lib_a-fiprintf.o)
                0x0000000000007ac8                fiprintf
 .text._malloc_trim_r
                0x0000000000007aec       0x94 /Users/Abhijeet/Workspace/mrk/mrk//external/gcc/LPC1768/libc.a(lib_a-freer.o)
                0x0000000000007aec                _malloc_trim_r
 .text._free_r  0x0000000000007b80      0x180 /Users/Abhijeet/Workspace/mrk/mrk//external/gcc/LPC1768/libc.a(lib_a-freer.o)
                0x0000000000007b80                _free_r
 .text._fwalk   0x0000000000007d00       0x44 /Users/Abhijeet/Workspace/mrk/mrk//external/gcc/LPC1768/libc.a(lib_a-fwalk.o)
                0x0000000000007d00                _fwalk
 .text.iswspace
                0x0000000000007d44       0x1c /Users/Abhijeet/Workspace/mrk/mrk//external/gcc/LPC1768/libc.a(lib_a-iswspace.o)
                0x0000000000007d44                iswspace
 .text.__locale_charset
                0x0000000000007d60        0x8 /Users/Abhijeet/Workspace/mrk/mrk//external/gcc/LPC1768/libc.a(lib_a-locale.o)
                0x0000000000007d60                __locale_charset
 .text.__locale_mb_cur_max
                0x0000000000007d68        0xc /Users/Abhijeet/Workspace/mrk/mrk//external/gcc/LPC1768/libc.a(lib_a-locale.o)
                0x0000000000007d68                __locale_mb_cur_max
 .text._localeconv_r
                0x0000000000007d74        0x8 /Users/Abhijeet/Workspace/mrk/mrk//external/gcc/LPC1768/libc.a(lib_a-locale.o)
                0x0000000000007d74                _localeconv_r
 .text._lseek_r
                0x0000000000007d7c       0x28 /Users/Abhijeet/Workspace/mrk/mrk//external/gcc/LPC1768/libc.a(lib_a-lseekr.o)
                0x0000000000007d7c                _lseek_r
 .text.__smakebuf_r
                0x0000000000007da4       0xdc /Users/Abhijeet/Workspace/mrk/mrk//external/gcc/LPC1768/libc.a(lib_a-makebuf.o)
                0x0000000000007da4                __smakebuf_r
 .text._mbrtowc_r
                0x0000000000007e80       0x54 /Users/Abhijeet/Workspace/mrk/mrk//external/gcc/LPC1768/libc.a(lib_a-mbrtowc.o)
                0x0000000000007e80                _mbrtowc_r
 .text.__ascii_mbtowc
                0x0000000000007ed4       0x26 /Users/Abhijeet/Workspace/mrk/mrk//external/gcc/LPC1768/libc.a(lib_a-mbtowc_r.o)
                0x0000000000007ed4                __ascii_mbtowc
 .text.memset   0x0000000000007efa       0x10 /Users/Abhijeet/Workspace/mrk/mrk//external/gcc/LPC1768/libc.a(lib_a-memset.o)
                0x0000000000007efa                memset
 .text._Balloc  0x0000000000007f0a       0x62 /Users/Abhijeet/Workspace/mrk/mrk//external/gcc/LPC1768/libc.a(lib_a-mprec.o)
                0x0000000000007f0a                _Balloc
 .text._Bfree   0x0000000000007f6c       0x2e /Users/Abhijeet/Workspace/mrk/mrk//external/gcc/LPC1768/libc.a(lib_a-mprec.o)
                0x0000000000007f6c                _Bfree
 .text.__multadd
                0x0000000000007f9a       0x7c /Users/Abhijeet/Workspace/mrk/mrk//external/gcc/LPC1768/libc.a(lib_a-mprec.o)
                0x0000000000007f9a                __multadd
 .text.__s2b    0x0000000000008016       0x7c /Users/Abhijeet/Workspace/mrk/mrk//external/gcc/LPC1768/libc.a(lib_a-mprec.o)
                0x0000000000008016                __s2b
 .text.__hi0bits
                0x0000000000008092       0x40 /Users/Abhijeet/Workspace/mrk/mrk//external/gcc/LPC1768/libc.a(lib_a-mprec.o)
                0x0000000000008092                __hi0bits
 .text.__lo0bits
                0x00000000000080d2       0x64 /Users/Abhijeet/Workspace/mrk/mrk//external/gcc/LPC1768/libc.a(lib_a-mprec.o)
                0x00000000000080d2                __lo0bits
 .text.__i2b    0x0000000000008136       0x12 /Users/Abhijeet/Workspace/mrk/mrk//external/gcc/LPC1768/libc.a(lib_a-mprec.o)
                0x0000000000008136                __i2b
 .text.__multiply
                0x0000000000008148      0x124 /Users/Abhijeet/Workspace/mrk/mrk//external/gcc/LPC1768/libc.a(lib_a-mprec.o)
                0x0000000000008148                __multiply
 .text.__pow5mult
                0x000000000000826c       0xa4 /Users/Abhijeet/Workspace/mrk/mrk//external/gcc/LPC1768/libc.a(lib_a-mprec.o)
                0x000000000000826c                __pow5mult
 .text.__lshift
                0x0000000000008310       0x98 /Users/Abhijeet/Workspace/mrk/mrk//external/gcc/LPC1768/libc.a(lib_a-mprec.o)
                0x0000000000008310                __lshift
 .text.__mcmp   0x00000000000083a8       0x3a /Users/Abhijeet/Workspace/mrk/mrk//external/gcc/LPC1768/libc.a(lib_a-mprec.o)
                0x00000000000083a8                __mcmp
 .text.__mdiff  0x00000000000083e2       0xc6 /Users/Abhijeet/Workspace/mrk/mrk//external/gcc/LPC1768/libc.a(lib_a-mprec.o)
                0x00000000000083e2                __mdiff
 .text.__ulp    0x00000000000084a8       0x40 /Users/Abhijeet/Workspace/mrk/mrk//external/gcc/LPC1768/libc.a(lib_a-mprec.o)
                0x00000000000084a8                __ulp
 .text.__b2d    0x00000000000084e8       0xa4 /Users/Abhijeet/Workspace/mrk/mrk//external/gcc/LPC1768/libc.a(lib_a-mprec.o)
                0x00000000000084e8                __b2d
 .text.__d2b    0x000000000000858c       0xbc /Users/Abhijeet/Workspace/mrk/mrk//external/gcc/LPC1768/libc.a(lib_a-mprec.o)
                0x000000000000858c                __d2b
 .text.__ratio  0x0000000000008648       0x46 /Users/Abhijeet/Workspace/mrk/mrk//external/gcc/LPC1768/libc.a(lib_a-mprec.o)
                0x0000000000008648                __ratio
 .text.__copybits
                0x000000000000868e       0x32 /Users/Abhijeet/Workspace/mrk/mrk//external/gcc/LPC1768/libc.a(lib_a-mprec.o)
                0x000000000000868e                __copybits
 .text.__any_on
                0x00000000000086c0       0x4a /Users/Abhijeet/Workspace/mrk/mrk//external/gcc/LPC1768/libc.a(lib_a-mprec.o)
                0x00000000000086c0                __any_on
 *fill*         0x000000000000870a        0x2 00
 .text._read_r  0x000000000000870c       0x28 /Users/Abhijeet/Workspace/mrk/mrk//external/gcc/LPC1768/libc.a(lib_a-readr.o)
                0x000000000000870c                _read_r
 .text.__fpclassifyd
                0x0000000000008734       0x64 /Users/Abhijeet/Workspace/mrk/mrk//external/gcc/LPC1768/libc.a(lib_a-s_fpclassify.o)
                0x0000000000008734                __fpclassifyd
 .text.__sccl   0x0000000000008798       0x64 /Users/Abhijeet/Workspace/mrk/mrk//external/gcc/LPC1768/libc.a(lib_a-sccl.o)
                0x0000000000008798                __sccl
 .text.nanf     0x00000000000087fc        0x8 /Users/Abhijeet/Workspace/mrk/mrk//external/gcc/LPC1768/libc.a(lib_a-sf_nan.o)
                0x00000000000087fc                nanf
 .text.match    0x0000000000008804       0x2c /Users/Abhijeet/Workspace/mrk/mrk//external/gcc/LPC1768/libc.a(lib_a-strtod.o)
 .text._strtod_r
                0x0000000000008830      0xbd8 /Users/Abhijeet/Workspace/mrk/mrk//external/gcc/LPC1768/libc.a(lib_a-strtod.o)
                0x0000000000008830                _strtod_r
 .text._strtoll_r
                0x0000000000009408      0x16c /Users/Abhijeet/Workspace/mrk/mrk//external/gcc/LPC1768/libc.a(lib_a-strtoll_r.o)
                0x0000000000009408                _strtoll_r
 .text._strtoul_r
                0x0000000000009574       0xfc /Users/Abhijeet/Workspace/mrk/mrk//external/gcc/LPC1768/libc.a(lib_a-strtoul.o)
                0x0000000000009574                _strtoul_r
 .text._strtoull_r
                0x0000000000009670      0x154 /Users/Abhijeet/Workspace/mrk/mrk//external/gcc/LPC1768/libc.a(lib_a-strtoull_r.o)
                0x0000000000009670                _strtoull_r
 .text.__ssprint_r
                0x00000000000097c4       0xf6 /Users/Abhijeet/Workspace/mrk/mrk//external/gcc/LPC1768/libc.a(lib_a-svfiprintf.o)
                0x00000000000097c4                __ssprint_r
 .text._sungetc_r
                0x00000000000098ba       0x7a /Users/Abhijeet/Workspace/mrk/mrk//external/gcc/LPC1768/libc.a(lib_a-svfiscanf.o)
                0x00000000000098ba                _sungetc_r
 .text.__ssrefill_r
                0x0000000000009934       0x3a /Users/Abhijeet/Workspace/mrk/mrk//external/gcc/LPC1768/libc.a(lib_a-svfiscanf.o)
                0x0000000000009934                __ssrefill_r
 .text._sfread_r
                0x000000000000996e       0x70 /Users/Abhijeet/Workspace/mrk/mrk//external/gcc/LPC1768/libc.a(lib_a-svfiscanf.o)
                0x000000000000996e                _sfread_r
 .text.__submore
                0x00000000000099de       0x78 /Users/Abhijeet/Workspace/mrk/mrk//external/gcc/LPC1768/libc.a(lib_a-ungetc.o)
                0x00000000000099de                __submore
 .text.__sprint_r
                0x0000000000009a56       0x74 /Users/Abhijeet/Workspace/mrk/mrk//external/gcc/LPC1768/libc.a(lib_a-vfiprintf.o)
                0x0000000000009a56                __sprint_r
 *fill*         0x0000000000009aca        0x2 00
 .text._vfiprintf_r
                0x0000000000009acc      0x914 /Users/Abhijeet/Workspace/mrk/mrk//external/gcc/LPC1768/libc.a(lib_a-vfiprintf.o)
                0x0000000000009acc                _vfiprintf_r
 .text.__swbuf_r
                0x000000000000a3e0       0xcc /Users/Abhijeet/Workspace/mrk/mrk//external/gcc/LPC1768/libc.a(lib_a-wbuf.o)
                0x000000000000a3e0                __swbuf_r
 .text._calloc_r
                0x000000000000a4ac       0x58 /Users/Abhijeet/Workspace/mrk/mrk//external/gcc/LPC1768/libc.a(lib_a-callocr.o)
                0x000000000000a4ac                _calloc_r
 .text._fclose_r
                0x000000000000a504       0xac /Users/Abhijeet/Workspace/mrk/mrk//external/gcc/LPC1768/libc.a(lib_a-fclose.o)
                0x000000000000a504                _fclose_r
 .text.fclose   0x000000000000a5b0       0x10 /Users/Abhijeet/Workspace/mrk/mrk//external/gcc/LPC1768/libc.a(lib_a-fclose.o)
                0x000000000000a5b0                fclose
 .text._fputwc_r
                0x000000000000a5c0       0xbe /Users/Abhijeet/Workspace/mrk/mrk//external/gcc/LPC1768/libc.a(lib_a-fputwc.o)
                0x000000000000a5c0                _fputwc_r
 *fill*         0x000000000000a67e        0x2 00
 .text._fstat_r
                0x000000000000a680       0x24 /Users/Abhijeet/Workspace/mrk/mrk//external/gcc/LPC1768/libc.a(lib_a-fstatr.o)
                0x000000000000a680                _fstat_r
 .text.rshift   0x000000000000a6a4       0x6c /Users/Abhijeet/Workspace/mrk/mrk//external/gcc/LPC1768/libc.a(lib_a-gdtoa-gethex.o)
 .text.htinit.clone.0
                0x000000000000a710       0x1c /Users/Abhijeet/Workspace/mrk/mrk//external/gcc/LPC1768/libc.a(lib_a-gdtoa-gethex.o)
 .text.__hexdig_init
                0x000000000000a72c       0x2c /Users/Abhijeet/Workspace/mrk/mrk//external/gcc/LPC1768/libc.a(lib_a-gdtoa-gethex.o)
                0x000000000000a72c                __hexdig_init
 .text.__gethex
                0x000000000000a758      0x460 /Users/Abhijeet/Workspace/mrk/mrk//external/gcc/LPC1768/libc.a(lib_a-gdtoa-gethex.o)
                0x000000000000a758                __gethex
 .text.L_shift  0x000000000000abb8       0x34 /Users/Abhijeet/Workspace/mrk/mrk//external/gcc/LPC1768/libc.a(lib_a-gdtoa-hexnan.o)
 .text.__hexnan
                0x000000000000abec      0x11c /Users/Abhijeet/Workspace/mrk/mrk//external/gcc/LPC1768/libc.a(lib_a-gdtoa-hexnan.o)
                0x000000000000abec                __hexnan
 .text._isatty_r
                0x000000000000ad08       0x24 /Users/Abhijeet/Workspace/mrk/mrk//external/gcc/LPC1768/libc.a(lib_a-isattyr.o)
                0x000000000000ad08                _isatty_r
 .text._wcrtomb_r
                0x000000000000ad2c       0x50 /Users/Abhijeet/Workspace/mrk/mrk//external/gcc/LPC1768/libc.a(lib_a-wcrtomb.o)
                0x000000000000ad2c                _wcrtomb_r
 .text.__ascii_wctomb
                0x000000000000ad7c       0x1a /Users/Abhijeet/Workspace/mrk/mrk//external/gcc/LPC1768/libc.a(lib_a-wctomb_r.o)
                0x000000000000ad7c                __ascii_wctomb
 *fill*         0x000000000000ad96        0x2 00
 .text          0x000000000000ad98      0x2b0 /Users/Abhijeet/mbed_offline/arm-2011.03/bin/../lib/gcc/arm-none-eabi/4.5.2/thumb2/libgcc.a(_divsi3.o)
                0x000000000000ad98                __aeabi_idiv
                0x000000000000ad98                __divsi3
                0x000000000000b02c                __aeabi_idivmod
 .text          0x000000000000b048      0x110 /Users/Abhijeet/mbed_offline/arm-2011.03/bin/../lib/gcc/arm-none-eabi/4.5.2/thumb2/libgcc.a(_arm_cmpdf2.o)
                0x000000000000b048                __gtdf2
                0x000000000000b048                __gedf2
                0x000000000000b050                __ltdf2
                0x000000000000b050                __ledf2
                0x000000000000b058                __eqdf2
                0x000000000000b058                __nedf2
                0x000000000000b058                __cmpdf2
                0x000000000000b0d4                __aeabi_cdrcmple
                0x000000000000b0e4                __aeabi_cdcmple
                0x000000000000b0e4                __aeabi_cdcmpeq
                0x000000000000b0f4                __aeabi_dcmpeq
                0x000000000000b108                __aeabi_dcmplt
                0x000000000000b11c                __aeabi_dcmple
                0x000000000000b130                __aeabi_dcmpge
                0x000000000000b144                __aeabi_dcmpgt
 .text          0x000000000000b158       0x40 /Users/Abhijeet/mbed_offline/arm-2011.03/bin/../lib/gcc/arm-none-eabi/4.5.2/thumb2/libgcc.a(_arm_fixunsdfsi.o)
                0x000000000000b158                __fixunsdfsi
                0x000000000000b158                __aeabi_d2uiz
 *(.gnu.linkonce.t.*)
 *(.glue_7)
 .glue_7        0x0000000000000000        0x0 linker stubs
 *(.glue_7t)
 .glue_7t       0x0000000000000000        0x0 linker stubs
 *(.gcc_except_table)
 *(.rodata .rodata*)
 .rodata.str1.4
                0x000000000000b198       0x84 /Users/Abhijeet/Workspace/mrk/mrk//src/syscalls.o
 .rodata.CSWTCH.16
                0x000000000000b21c       0x14 /Users/Abhijeet/Workspace/mrk/mrk//NanoRK/nano-RK/src/platform/mbed/source/ulib.o
 .rodata.str1.4
                0x000000000000b230       0x50 ./main.o
 .rodata._ZTVN10__cxxabiv117__class_type_infoE
                0x000000000000b280       0x30 /Users/Abhijeet/Workspace/mrk/mrk//external/gcc/LPC1768/libstdc++.a(class_type_info.o)
                0x000000000000b280                _ZTVN10__cxxabiv117__class_type_infoE
 .rodata._ZTIN10__cxxabiv117__class_type_infoE
                0x000000000000b2b0        0xc /Users/Abhijeet/Workspace/mrk/mrk//external/gcc/LPC1768/libstdc++.a(class_type_info.o)
                0x000000000000b2b0                _ZTIN10__cxxabiv117__class_type_infoE
 .rodata._ZTSN10__cxxabiv117__class_type_infoE
                0x000000000000b2bc       0x22 /Users/Abhijeet/Workspace/mrk/mrk//external/gcc/LPC1768/libstdc++.a(class_type_info.o)
                0x000000000000b2bc                _ZTSN10__cxxabiv117__class_type_infoE
 *fill*         0x000000000000b2de        0x2 00
 .rodata._ZTVN10__cxxabiv120__si_class_type_infoE
                0x000000000000b2e0       0x30 /Users/Abhijeet/Workspace/mrk/mrk//external/gcc/LPC1768/libstdc++.a(si_class_type_info.o)
                0x000000000000b2e0                _ZTVN10__cxxabiv120__si_class_type_infoE
 .rodata._ZTIN10__cxxabiv120__si_class_type_infoE
                0x000000000000b310        0xc /Users/Abhijeet/Workspace/mrk/mrk//external/gcc/LPC1768/libstdc++.a(si_class_type_info.o)
                0x000000000000b310                _ZTIN10__cxxabiv120__si_class_type_infoE
 .rodata._ZTSN10__cxxabiv120__si_class_type_infoE
                0x000000000000b31c       0x25 /Users/Abhijeet/Workspace/mrk/mrk//external/gcc/LPC1768/libstdc++.a(si_class_type_info.o)
                0x000000000000b31c                _ZTSN10__cxxabiv120__si_class_type_infoE
 *fill*         0x000000000000b341        0x3 00
 .rodata._ZTISt9type_info
                0x000000000000b344        0x8 /Users/Abhijeet/Workspace/mrk/mrk//external/gcc/LPC1768/libstdc++.a(tinfo.o)
                0x000000000000b344                _ZTISt9type_info
 .rodata._ZTSSt9type_info
                0x000000000000b34c        0xd /Users/Abhijeet/Workspace/mrk/mrk//external/gcc/LPC1768/libstdc++.a(tinfo.o)
                0x000000000000b34c                _ZTSSt9type_info
 *fill*         0x000000000000b359        0x7 00
 .rodata._ZTVSt9type_info
                0x000000000000b360       0x20 /Users/Abhijeet/Workspace/mrk/mrk//external/gcc/LPC1768/libstdc++.a(tinfo.o)
                0x000000000000b360                _ZTVSt9type_info
 .rodata._ZTIN10__cxxabiv121__vmi_class_type_infoE
                0x000000000000b380        0xc /Users/Abhijeet/Workspace/mrk/mrk//external/gcc/LPC1768/libstdc++.a(vmi_class_type_info.o)
                0x000000000000b380                _ZTIN10__cxxabiv121__vmi_class_type_infoE
 .rodata._ZTSN10__cxxabiv121__vmi_class_type_infoE
                0x000000000000b38c       0x26 /Users/Abhijeet/Workspace/mrk/mrk//external/gcc/LPC1768/libstdc++.a(vmi_class_type_info.o)
                0x000000000000b38c                _ZTSN10__cxxabiv121__vmi_class_type_infoE
 *fill*         0x000000000000b3b2        0x6 00
 .rodata._ZTVN10__cxxabiv121__vmi_class_type_infoE
                0x000000000000b3b8       0x30 /Users/Abhijeet/Workspace/mrk/mrk//external/gcc/LPC1768/libstdc++.a(vmi_class_type_info.o)
                0x000000000000b3b8                _ZTVN10__cxxabiv121__vmi_class_type_infoE
 .rodata.str1.1
                0x000000000000b3e8        0x2 /Users/Abhijeet/Workspace/mrk/mrk//external/gcc/LPC1768/libc.a(lib_a-impure.o)
 *fill*         0x000000000000b3ea        0x2 00
 .rodata._global_impure_ptr
                0x000000000000b3ec        0x4 /Users/Abhijeet/Workspace/mrk/mrk//external/gcc/LPC1768/libc.a(lib_a-impure.o)
                0x000000000000b3ec                _global_impure_ptr
 .rodata.zeroes.6599
                0x000000000000b3f0       0x10 /Users/Abhijeet/Workspace/mrk/mrk//external/gcc/LPC1768/libc.a(lib_a-svfprintf.o)
 .rodata.str1.1
                0x000000000000b400       0x34 /Users/Abhijeet/Workspace/mrk/mrk//external/gcc/LPC1768/libc.a(lib_a-svfprintf.o)
 .rodata.blanks.6598
                0x000000000000b434       0x10 /Users/Abhijeet/Workspace/mrk/mrk//external/gcc/LPC1768/libc.a(lib_a-svfprintf.o)
 .rodata.str1.1
                0x000000000000b444        0x5 /Users/Abhijeet/Workspace/mrk/mrk//external/gcc/LPC1768/libc.a(lib_a-svfscanf.o)
 *fill*         0x000000000000b449        0x1 00
 .rodata.basefix.6519
                0x000000000000b44a       0x22 /Users/Abhijeet/Workspace/mrk/mrk//external/gcc/LPC1768/libc.a(lib_a-svfscanf.o)
 .rodata.blanks.6613
                0x000000000000b46c       0x10 /Users/Abhijeet/Workspace/mrk/mrk//external/gcc/LPC1768/libc.a(lib_a-vfprintf.o)
 .rodata.str1.1
                0x0000000000000000       0x34 /Users/Abhijeet/Workspace/mrk/mrk//external/gcc/LPC1768/libc.a(lib_a-vfprintf.o)
 .rodata.zeroes.6614
                0x000000000000b47c       0x10 /Users/Abhijeet/Workspace/mrk/mrk//external/gcc/LPC1768/libc.a(lib_a-vfprintf.o)
 .rodata.str1.1
                0x000000000000b48c       0x3c /Users/Abhijeet/Workspace/mrk/mrk//external/gcc/LPC1768/libc.a(lib_a-assert.o)
                                         0x3d (size before relaxing)
 .rodata._ctype_
                0x000000000000b4c8      0x101 /Users/Abhijeet/Workspace/mrk/mrk//external/gcc/LPC1768/libc.a(lib_a-ctype_.o)
                0x000000000000b4c8                _ctype_
 .rodata.str1.1
                0x000000000000b5c9        0xd /Users/Abhijeet/Workspace/mrk/mrk//external/gcc/LPC1768/libc.a(lib_a-dtoa.o)
                                          0xf (size before relaxing)
 *fill*         0x000000000000b5d6        0x2 00
 .rodata.__sf_fake_stdin
                0x000000000000b5d8       0x20 /Users/Abhijeet/Workspace/mrk/mrk//external/gcc/LPC1768/libc.a(lib_a-findfp.o)
                0x000000000000b5d8                __sf_fake_stdin
 .rodata.__sf_fake_stdout
                0x000000000000b5f8       0x20 /Users/Abhijeet/Workspace/mrk/mrk//external/gcc/LPC1768/libc.a(lib_a-findfp.o)
                0x000000000000b5f8                __sf_fake_stdout
 .rodata.__sf_fake_stderr
                0x000000000000b618       0x20 /Users/Abhijeet/Workspace/mrk/mrk//external/gcc/LPC1768/libc.a(lib_a-findfp.o)
                0x000000000000b618                __sf_fake_stderr
 .rodata.str1.1
                0x000000000000b638        0x8 /Users/Abhijeet/Workspace/mrk/mrk//external/gcc/LPC1768/libc.a(lib_a-locale.o)
                                          0xb (size before relaxing)
 .rodata.str1.1
                0x0000000000000000        0x1 /Users/Abhijeet/Workspace/mrk/mrk//external/gcc/LPC1768/libc.a(lib_a-mbrtowc.o)
 .rodata.p05.5124
                0x000000000000b640        0xc /Users/Abhijeet/Workspace/mrk/mrk//external/gcc/LPC1768/libc.a(lib_a-mprec.o)
 *fill*         0x000000000000b64c        0x4 00
 .rodata.__mprec_tens
                0x000000000000b650       0xc8 /Users/Abhijeet/Workspace/mrk/mrk//external/gcc/LPC1768/libc.a(lib_a-mprec.o)
                0x000000000000b650                __mprec_tens
 .rodata.__mprec_bigtens
                0x000000000000b718       0x28 /Users/Abhijeet/Workspace/mrk/mrk//external/gcc/LPC1768/libc.a(lib_a-mprec.o)
                0x000000000000b718                __mprec_bigtens
 .rodata.str1.1
                0x0000000000000000        0x8 /Users/Abhijeet/Workspace/mrk/mrk//external/gcc/LPC1768/libc.a(lib_a-strtod.o)
                                          0xc (size before relaxing)
 .rodata.tinytens
                0x000000000000b740       0x28 /Users/Abhijeet/Workspace/mrk/mrk//external/gcc/LPC1768/libc.a(lib_a-strtod.o)
 .rodata.blanks.6556
                0x000000000000b768       0x10 /Users/Abhijeet/Workspace/mrk/mrk//external/gcc/LPC1768/libc.a(lib_a-vfiprintf.o)
 .rodata.str1.1
                0x0000000000000000       0x22 /Users/Abhijeet/Workspace/mrk/mrk//external/gcc/LPC1768/libc.a(lib_a-vfiprintf.o)
 .rodata.zeroes.6557
                0x000000000000b778       0x10 /Users/Abhijeet/Workspace/mrk/mrk//external/gcc/LPC1768/libc.a(lib_a-vfiprintf.o)
 .rodata.str1.1
                0x000000000000b788        0xb /Users/Abhijeet/Workspace/mrk/mrk//external/gcc/LPC1768/libc.a(lib_a-gdtoa-gethex.o)
                                         0x19 (size before relaxing)
 *(.gnu.linkonce.r.*)
                0x000000000000b794                . = ALIGN (0x4)
 *fill*         0x000000000000b793        0x1 00
 *(.init)
 .init          0x000000000000b794        0x4 /Users/Abhijeet/mbed_offline/arm-2011.03/bin/../lib/gcc/arm-none-eabi/4.5.2/thumb2/crti.o
                0x000000000000b794                _init
 .init          0x000000000000b798        0x8 /Users/Abhijeet/mbed_offline/arm-2011.03/bin/../lib/gcc/arm-none-eabi/4.5.2/thumb2/crtn.o
                0x000000000000b7a0                . = ALIGN (0x4)
                0x000000000000b7a0                __preinit_array_start = .
 *(.preinit_array)
 .preinit_array
                0x000000000000b7a0        0x4 /Users/Abhijeet/Workspace/mrk/mrk//external/gcc/LPC1768/libc.a(lib_a-clibabi_stdio.o)
                0x000000000000b7a4                __preinit_array_end = .
                0x000000000000b7a4                . = ALIGN (0x4)
                0x000000000000b7a4                __init_array_start = .
 *(SORT(.init_array.*))
 *(.init_array)
 .init_array    0x000000000000b7a4        0x4 /Users/Abhijeet/mbed_offline/arm-2011.03/bin/../lib/gcc/arm-none-eabi/4.5.2/thumb2/crtbegin.o
 .init_array    0x000000000000b7a8        0x4 ./main.o
                0x000000000000b7ac                __init_array_end = .
                0x000000000000b7ac                . = ALIGN (0x4)
 *crtbegin.o(.ctors)
 *(EXCLUDE_FILE(*crtend.o) .ctors)
 *(SORT(.ctors.*))
 *crtend.o(.ctors)
                0x000000000000b7ac                . = ALIGN (0x4)
 *(.fini)
 .fini          0x000000000000b7ac        0x4 /Users/Abhijeet/mbed_offline/arm-2011.03/bin/../lib/gcc/arm-none-eabi/4.5.2/thumb2/crti.o
                0x000000000000b7ac                _fini
 .fini          0x000000000000b7b0        0x8 /Users/Abhijeet/mbed_offline/arm-2011.03/bin/../lib/gcc/arm-none-eabi/4.5.2/thumb2/crtn.o
                0x000000000000b7b8                . = ALIGN (0x4)
                0x000000000000b7b8                __fini_array_start = .
 *(.fini_array)
 .fini_array    0x000000000000b7b8        0x4 /Users/Abhijeet/mbed_offline/arm-2011.03/bin/../lib/gcc/arm-none-eabi/4.5.2/thumb2/crtbegin.o
 *(SORT(.fini_array.*))
                0x000000000000b7bc                __fini_array_end = .
                0x000000000000b7bc                . = ALIGN (0x4)
 *crtbegin.o(.dtors)
 *(EXCLUDE_FILE(*crtend.o) .dtors)
 *(SORT(.dtors.*))
 *crtend.o(.dtors)
                0x000000000000b7bc                _etext = .
                0x000000000000b7bc                _sifastcode = .
                0x000000000000b7bc                __exidx_start = .

.vfp11_veneer   0x000000000000b7bc        0x0
 .vfp11_veneer  0x0000000000000000        0x0 linker stubs

.v4_bx          0x000000000000b7bc        0x0
 .v4_bx         0x0000000000000000        0x0 linker stubs

i._ZN4mbed10DigitalOut15get_rpc_methodsEv
                0x000000000000b7bc        0x8
 i._ZN4mbed10DigitalOut15get_rpc_methodsEv
                0x000000000000b7bc        0x8 /Users/Abhijeet/Workspace/mrk/mrk//external/mbed/LPC1768/mbed.ar(DigitalOut.LPC1768.o)
                0x000000000000b7bc                _ZN4mbed10DigitalOut15get_rpc_methodsEv

i._ZN4mbed10DigitalOutC1E7PinNamePKc
                0x000000000000b7c4       0x3c
 i._ZN4mbed10DigitalOutC1E7PinNamePKc
                0x000000000000b7c4       0x3c /Users/Abhijeet/Workspace/mrk/mrk//external/mbed/LPC1768/mbed.ar(DigitalOut.LPC1768.o)
                0x000000000000b7c4                _ZN4mbed10DigitalOutC1E7PinNamePKc
                0x000000000000b7c4                _ZN4mbed10DigitalOutC2E7PinNamePKc

i._ZN4mbed10DigitalOutD1Ev
                0x000000000000b800        0x4
 i._ZN4mbed10DigitalOutD1Ev
                0x000000000000b800        0x4 /Users/Abhijeet/Workspace/mrk/mrk//external/mbed/LPC1768/mbed.ar(DigitalOut.LPC1768.o)
                0x000000000000b800                _ZN4mbed10DigitalOutD2Ev
                0x000000000000b800                _ZN4mbed10DigitalOutD1Ev

t._ZN4mbed17rpc_method_callerINS_10DigitalOutEiXadL_ZNS1_5writeEiEEEEvPNS_4BaseEPKcPc
                0x000000000000b804       0x78
 t._ZN4mbed17rpc_method_callerINS_10DigitalOutEiXadL_ZNS1_5writeEiEEEEvPNS_4BaseEPKcPc
                0x000000000000b804       0x78 /Users/Abhijeet/Workspace/mrk/mrk//external/mbed/LPC1768/mbed.ar(DigitalOut.LPC1768.o)
                0x000000000000b804                _ZN4mbed17rpc_method_callerINS_10DigitalOutEiXadL_ZNS1_5writeEiEEEEvPNS_4BaseEPKcPc

t._ZN4mbed17rpc_method_callerIiNS_10DigitalOutEXadL_ZNS1_4readEvEEEEvPNS_4BaseEPKcPc
                0x000000000000b87c       0x38
 t._ZN4mbed17rpc_method_callerIiNS_10DigitalOutEXadL_ZNS1_4readEvEEEEvPNS_4BaseEPKcPc
                0x000000000000b87c       0x38 /Users/Abhijeet/Workspace/mrk/mrk//external/mbed/LPC1768/mbed.ar(DigitalOut.LPC1768.o)
                0x000000000000b87c                _ZN4mbed17rpc_method_callerIiNS_10DigitalOutEXadL_ZNS1_4readEvEEEEvPNS_4BaseEPKcPc

t._ZN4mbed9rpc_superINS_4BaseEEEPKNS_10rpc_methodEPS1_
                0x000000000000b8b4        0x4
 t._ZN4mbed9rpc_superINS_4BaseEEEPKNS_10rpc_methodEPS1_
                0x000000000000b8b4        0x4 /Users/Abhijeet/Workspace/mrk/mrk//external/mbed/LPC1768/mbed.ar(DigitalOut.LPC1768.o)
                0x000000000000b8b4                _ZN4mbed9rpc_superINS_4BaseEEEPKNS_10rpc_methodEPS1_

i._ZN4mbed10DigitalOut5writeEi
                0x000000000000b8b8        0xe
 i._ZN4mbed10DigitalOut5writeEi
                0x000000000000b8b8        0xe /Users/Abhijeet/Workspace/mrk/mrk//external/mbed/LPC1768/mbed.ar(DigitalOut.LPC1768.o)
                0x000000000000b8b8                _ZN4mbed10DigitalOut5writeEi

i._ZN4mbed10DigitalOut4readEv
                0x000000000000b8c6        0xe
 i._ZN4mbed10DigitalOut4readEv
                0x000000000000b8c6        0xe /Users/Abhijeet/Workspace/mrk/mrk//external/mbed/LPC1768/mbed.ar(DigitalOut.LPC1768.o)
                0x000000000000b8c6                _ZN4mbed10DigitalOut4readEv

i._ZN4mbed10DigitalOutD0Ev
                0x000000000000b8d4        0xe
 i._ZN4mbed10DigitalOutD0Ev
                0x000000000000b8d4        0xe /Users/Abhijeet/Workspace/mrk/mrk//external/mbed/LPC1768/mbed.ar(DigitalOut.LPC1768.o)
                0x000000000000b8d4                _ZN4mbed10DigitalOutD0Ev

i._ZN4mbed10parse_charEPKcPS1_
                0x000000000000b8e2       0xa2
 i._ZN4mbed10parse_charEPKcPS1_
                0x000000000000b8e2       0xa2 /Users/Abhijeet/Workspace/mrk/mrk//external/mbed/LPC1768/mbed.ar(DigitalOut.LPC1768.o)
                0x000000000000b8e2                _ZN4mbed10parse_charEPKcPS1_

i._ZN4mbed4Base11delete_selfEv
                0x000000000000b984       0x1e
 i._ZN4mbed4Base11delete_selfEv
                0x000000000000b984       0x1e /Users/Abhijeet/Workspace/mrk/mrk//external/mbed/LPC1768/mbed.ar(Base.LPC1768.o)
                0x000000000000b984                _ZN4mbed4Base11delete_selfEv

i._ZN4mbed4Base15get_rpc_methodsEv
                0x000000000000b9a4        0x8
 i._ZN4mbed4Base15get_rpc_methodsEv
                0x000000000000b9a4        0x8 /Users/Abhijeet/Workspace/mrk/mrk//external/mbed/LPC1768/mbed.ar(Base.LPC1768.o)
                0x000000000000b9a4                _ZN4mbed4Base15get_rpc_methodsEv

i._ZN4mbed4Base3rpcEPKcS2_Pc
                0x000000000000b9ac       0x98
 i._ZN4mbed4Base3rpcEPKcS2_Pc
                0x000000000000b9ac       0x98 /Users/Abhijeet/Workspace/mrk/mrk//external/mbed/LPC1768/mbed.ar(Base.LPC1768.o)
                0x000000000000b9ac                _ZN4mbed4Base3rpcEPKcS2_Pc

i._ZN4mbed4Base5clearEPKcPc
                0x000000000000ba44       0x30
 i._ZN4mbed4Base5clearEPKcPc
                0x000000000000ba44       0x30 /Users/Abhijeet/Workspace/mrk/mrk//external/mbed/LPC1768/mbed.ar(Base.LPC1768.o)
                0x000000000000ba44                _ZN4mbed4Base5clearEPKcPc

i._ZN4mbed4Base6lookupEPKcj
                0x000000000000ba74       0x38
 i._ZN4mbed4Base6lookupEPKcj
                0x000000000000ba74       0x38 /Users/Abhijeet/Workspace/mrk/mrk//external/mbed/LPC1768/mbed.ar(Base.LPC1768.o)
                0x000000000000ba74                _ZN4mbed4Base6lookupEPKcj

i._ZN4mbed4Base9list_objsEPKcPc
                0x000000000000baac       0x40
 i._ZN4mbed4Base9list_objsEPKcPc
                0x000000000000baac       0x40 /Users/Abhijeet/Workspace/mrk/mrk//external/mbed/LPC1768/mbed.ar(Base.LPC1768.o)
                0x000000000000baac                _ZN4mbed4Base9list_objsEPKcPc

i._ZN4mbed4BaseC1EPKc
                0x000000000000baec       0x24
 i._ZN4mbed4BaseC1EPKc
                0x000000000000baec       0x24 /Users/Abhijeet/Workspace/mrk/mrk//external/mbed/LPC1768/mbed.ar(Base.LPC1768.o)
                0x000000000000baec                _ZN4mbed4BaseC1EPKc
                0x000000000000baec                _ZN4mbed4BaseC2EPKc

i._ZN4mbed4BaseD0Ev
                0x000000000000bb10       0x34
 i._ZN4mbed4BaseD0Ev
                0x000000000000bb10       0x34 /Users/Abhijeet/Workspace/mrk/mrk//external/mbed/LPC1768/mbed.ar(Base.LPC1768.o)
                0x000000000000bb10                _ZN4mbed4BaseD0Ev

i._ZN4mbed4BaseD1Ev
                0x000000000000bb44       0x38
 i._ZN4mbed4BaseD1Ev
                0x000000000000bb44       0x38 /Users/Abhijeet/Workspace/mrk/mrk//external/mbed/LPC1768/mbed.ar(Base.LPC1768.o)
                0x000000000000bb44                _ZN4mbed4BaseD1Ev
                0x000000000000bb44                _ZN4mbed4BaseD2Ev

t._ZN4mbed17rpc_method_callerINS_4BaseEXadL_ZNS1_11delete_selfEvEEEEvPS1_PKcPc
                0x000000000000bb7c       0x28
 t._ZN4mbed17rpc_method_callerINS_4BaseEXadL_ZNS1_11delete_selfEvEEEEvPS1_PKcPc
                0x000000000000bb7c       0x28 /Users/Abhijeet/Workspace/mrk/mrk//external/mbed/LPC1768/mbed.ar(Base.LPC1768.o)
                0x000000000000bb7c                _ZN4mbed17rpc_method_callerINS_4BaseEXadL_ZNS1_11delete_selfEvEEEEvPS1_PKcPc

i._sys_close    0x000000000000bba4       0x2c
 i._sys_close   0x000000000000bba4       0x2c /Users/Abhijeet/Workspace/mrk/mrk//external/mbed/LPC1768/mbed.ar(stdio.LPC1768.o)
                0x000000000000bba4                _sys_close

i._sys_istty    0x000000000000bbd0       0x28
 i._sys_istty   0x000000000000bbd0       0x28 /Users/Abhijeet/Workspace/mrk/mrk//external/mbed/LPC1768/mbed.ar(stdio.LPC1768.o)
                0x000000000000bbd0                _sys_istty

i._sys_open     0x000000000000bbf8      0x184
 i._sys_open    0x000000000000bbf8      0x184 /Users/Abhijeet/Workspace/mrk/mrk//external/mbed/LPC1768/mbed.ar(stdio.LPC1768.o)
                0x000000000000bbf8                _sys_open

i._sys_read     0x000000000000bd7c       0x40
 i._sys_read    0x000000000000bd7c       0x40 /Users/Abhijeet/Workspace/mrk/mrk//external/mbed/LPC1768/mbed.ar(stdio.LPC1768.o)
                0x000000000000bd7c                _sys_read

i._sys_seek     0x000000000000bdbc       0x2c
 i._sys_seek    0x000000000000bdbc       0x2c /Users/Abhijeet/Workspace/mrk/mrk//external/mbed/LPC1768/mbed.ar(stdio.LPC1768.o)
                0x000000000000bdbc                _sys_seek

i._sys_write    0x000000000000bde8       0x54
 i._sys_write   0x000000000000bde8       0x54 /Users/Abhijeet/Workspace/mrk/mrk//external/mbed/LPC1768/mbed.ar(stdio.LPC1768.o)
                0x000000000000bde8                _sys_write

.emb_text       0x000000000000be3c       0x20
 .emb_text      0x000000000000be3c       0x20 /Users/Abhijeet/Workspace/mrk/mrk//external/mbed/LPC1768/capi.ar(core_cm3.LPC1768.o)
                0x000000000000be3c                __get_PSP
                0x000000000000be42                __set_PSP
                0x000000000000be48                __get_MSP
                0x000000000000be4e                __set_MSP
                0x000000000000be54                __REV16
                0x000000000000be58                __REVSH

i.serial_baud   0x000000000000be5c      0x1c8
 i.serial_baud  0x000000000000be5c      0x1c8 /Users/Abhijeet/Workspace/mrk/mrk//external/mbed/LPC1768/capi.ar(serial_api.LPC1768.o)
                0x000000000000be5c                serial_baud

i.serial_format
                0x000000000000c024       0x94
 i.serial_format
                0x000000000000c024       0x94 /Users/Abhijeet/Workspace/mrk/mrk//external/mbed/LPC1768/capi.ar(serial_api.LPC1768.o)
                0x000000000000c024                serial_format

i.serial_getc   0x000000000000c0b8        0xc
 i.serial_getc  0x000000000000c0b8        0xc /Users/Abhijeet/Workspace/mrk/mrk//external/mbed/LPC1768/capi.ar(serial_api.LPC1768.o)
                0x000000000000c0b8                serial_getc

i.serial_init   0x000000000000c0c4       0xe4
 i.serial_init  0x000000000000c0c4       0xe4 /Users/Abhijeet/Workspace/mrk/mrk//external/mbed/LPC1768/capi.ar(serial_api.LPC1768.o)
                0x000000000000c0c4                serial_init

i.serial_putc   0x000000000000c1a8        0xc
 i.serial_putc  0x000000000000c1a8        0xc /Users/Abhijeet/Workspace/mrk/mrk//external/mbed/LPC1768/capi.ar(serial_api.LPC1768.o)
                0x000000000000c1a8                serial_putc

i.exit          0x000000000000c1b4       0x16
 i.exit         0x000000000000c1b4       0x16 /Users/Abhijeet/Workspace/mrk/mrk//external/mbed/LPC1768/capi.ar(exit.LPC1768.o)
                0x000000000000c1b4                exit

i.pin_function  0x000000000000c1cc       0x38
 i.pin_function
                0x000000000000c1cc       0x38 /Users/Abhijeet/Workspace/mrk/mrk//external/mbed/LPC1768/capi.ar(pinmap.LPC1768.o)
                0x000000000000c1cc                pin_function

i.pin_mode      0x000000000000c204       0x68
 i.pin_mode     0x000000000000c204       0x68 /Users/Abhijeet/Workspace/mrk/mrk//external/mbed/LPC1768/capi.ar(pinmap.LPC1768.o)
                0x000000000000c204                pin_mode

i.pinmap_merge  0x000000000000c26c       0x3c
 i.pinmap_merge
                0x000000000000c26c       0x3c /Users/Abhijeet/Workspace/mrk/mrk//external/mbed/LPC1768/capi.ar(pinmap.LPC1768.o)
                0x000000000000c26c                pinmap_merge

i.pinmap_peripheral
                0x000000000000c2a8       0x58
 i.pinmap_peripheral
                0x000000000000c2a8       0x58 /Users/Abhijeet/Workspace/mrk/mrk//external/mbed/LPC1768/capi.ar(pinmap.LPC1768.o)
                0x000000000000c2a8                pinmap_peripheral

i.pinmap_pinout
                0x000000000000c300       0xcc
 i.pinmap_pinout
                0x000000000000c300       0xcc /Users/Abhijeet/Workspace/mrk/mrk//external/mbed/LPC1768/capi.ar(pinmap.LPC1768.o)
                0x000000000000c300                pinmap_pinout

i.gpio_output   0x000000000000c3cc       0x30
 i.gpio_output  0x000000000000c3cc       0x30 /Users/Abhijeet/Workspace/mrk/mrk//external/mbed/LPC1768/capi.ar(gpio_api.LPC1768.o)
                0x000000000000c3cc                gpio_output

i.gpio_write    0x000000000000c3fc       0x18
 i.gpio_write   0x000000000000c3fc       0x18 /Users/Abhijeet/Workspace/mrk/mrk//external/mbed/LPC1768/capi.ar(gpio_api.LPC1768.o)
                0x000000000000c3fc                gpio_write

i.semihost_exit
                0x000000000000c414        0xc
 i.semihost_exit
                0x000000000000c414        0xc /Users/Abhijeet/Workspace/mrk/mrk//external/mbed/LPC1768/capi.ar(semihost_api.LPC1768.o)
                0x000000000000c414                semihost_exit

i.mbed_die      0x000000000000c420       0x78
 i.mbed_die     0x000000000000c420       0x78 /Users/Abhijeet/Workspace/mrk/mrk//external/mbed/LPC1768/capi.ar(utils_api.LPC1768.o)
                0x000000000000c420                mbed_die

i.wait_ms       0x000000000000c498       0x1c
 i.wait_ms      0x000000000000c498       0x1c /Users/Abhijeet/Workspace/mrk/mrk//external/mbed/LPC1768/capi.ar(wait_api.LPC1768.o)
                0x000000000000c498                wait_ms

i.us_ticker_read
                0x000000000000c4b4       0x38
 i.us_ticker_read
                0x000000000000c4b4       0x38 /Users/Abhijeet/Workspace/mrk/mrk//external/mbed/LPC1768/capi.ar(us_ticker_api.LPC1768.o)
                0x000000000000c4b4                us_ticker_read

i.timer_frequency
                0x000000000000c4ec       0x14
 i.timer_frequency
                0x000000000000c4ec       0x14 /Users/Abhijeet/Workspace/mrk/mrk//external/mbed/LPC1768/capi.ar(timer_api.LPC1768.o)
                0x000000000000c4ec                timer_frequency

i.timer_init    0x000000000000c500       0x70
 i.timer_init   0x000000000000c500       0x70 /Users/Abhijeet/Workspace/mrk/mrk//external/mbed/LPC1768/capi.ar(timer_api.LPC1768.o)
                0x000000000000c500                timer_init

i.timer_read    0x000000000000c570        0x4
 i.timer_read   0x000000000000c570        0x4 /Users/Abhijeet/Workspace/mrk/mrk//external/mbed/LPC1768/capi.ar(timer_api.LPC1768.o)
                0x000000000000c570                timer_read

i.timer_start   0x000000000000c574        0xc
 i.timer_start  0x000000000000c574        0xc /Users/Abhijeet/Workspace/mrk/mrk//external/mbed/LPC1768/capi.ar(timer_api.LPC1768.o)
                0x000000000000c574                timer_start

.constdata      0x000000000000c580      0x1c4
 .constdata     0x000000000000c580       0x28 /Users/Abhijeet/Workspace/mrk/mrk//external/mbed/LPC1768/mbed.ar(DigitalOut.LPC1768.o)
 .constdata     0x000000000000c5a8       0x18 /Users/Abhijeet/Workspace/mrk/mrk//external/mbed/LPC1768/mbed.ar(Base.LPC1768.o)
 .constdata     0x000000000000c5c0       0x18 /Users/Abhijeet/Workspace/mrk/mrk//external/mbed/LPC1768/mbed.ar(Base.LPC1768.o)
                0x000000000000c5c0                _ZN4mbed4Base11_base_funcsE
 .constdata     0x000000000000c5d8       0x17 /Users/Abhijeet/Workspace/mrk/mrk//external/mbed/LPC1768/mbed.ar(stdio.LPC1768.o)
                0x000000000000c5d8                __stdin_name
                0x000000000000c5df                __stdout_name
                0x000000000000c5e7                __stderr_name
 *fill*         0x000000000000c5ef        0x1 00
 .constdata     0x000000000000c5f0      0x154 /Users/Abhijeet/Workspace/mrk/mrk//external/mbed/LPC1768/capi.ar(serial_api.LPC1768.o)

.conststring    0x000000000000c744       0x30
 .conststring   0x000000000000c744       0x16 /Users/Abhijeet/Workspace/mrk/mrk//external/mbed/LPC1768/mbed.ar(DigitalOut.LPC1768.o)
 .conststring   0x000000000000c75a        0x7 /Users/Abhijeet/Workspace/mrk/mrk//external/mbed/LPC1768/mbed.ar(Base.LPC1768.o)
 .conststring   0x000000000000c761        0xe /Users/Abhijeet/Workspace/mrk/mrk//external/mbed/LPC1768/mbed.ar(Base.LPC1768.o)
 .conststring   0x000000000000c76f        0x5 /Users/Abhijeet/Workspace/mrk/mrk//external/mbed/LPC1768/mbed.ar(Base.LPC1768.o)

.constdata__ZTVN4mbed10DigitalOutE
                0x000000000000c774       0x18
 .constdata__ZTVN4mbed10DigitalOutE
                0x000000000000c774       0x18 /Users/Abhijeet/Workspace/mrk/mrk//external/mbed/LPC1768/mbed.ar(DigitalOut.LPC1768.o)
                0x000000000000c774                _ZTVN4mbed10DigitalOutE

.constdata___ARM__ZN4mbed12write_resultIiEEvT_Pc_anon0
                0x000000000000c78c        0x3
 .constdata___ARM__ZN4mbed12write_resultIiEEvT_Pc_anon0
                0x000000000000c78c        0x3 /Users/Abhijeet/Workspace/mrk/mrk//external/mbed/LPC1768/mbed.ar(DigitalOut.LPC1768.o)
                0x000000000000c78c                __ARM__ZN4mbed12write_resultIiEEvT_Pc_anon0

.constdata__ZTIN4mbed10DigitalOutE
                0x000000000000c790        0xc
 .constdata__ZTIN4mbed10DigitalOutE
                0x000000000000c790        0xc /Users/Abhijeet/Workspace/mrk/mrk//external/mbed/LPC1768/mbed.ar(DigitalOut.LPC1768.o)
                0x000000000000c790                _ZTIN4mbed10DigitalOutE

.constdata__ZTSN4mbed10DigitalOutE
                0x000000000000c79c       0x14
 .constdata__ZTSN4mbed10DigitalOutE
                0x000000000000c79c       0x14 /Users/Abhijeet/Workspace/mrk/mrk//external/mbed/LPC1768/mbed.ar(DigitalOut.LPC1768.o)
                0x000000000000c79c                _ZTSN4mbed10DigitalOutE

.constdata__ZTVN4mbed4BaseE
                0x000000000000c7b0       0x18
 .constdata__ZTVN4mbed4BaseE
                0x000000000000c7b0       0x18 /Users/Abhijeet/Workspace/mrk/mrk//external/mbed/LPC1768/mbed.ar(Base.LPC1768.o)
                0x000000000000c7b0                _ZTVN4mbed4BaseE

.constdata__ZTIN4mbed4BaseE
                0x000000000000c7c8        0x8
 .constdata__ZTIN4mbed4BaseE
                0x000000000000c7c8        0x8 /Users/Abhijeet/Workspace/mrk/mrk//external/mbed/LPC1768/mbed.ar(Base.LPC1768.o)
                0x000000000000c7c8                _ZTIN4mbed4BaseE

.constdata__ZTSN4mbed4BaseE
                0x000000000000c7d0        0xd
 .constdata__ZTSN4mbed4BaseE
                0x000000000000c7d0        0xd /Users/Abhijeet/Workspace/mrk/mrk//external/mbed/LPC1768/mbed.ar(Base.LPC1768.o)
                0x000000000000c7d0                _ZTSN4mbed4BaseE

.constdata__ZTIN4mbed14FileSystemLikeE
                0x000000000000c7e0        0xc
 .constdata__ZTIN4mbed14FileSystemLikeE
                0x000000000000c7e0        0xc /Users/Abhijeet/Workspace/mrk/mrk//external/mbed/LPC1768/mbed.ar(Base.LPC1768.o)
                0x000000000000c7e0                _ZTIN4mbed14FileSystemLikeE

.constdata__ZTSN4mbed14FileSystemLikeE
                0x000000000000c7ec       0x18
 .constdata__ZTSN4mbed14FileSystemLikeE
                0x000000000000c7ec       0x18 /Users/Abhijeet/Workspace/mrk/mrk//external/mbed/LPC1768/mbed.ar(Base.LPC1768.o)
                0x000000000000c7ec                _ZTSN4mbed14FileSystemLikeE

.constdata__ZTIN4mbed8FileLikeE
                0x000000000000c804       0x20
 .constdata__ZTIN4mbed8FileLikeE
                0x000000000000c804       0x20 /Users/Abhijeet/Workspace/mrk/mrk//external/mbed/LPC1768/mbed.ar(stdio.LPC1768.o)
                0x000000000000c804                _ZTIN4mbed8FileLikeE

.constdata__ZTIN4mbed10FileHandleE
                0x000000000000c824        0x8
 .constdata__ZTIN4mbed10FileHandleE
                0x000000000000c824        0x8 /Users/Abhijeet/Workspace/mrk/mrk//external/mbed/LPC1768/mbed.ar(stdio.LPC1768.o)
                0x000000000000c824                _ZTIN4mbed10FileHandleE

.constdata__ZTSN4mbed8FileLikeE
                0x000000000000c82c       0x11
 .constdata__ZTSN4mbed8FileLikeE
                0x000000000000c82c       0x11 /Users/Abhijeet/Workspace/mrk/mrk//external/mbed/LPC1768/mbed.ar(stdio.LPC1768.o)
                0x000000000000c82c                _ZTSN4mbed8FileLikeE

.constdata__ZTSN4mbed10FileHandleE
                0x000000000000c83d       0x14
 .constdata__ZTSN4mbed10FileHandleE
                0x000000000000c83d       0x14 /Users/Abhijeet/Workspace/mrk/mrk//external/mbed/LPC1768/mbed.ar(stdio.LPC1768.o)
                0x000000000000c83d                _ZTSN4mbed10FileHandleE

.ARM.exidx      0x000000000000c854        0x8
 *(.ARM.exidx* .gnu.linkonce.armexidx.*)
 .ARM.exidx     0x000000000000c85c        0x0 /Users/Abhijeet/Workspace/mrk/mrk//external/mbed/LPC1768/mbed.ar(DigitalOut.LPC1768.o)
                                          0x8 (size before relaxing)
 .ARM.exidx     0x000000000000c85c        0x0 /Users/Abhijeet/Workspace/mrk/mrk//external/mbed/LPC1768/mbed.ar(DigitalOut.LPC1768.o)
                                          0x8 (size before relaxing)
 .ARM.exidx     0x000000000000c85c        0x0 /Users/Abhijeet/Workspace/mrk/mrk//external/mbed/LPC1768/mbed.ar(DigitalOut.LPC1768.o)
                                          0x8 (size before relaxing)
 .ARM.exidx     0x000000000000c85c        0x0 /Users/Abhijeet/Workspace/mrk/mrk//external/mbed/LPC1768/mbed.ar(DigitalOut.LPC1768.o)
                                          0x8 (size before relaxing)
 .ARM.exidx     0x000000000000c85c        0x0 /Users/Abhijeet/Workspace/mrk/mrk//external/mbed/LPC1768/mbed.ar(DigitalOut.LPC1768.o)
                                          0x8 (size before relaxing)
 .ARM.exidx     0x000000000000c85c        0x0 /Users/Abhijeet/Workspace/mrk/mrk//external/mbed/LPC1768/mbed.ar(DigitalOut.LPC1768.o)
                                          0x8 (size before relaxing)
 .ARM.exidx     0x000000000000c85c        0x0 /Users/Abhijeet/Workspace/mrk/mrk//external/mbed/LPC1768/mbed.ar(DigitalOut.LPC1768.o)
                                          0x8 (size before relaxing)
 .ARM.exidx     0x000000000000c85c        0x0 /Users/Abhijeet/Workspace/mrk/mrk//external/mbed/LPC1768/mbed.ar(DigitalOut.LPC1768.o)
                                          0x8 (size before relaxing)
 .ARM.exidx     0x000000000000c85c        0x0 /Users/Abhijeet/Workspace/mrk/mrk//external/mbed/LPC1768/mbed.ar(DigitalOut.LPC1768.o)
                                          0x8 (size before relaxing)
 .ARM.exidx     0x000000000000c85c        0x0 /Users/Abhijeet/Workspace/mrk/mrk//external/mbed/LPC1768/mbed.ar(DigitalOut.LPC1768.o)
                                          0x8 (size before relaxing)
 .ARM.exidx     0x000000000000c85c        0x0 /Users/Abhijeet/Workspace/mrk/mrk//external/mbed/LPC1768/mbed.ar(Base.LPC1768.o)
                                          0x8 (size before relaxing)
 .ARM.exidx     0x000000000000c85c        0x0 /Users/Abhijeet/Workspace/mrk/mrk//external/mbed/LPC1768/mbed.ar(Base.LPC1768.o)
                                          0x8 (size before relaxing)
 .ARM.exidx     0x000000000000c85c        0x0 /Users/Abhijeet/Workspace/mrk/mrk//external/mbed/LPC1768/mbed.ar(Base.LPC1768.o)
                                          0x8 (size before relaxing)
 .ARM.exidx     0x000000000000c85c        0x0 /Users/Abhijeet/Workspace/mrk/mrk//external/mbed/LPC1768/mbed.ar(Base.LPC1768.o)
                                          0x8 (size before relaxing)
 .ARM.exidx     0x000000000000c85c        0x0 /Users/Abhijeet/Workspace/mrk/mrk//external/mbed/LPC1768/mbed.ar(Base.LPC1768.o)
                                          0x8 (size before relaxing)
 .ARM.exidx     0x000000000000c85c        0x0 /Users/Abhijeet/Workspace/mrk/mrk//external/mbed/LPC1768/mbed.ar(Base.LPC1768.o)
                                          0x8 (size before relaxing)
 .ARM.exidx     0x000000000000c85c        0x0 /Users/Abhijeet/Workspace/mrk/mrk//external/mbed/LPC1768/mbed.ar(Base.LPC1768.o)
                                          0x8 (size before relaxing)
 .ARM.exidx     0x000000000000c85c        0x0 /Users/Abhijeet/Workspace/mrk/mrk//external/mbed/LPC1768/mbed.ar(Base.LPC1768.o)
                                          0x8 (size before relaxing)
 .ARM.exidx     0x000000000000c85c        0x0 /Users/Abhijeet/Workspace/mrk/mrk//external/mbed/LPC1768/mbed.ar(Base.LPC1768.o)
                                          0x8 (size before relaxing)
 .ARM.exidx     0x000000000000c85c        0x0 /Users/Abhijeet/Workspace/mrk/mrk//external/mbed/LPC1768/mbed.ar(Base.LPC1768.o)
                                          0x8 (size before relaxing)
 .ARM.exidx     0x000000000000c85c        0x0 /Users/Abhijeet/Workspace/mrk/mrk//external/mbed/LPC1768/mbed.ar(stdio.LPC1768.o)
                                          0x8 (size before relaxing)
 .ARM.exidx     0x000000000000c85c        0x0 /Users/Abhijeet/Workspace/mrk/mrk//external/mbed/LPC1768/mbed.ar(stdio.LPC1768.o)
                                          0x8 (size before relaxing)
 .ARM.exidx     0x000000000000c85c        0x0 /Users/Abhijeet/Workspace/mrk/mrk//external/mbed/LPC1768/mbed.ar(stdio.LPC1768.o)
                                          0x8 (size before relaxing)
 .ARM.exidx     0x000000000000c85c        0x0 /Users/Abhijeet/Workspace/mrk/mrk//external/mbed/LPC1768/mbed.ar(stdio.LPC1768.o)
                                          0x8 (size before relaxing)
 .ARM.exidx     0x000000000000c85c        0x0 /Users/Abhijeet/Workspace/mrk/mrk//external/mbed/LPC1768/mbed.ar(stdio.LPC1768.o)
                                          0x8 (size before relaxing)
 .ARM.exidx     0x000000000000c85c        0x0 /Users/Abhijeet/Workspace/mrk/mrk//external/mbed/LPC1768/mbed.ar(stdio.LPC1768.o)
                                          0x8 (size before relaxing)
 .ARM.exidx     0x000000000000c854        0x8 /Users/Abhijeet/mbed_offline/arm-2011.03/bin/../lib/gcc/arm-none-eabi/4.5.2/thumb2/libgcc.a(_divdi3.o)
 .ARM.exidx     0x000000000000c85c        0x0 /Users/Abhijeet/mbed_offline/arm-2011.03/bin/../lib/gcc/arm-none-eabi/4.5.2/thumb2/libgcc.a(_udivdi3.o)
                                          0x8 (size before relaxing)
                0x000000000000c85c                __exidx_end = .

.data           0x0000000010000000      0x5b4 load address 0x000000000000c85c
                0x000000000000c85c                _sidata = LOADADDR (.data)
                0x0000000010000000                . = ALIGN (0x4)
                0x0000000010000000                _sdata = .
 *(.ARM.__AT_0x10000000)
 *(vtable vtable.*)
 *(.data .data.*)
 .data          0x0000000010000000        0x4 /Users/Abhijeet/mbed_offline/arm-2011.03/bin/../lib/gcc/arm-none-eabi/4.5.2/thumb2/crtbegin.o
                0x0000000010000000                __dso_handle
 .data          0x0000000010000004        0x8 /Users/Abhijeet/Workspace/mrk/mrk//external/mbed/LPC1768/mbed.ar(Base.LPC1768.o)
                0x0000000010000004                _ZN4mbed4Base5_headE
                0x0000000010000008                _ZN4mbed4Base8_classesE
 .data          0x000000001000000c        0xc /Users/Abhijeet/Workspace/mrk/mrk//external/mbed/LPC1768/mbed.ar(Base.LPC1768.o)
                0x000000001000000c                _ZN4mbed4Base11_base_classE
 .data          0x0000000010000018        0x4 /Users/Abhijeet/Workspace/mrk/mrk//external/mbed/LPC1768/capi.ar(system_LPC17xx.LPC1768.o)
                0x0000000010000018                SystemCoreClock