Archive member included because of file (symbol)

/Users/dbanks/mbed_offline/external/mbed/LPC1768/mbed.ar(DigitalOut.LPC1768.o)
                              ./main.o (_ZTVN4mbed10DigitalOutE)
/Users/dbanks/mbed_offline/external/mbed/LPC1768/mbed.ar(Base.LPC1768.o)
                              /Users/dbanks/mbed_offline/external/mbed/LPC1768/mbed.ar(DigitalOut.LPC1768.o) (_ZTIN4mbed4BaseE)
/Users/dbanks/mbed_offline/external/mbed/LPC1768/mbed.ar(stdio.LPC1768.o)
                              /Users/dbanks/mbed_offline/external/mbed/LPC1768/mbed.ar(Base.LPC1768.o) (_ZTIN4mbed8FileLikeE)
/Users/dbanks/mbed_offline/external/mbed/LPC1768/capi.ar(startup_LPC17xx.LPC1768.o)
                              (Reset_Handler)
/Users/dbanks/mbed_offline/external/mbed/LPC1768/capi.ar(system_LPC17xx.LPC1768.o)
                              /Users/dbanks/mbed_offline/NanoRK/nano-RK/src/kernel/hal/LPC1768/nrk_watchdog.o (SystemCoreClock)
/Users/dbanks/mbed_offline/external/mbed/LPC1768/capi.ar(core_cm3.LPC1768.o)
                              /Users/dbanks/mbed_offline/src/syscalls.o (__get_MSP)
/Users/dbanks/mbed_offline/external/mbed/LPC1768/capi.ar(serial_api.LPC1768.o)
                              /Users/dbanks/mbed_offline/external/mbed/LPC1768/mbed.ar(stdio.LPC1768.o) (serial_baud)
/Users/dbanks/mbed_offline/external/mbed/LPC1768/capi.ar(exit.LPC1768.o)
                              /Users/dbanks/mbed_offline/src/gcc4mbed.o (exit)
/Users/dbanks/mbed_offline/external/mbed/LPC1768/capi.ar(pinmap.LPC1768.o)
                              /Users/dbanks/mbed_offline/external/mbed/LPC1768/capi.ar(serial_api.LPC1768.o) (pinmap_merge)
/Users/dbanks/mbed_offline/external/mbed/LPC1768/capi.ar(wait_api.LPC1768.o)
                              ./main.o (wait)
/Users/dbanks/mbed_offline/external/mbed/LPC1768/capi.ar(gpio_api.LPC1768.o)
                              /Users/dbanks/mbed_offline/external/mbed/LPC1768/mbed.ar(DigitalOut.LPC1768.o) (gpio_output)
/Users/dbanks/mbed_offline/external/mbed/LPC1768/capi.ar(semihost_api.LPC1768.o)
                              /Users/dbanks/mbed_offline/external/mbed/LPC1768/capi.ar(exit.LPC1768.o) (semihost_exit)
/Users/dbanks/mbed_offline/external/mbed/LPC1768/capi.ar(us_ticker_api.LPC1768.o)
                              /Users/dbanks/mbed_offline/external/mbed/LPC1768/capi.ar(wait_api.LPC1768.o) (us_ticker_read)
/Users/dbanks/mbed_offline/external/mbed/LPC1768/capi.ar(utils_api.LPC1768.o)
                              /Users/dbanks/mbed_offline/external/mbed/LPC1768/capi.ar(exit.LPC1768.o) (mbed_die)
/Users/dbanks/mbed_offline/external/mbed/LPC1768/capi.ar(timer_api.LPC1768.o)
                              /Users/dbanks/mbed_offline/external/mbed/LPC1768/capi.ar(us_ticker_api.LPC1768.o) (timer_frequency)
/Users/dbanks/mbed_offline/external/gcc/LPC1768/libstdc++.a(atexit_arm.o)
                              ./main.o (__aeabi_atexit)
/Users/dbanks/mbed_offline/external/gcc/LPC1768/libstdc++.a(class_type_info.o)
                              /Users/dbanks/mbed_offline/external/mbed/LPC1768/mbed.ar(Base.LPC1768.o) (_ZTVN10__cxxabiv117__class_type_infoE)
/Users/dbanks/mbed_offline/external/gcc/LPC1768/libstdc++.a(del_op.o)
                              ./main.o (_ZdlPv)
/Users/dbanks/mbed_offline/external/gcc/LPC1768/libstdc++.a(del_opv.o)
                              /Users/dbanks/mbed_offline/external/mbed/LPC1768/mbed.ar(Base.LPC1768.o) (_ZdaPv)
/Users/dbanks/mbed_offline/external/gcc/LPC1768/libstdc++.a(dyncast.o)
                              /Users/dbanks/mbed_offline/external/mbed/LPC1768/mbed.ar(Base.LPC1768.o) (__dynamic_cast)
/Users/dbanks/mbed_offline/external/gcc/LPC1768/libstdc++.a(new_op.o)
                              /Users/dbanks/mbed_offline/external/mbed/LPC1768/mbed.ar(DigitalOut.LPC1768.o) (_Znwj)
/Users/dbanks/mbed_offline/external/gcc/LPC1768/libstdc++.a(new_opv.o)
                              /Users/dbanks/mbed_offline/external/mbed/LPC1768/mbed.ar(DigitalOut.LPC1768.o) (_Znaj)
/Users/dbanks/mbed_offline/external/gcc/LPC1768/libstdc++.a(pure.o)
                              /Users/dbanks/mbed_offline/external/mbed/LPC1768/mbed.ar(stdio.LPC1768.o) (__cxa_pure_virtual)
/Users/dbanks/mbed_offline/external/gcc/LPC1768/libstdc++.a(si_class_type_info.o)
                              /Users/dbanks/mbed_offline/external/mbed/LPC1768/mbed.ar(DigitalOut.LPC1768.o) (_ZTVN10__cxxabiv120__si_class_type_infoE)
/Users/dbanks/mbed_offline/external/gcc/LPC1768/libstdc++.a(tinfo.o)
                              /Users/dbanks/mbed_offline/external/gcc/LPC1768/libstdc++.a(class_type_info.o) (_ZNSt9type_infoD2Ev)
/Users/dbanks/mbed_offline/external/gcc/LPC1768/libstdc++.a(vmi_class_type_info.o)
                              /Users/dbanks/mbed_offline/external/mbed/LPC1768/mbed.ar(stdio.LPC1768.o) (_ZTVN10__cxxabiv121__vmi_class_type_infoE)
/Users/dbanks/mbed_offline/external/gcc/LPC1768/libstdc++.a(eh_terminate.o)
[...]
Memory Configuration

Name             Origin             Length             Attributes
IROM             0x0000000000000000 0x0000000000080000 xr
IRAM0            0x0000000010000000 0x0000000000008000 xrw
IRAM1            0x000000002007c000 0x0000000000004000 xrw
IRAM2            0x0000000020080000 0x0000000000004000 xrw
*default*        0x0000000000000000 0xffffffffffffffff

Linker script and memory map

LOAD /Users/dbanks/mbed_offline/arm-2011.03/bin/../lib/gcc/arm-none-eabi/4.5.2/thumb2/crti.o
LOAD /Users/dbanks/mbed_offline/arm-2011.03/bin/../lib/gcc/arm-none-eabi/4.5.2/thumb2/crtbegin.o
LOAD ./foo.o
LOAD /Users/dbanks/mbed_offline/src/gcc4mbed.o
LOAD /Users/dbanks/mbed_offline/src/syscalls.o
LOAD /Users/dbanks/mbed_offline/NanoRK/nano-RK/src/radio/cc2420/source/hal_rf_set_channel.o
LOAD /Users/dbanks/mbed_offline/NanoRK/nano-RK/src/radio/cc2420/source/hal_rf_wait_for_crystal_oscillator.o
LOAD /Users/dbanks/mbed_offline/NanoRK/nano-RK/src/radio/cc2420/source/basic_rf.o
LOAD /Users/dbanks/mbed_offline/NanoRK/nano-RK/src/platform/mbed/source/ulib.o
LOAD /Users/dbanks/mbed_offline/NanoRK/nano-RK/src/platform/mbed/source/hal_wait.o
LOAD /Users/dbanks/mbed_offline/NanoRK/nano-RK/src/platform/mbed/source/nrk_eeprom.o
LOAD /Users/dbanks/mbed_offline/NanoRK/nano-RK/src/kernel/source/nrk.o
LOAD /Users/dbanks/mbed_offline/NanoRK/nano-RK/src/kernel/source/nrk_stats.o
LOAD /Users/dbanks/mbed_offline/NanoRK/nano-RK/src/kernel/source/nrk_error.o
LOAD /Users/dbanks/mbed_offline/NanoRK/nano-RK/src/kernel/source/nrk_stack_check.o
LOAD /Users/dbanks/mbed_offline/NanoRK/nano-RK/src/kernel/source/nrk_events.o
LOAD /Users/dbanks/mbed_offline/NanoRK/nano-RK/src/kernel/source/nrk_task.o
LOAD /Users/dbanks/mbed_offline/NanoRK/nano-RK/src/kernel/source/nrk_time.o
LOAD /Users/dbanks/mbed_offline/NanoRK/nano-RK/src/kernel/source/nrk_idle_task.o
LOAD /Users/dbanks/mbed_offline/NanoRK/nano-RK/src/kernel/source/nrk_scheduler.o
LOAD /Users/dbanks/mbed_offline/NanoRK/nano-RK/src/kernel/source/nrk_driver.o
LOAD /Users/dbanks/mbed_offline/NanoRK/nano-RK/src/kernel/source/nrk_reserve.o
LOAD /Users/dbanks/mbed_offline/NanoRK/nano-RK/src/kernel/hal/LPC1768/nrk_timer.o
LOAD /Users/dbanks/mbed_offline/NanoRK/nano-RK/src/kernel/hal/LPC1768/nrk_status.o
LOAD /Users/dbanks/mbed_offline/NanoRK/nano-RK/src/kernel/hal/LPC1768/nrk_watchdog.o
LOAD /Users/dbanks/mbed_offline/NanoRK/nano-RK/src/kernel/hal/LPC1768/nrk_cpu.o
LOAD /Users/dbanks/mbed_offline/NanoRK/nano-RK/src/kernel/hal/LPC1768/LPC1768_hw_specific.o
LOAD ./main.o
LOAD /Users/dbanks/mbed_offline/external/mbed/LPC1768/mbed.ar
LOAD /Users/dbanks/mbed_offline/external/mbed/LPC1768/capi.ar
LOAD /Users/dbanks/mbed_offline/external/FATFileSystem/LPC1768/FATFileSystem.ar
LOAD /Users/dbanks/mbed_offline/external/gcc/LPC1768/libstdc++.a
LOAD /Users/dbanks/mbed_offline/external/gcc/LPC1768/libm.a
START GROUP
LOAD /Users/dbanks/mbed_offline/arm-2011.03/bin/../lib/gcc/arm-none-eabi/4.5.2/thumb2/libgcc.a
LOAD /Users/dbanks/mbed_offline/external/gcc/LPC1768/libc.a
END GROUP
LOAD /Users/dbanks/mbed_offline/arm-2011.03/bin/../lib/gcc/arm-none-eabi/4.5.2/thumb2/crtend.o
LOAD /Users/dbanks/mbed_offline/arm-2011.03/bin/../lib/gcc/arm-none-eabi/4.5.2/thumb2/crtn.o

.text           0x0000000000000000     0x5408
 *(RESET)
 RESET          0x0000000000000000       0xc4 /Users/dbanks/mbed_offline/external/mbed/LPC1768/capi.ar(startup_LPC17xx.LPC1768.o)
                0x0000000000000000                __Vectors
 *(.mbed_init)
 .mbed_init     0x00000000000000c4      0x108 /Users/dbanks/mbed_offline/src/gcc4mbed.o
                0x00000000000000c4                __main
 *(i.SystemInit)
 i.SystemInit   0x00000000000001cc       0x78 /Users/dbanks/mbed_offline/external/mbed/LPC1768/capi.ar(system_LPC17xx.LPC1768.o)
                0x00000000000001cc                SystemInit
                0x00000000000002fc                . = 0x2fc
 *fill*         0x0000000000000244       0xb8 00
 *(.crp)
                0x0000000000000300                . = 0x300
 *fill*         0x00000000000002fc        0x4 00
 *(.text .text.*)
 .text          0x0000000000000300       0x30 /Users/dbanks/mbed_offline/arm-2011.03/bin/../lib/gcc/arm-none-eabi/4.5.2/thumb2/crtbegin.o
 .text._Z6togglePi
                0x0000000000000330        0xc ./foo.o
                0x0000000000000330                _Z6togglePi
 .text._kill    0x000000000000033c       0x10 /Users/dbanks/mbed_offline/src/syscalls.o
                0x000000000000033c                _kill
 .text._exit    0x000000000000034c        0x8 /Users/dbanks/mbed_offline/src/syscalls.o
                0x000000000000034c                _exit
 .text._getpid  0x0000000000000354        0x4 /Users/dbanks/mbed_offline/src/syscalls.o
                0x0000000000000354                _getpid
 .text._sbrk    0x0000000000000358       0x30 /Users/dbanks/mbed_offline/src/syscalls.o
                0x0000000000000358                _sbrk
 .text          0x0000000000000388       0xdc /Users/dbanks/mbed_offline/NanoRK/nano-RK/src/kernel/hal/LPC1768/LPC1768_hw_specific.o
                0x0000000000000388                nrk_start_high_ready_task
                0x0000000000000396                _nrk_spin_wait_us
                0x000000000000044a                SVC_Handler
 .text.main     0x0000000000000464       0x60 ./main.o
                0x0000000000000464                main
 .text._GLOBAL__I_myled
                0x00000000000004c4       0x50 ./main.o
 .text          0x0000000000000514       0x24 /Users/dbanks/mbed_offline/external/mbed/LPC1768/capi.ar(startup_LPC17xx.LPC1768.o)
                0x0000000000000514                Reset_Handler
                0x000000000000051c                NMI_Handler
                0x000000000000051e                HardFault_Handler
                0x0000000000000520                MemManage_Handler
                0x0000000000000522                BusFault_Handler
                0x0000000000000524                UsageFault_Handler
                0x0000000000000528                DebugMon_Handler
                0x000000000000052a                PendSV_Handler
                0x000000000000052c                SysTick_Handler
                0x000000000000052e                UART0_IRQHandler
                0x000000000000052e                PLL0_IRQHandler
                0x000000000000052e                CAN_IRQHandler
                0x000000000000052e                PLL1_IRQHandler
                0x000000000000052e                SSP0_IRQHandler
                0x000000000000052e                I2S_IRQHandler
                0x000000000000052e                I2C2_IRQHandler
                0x000000000000052e                RTC_IRQHandler
                0x000000000000052e                TIMER0_IRQHandler
                0x000000000000052e                SPI_IRQHandler
                0x000000000000052e                EINT1_IRQHandler
                0x000000000000052e                TIMER1_IRQHandler
                0x000000000000052e                UART2_IRQHandler
                0x000000000000052e                ADC_IRQHandler
                0x000000000000052e                SSP1_IRQHandler
                0x000000000000052e                USB_IRQHandler
                0x000000000000052e                BOD_IRQHandler
                0x000000000000052e                WDT_IRQHandler
                0x000000000000052e                QEI_IRQHandler
                0x000000000000052e                EINT0_IRQHandler
                0x000000000000052e                DMA_IRQHandler
                0x000000000000052e                UART3_IRQHandler
                0x000000000000052e                MCPWM_IRQHandler
                0x000000000000052e                TIMER2_IRQHandler
                0x000000000000052e                ENET_IRQHandler
                0x000000000000052e                RIT_IRQHandler
                0x000000000000052e                I2C0_IRQHandler
                0x000000000000052e                PWM1_IRQHandler
                0x000000000000052e                I2C1_IRQHandler
                0x000000000000052e                EINT2_IRQHandler
                0x000000000000052e                UART1_IRQHandler
                0x000000000000052e                EINT3_IRQHandler
                0x000000000000052e                TIMER3_IRQHandler
 .text.__aeabi_atexit
                0x0000000000000538        0xa /Users/dbanks/mbed_offline/external/gcc/LPC1768/libstdc++.a(atexit_arm.o)
                0x0000000000000538                __aeabi_atexit
 .text._ZNK10__cxxabiv117__class_type_info20__do_find_public_srcEiPKvPKS0_S2_
                0x0000000000000542        0xc /Users/dbanks/mbed_offline/external/gcc/LPC1768/libstdc++.a(class_type_info.o)
                0x0000000000000542                _ZNK10__cxxabiv117__class_type_info20__do_find_public_srcEiPKvPKS0_S2_
 .text._ZNK10__cxxabiv117__class_type_info11__do_upcastEPKS0_PKvRNS0_15__upcast_resultE
                0x000000000000054e       0x1a /Users/dbanks/mbed_offline/external/gcc/LPC1768/libstdc++.a(class_type_info.o)
                0x000000000000054e                _ZNK10__cxxabiv117__class_type_info11__do_upcastEPKS0_PKvRNS0_15__upcast_resultE
 .text._ZNK10__cxxabiv117__class_type_info12__do_dyncastEiNS0_10__sub_kindEPKS0_PKvS3_S5_RNS0_16__dyncast_resultE
                0x0000000000000568       0x3c /Users/dbanks/mbed_offline/external/gcc/LPC1768/libstdc++.a(class_type_info.o)
                0x0000000000000568                _ZNK10__cxxabiv117__class_type_info12__do_dyncastEiNS0_10__sub_kindEPKS0_PKvS3_S5_RNS0_16__dyncast_resultE
 .text._ZNK10__cxxabiv117__class_type_info10__do_catchEPKSt9type_infoPPvj
                0x00000000000005a4       0x26 /Users/dbanks/mbed_offline/external/gcc/LPC1768/libstdc++.a(class_type_info.o)
                0x00000000000005a4                _ZNK10__cxxabiv117__class_type_info10__do_catchEPKSt9type_infoPPvj
 *fill*         0x00000000000005ca        0x2 00
 .text._ZN10__cxxabiv117__class_type_infoD2Ev
                0x00000000000005cc       0x14 /Users/dbanks/mbed_offline/external/gcc/LPC1768/libstdc++.a(class_type_info.o)
                0x00000000000005cc                _ZN10__cxxabiv117__class_type_infoD1Ev
                0x00000000000005cc                _ZN10__cxxabiv117__class_type_infoD2Ev
 .text._ZN10__cxxabiv117__class_type_infoD0Ev
                0x00000000000005e0       0x12 /Users/dbanks/mbed_offline/external/gcc/LPC1768/libstdc++.a(class_type_info.o)
                0x00000000000005e0                _ZN10__cxxabiv117__class_type_infoD0Ev
 .text._ZN10__cxxabiv117__class_type_info15__upcast_resultC2Ei
                0x00000000000005f2        0xc /Users/dbanks/mbed_offline/external/gcc/LPC1768/libstdc++.a(class_type_info.o)
                0x00000000000005f2                _ZN10__cxxabiv117__class_type_info15__upcast_resultC2Ei
                0x00000000000005f2                _ZN10__cxxabiv117__class_type_info15__upcast_resultC1Ei
 .text._ZNK10__cxxabiv117__class_type_info11__do_upcastEPKS0_PPv
                0x00000000000005fe       0x3a /Users/dbanks/mbed_offline/external/gcc/LPC1768/libstdc++.a(class_type_info.o)
                0x00000000000005fe                _ZNK10__cxxabiv117__class_type_info11__do_upcastEPKS0_PPv
 .text._ZdlPv   0x0000000000000638        0x8 /Users/dbanks/mbed_offline/external/gcc/LPC1768/libstdc++.a(del_op.o)
                0x0000000000000638                _ZdlPv
 .text._ZdaPv   0x0000000000000640        0x4 /Users/dbanks/mbed_offline/external/gcc/LPC1768/libstdc++.a(del_opv.o)
                0x0000000000000640                _ZdaPv
 .text._ZNK10__cxxabiv120__si_class_type_info11__do_upcastEPKNS_17__class_type_infoEPKvRNS1_15__upcast_resultE
                0x0000000000000644       0x24 /Users/dbanks/mbed_offline/external/gcc/LPC1768/libstdc++.a(si_class_type_info.o)
                0x0000000000000644                _ZNK10__cxxabiv120__si_class_type_info11__do_upcastEPKNS_17__class_type_infoEPKvRNS1_15__upcast_resultE
 .text._ZNK10__cxxabiv120__si_class_type_info12__do_dyncastEiNS_17__class_type_info10__sub_kindEPKS1_PKvS4_S6_RNS1_16__dyncast_resultE
                0x0000000000000668       0x90 /Users/dbanks/mbed_offline/external/gcc/LPC1768/libstdc++.a(si_class_type_info.o)
                0x0000000000000668                _ZNK10__cxxabiv120__si_class_type_info12__do_dyncastEiNS_17__class_type_info10__sub_kindEPKS1_PKvS4_S6_RNS1_16__dyncast_resultE
 .text._ZNK10__cxxabiv120__si_class_type_info20__do_find_public_srcEiPKvPKNS_17__class_type_infoES2_
                0x00000000000006f8       0x36 /Users/dbanks/mbed_offline/external/gcc/LPC1768/libstdc++.a(si_class_type_info.o)
                0x00000000000006f8                _ZNK10__cxxabiv120__si_class_type_info20__do_find_public_srcEiPKvPKNS_17__class_type_infoES2_
 *fill*         0x000000000000072e        0x2 00
 .text._ZN10__cxxabiv120__si_class_type_infoD2Ev
                0x0000000000000730       0x14 /Users/dbanks/mbed_offline/external/gcc/LPC1768/libstdc++.a(si_class_type_info.o)
                0x0000000000000730                _ZN10__cxxabiv120__si_class_type_infoD2Ev
                0x0000000000000730                _ZN10__cxxabiv120__si_class_type_infoD1Ev
 .text._ZN10__cxxabiv120__si_class_type_infoD0Ev
                0x0000000000000744       0x12 /Users/dbanks/mbed_offline/external/gcc/LPC1768/libstdc++.a(si_class_type_info.o)
                0x0000000000000744                _ZN10__cxxabiv120__si_class_type_infoD0Ev
 *fill*         0x0000000000000756        0x2 00
 .text._ZNSt9type_infoD2Ev
                0x0000000000000758        0xc /Users/dbanks/mbed_offline/external/gcc/LPC1768/libstdc++.a(tinfo.o)
                0x0000000000000758                _ZNSt9type_infoD1Ev
                0x0000000000000758                _ZNSt9type_infoD2Ev
 .text._ZNKSt9type_info14__is_pointer_pEv
                0x0000000000000764        0x4 /Users/dbanks/mbed_offline/external/gcc/LPC1768/libstdc++.a(tinfo.o)
                0x0000000000000764                _ZNKSt9type_info14__is_pointer_pEv
 .text._ZNKSt9type_info15__is_function_pEv
                0x0000000000000768        0x4 /Users/dbanks/mbed_offline/external/gcc/LPC1768/libstdc++.a(tinfo.o)
                0x0000000000000768                _ZNKSt9type_info15__is_function_pEv
 .text._ZNKSt9type_info11__do_upcastEPKN10__cxxabiv117__class_type_infoEPPv
                0x000000000000076c        0x4 /Users/dbanks/mbed_offline/external/gcc/LPC1768/libstdc++.a(tinfo.o)
                0x000000000000076c                _ZNKSt9type_info11__do_upcastEPKN10__cxxabiv117__class_type_infoEPPv
 .text._ZNSt9type_infoD0Ev
                0x0000000000000770       0x12 /Users/dbanks/mbed_offline/external/gcc/LPC1768/libstdc++.a(tinfo.o)
                0x0000000000000770                _ZNSt9type_infoD0Ev
 .text._ZNKSt9type_info4nameEv
                0x0000000000000782        0xc /Users/dbanks/mbed_offline/external/gcc/LPC1768/libstdc++.a(tinfo.o)
                0x0000000000000782                _ZNKSt9type_info4nameEv
 .text._ZNKSt9type_infoeqERKS_
                0x000000000000078e       0x34 /Users/dbanks/mbed_offline/external/gcc/LPC1768/libstdc++.a(tinfo.o)
                0x000000000000078e                _ZNKSt9type_infoeqERKS_
 .text._ZNKSt9type_info10__do_catchEPKS_PPvj
                0x00000000000007c2        0x4 /Users/dbanks/mbed_offline/external/gcc/LPC1768/libstdc++.a(tinfo.o)
                0x00000000000007c2                _ZNKSt9type_info10__do_catchEPKS_PPvj
 *fill*         0x00000000000007c6        0x2 00
 .text          0x00000000000007c8      0x370 /Users/dbanks/mbed_offline/arm-2011.03/bin/../lib/gcc/arm-none-eabi/4.5.2/thumb2/libgcc.a(_arm_addsubdf3.o)
                0x00000000000007c8                __aeabi_drsub
                0x00000000000007d0                __subdf3
                0x00000000000007d0                __aeabi_dsub
                0x00000000000007d4                __aeabi_dadd
                0x00000000000007d4                __adddf3
                0x0000000000000a4c                __aeabi_ui2d
                0x0000000000000a4c                __floatunsidf
                0x0000000000000a6c                __floatsidf
                0x0000000000000a6c                __aeabi_i2d
                0x0000000000000a90                __extendsfdf2
                0x0000000000000a90                __aeabi_f2d
                0x0000000000000acc                __aeabi_ul2d
                0x0000000000000acc                __floatundidf
                0x0000000000000adc                __aeabi_l2d
                0x0000000000000adc                __floatdidf
 .text          0x0000000000000b38      0x424 /Users/dbanks/mbed_offline/arm-2011.03/bin/../lib/gcc/arm-none-eabi/4.5.2/thumb2/libgcc.a(_arm_muldivdf3.o)
                0x0000000000000b38                __aeabi_dmul
                0x0000000000000b38                __muldf3
                0x0000000000000d8c                __aeabi_ddiv
                0x0000000000000d8c                __divdf3
 .text          0x0000000000000f5c       0x50 /Users/dbanks/mbed_offline/arm-2011.03/bin/../lib/gcc/arm-none-eabi/4.5.2/thumb2/libgcc.a(_arm_fixdfsi.o)
                0x0000000000000f5c                __fixdfsi
                0x0000000000000f5c                __aeabi_d2iz
 .text          0x0000000000000fac       0x2c /Users/dbanks/mbed_offline/arm-2011.03/bin/../lib/gcc/arm-none-eabi/4.5.2/thumb2/libgcc.a(_aeabi_uldivmod.o)
                0x0000000000000fac                __aeabi_uldivmod
 .text          0x0000000000000fd8       0x60 /Users/dbanks/mbed_offline/arm-2011.03/bin/../lib/gcc/arm-none-eabi/4.5.2/thumb2/libgcc.a(bpabi.o)
                0x0000000000000fd8                __gnu_ldivmod_helper
                0x0000000000001008                __gnu_uldivmod_helper
 .text          0x0000000000001038        0x4 /Users/dbanks/mbed_offline/arm-2011.03/bin/../lib/gcc/arm-none-eabi/4.5.2/thumb2/libgcc.a(_dvmd_tls.o)
                0x0000000000001038                __aeabi_ldiv0
                0x0000000000001038                __aeabi_idiv0
 .text          0x000000000000103c      0x360 /Users/dbanks/mbed_offline/arm-2011.03/bin/../lib/gcc/arm-none-eabi/4.5.2/thumb2/libgcc.a(_divdi3.o)
                0x000000000000103c                __divdi3
 .text          0x000000000000139c      0x308 /Users/dbanks/mbed_offline/arm-2011.03/bin/../lib/gcc/arm-none-eabi/4.5.2/thumb2/libgcc.a(_udivdi3.o)
                0x000000000000139c                __udivdi3
 *fill*         0x00000000000016a4        0x4 00
 .text          0x00000000000016a8      0x278 /Users/dbanks/mbed_offline/arm-2011.03/bin/../lib/gcc/arm-none-eabi/4.5.2/thumb2/libgcc.a(_udivsi3.o)
                0x00000000000016a8                __udivsi3
                0x00000000000016a8                __aeabi_uidiv
                0x0000000000001904                __aeabi_uidivmod
 .text.abort    0x0000000000001920        0xe /Users/dbanks/mbed_offline/external/gcc/LPC1768/libc.a(lib_a-abort.o)
                0x0000000000001920                abort
 *fill*         0x000000000000192e        0x2 00
 .text.setup_aeabi_stdio
                0x0000000000001930       0x28 /Users/dbanks/mbed_offline/external/gcc/LPC1768/libc.a(lib_a-clibabi_stdio.o)
 .text.__cxa_atexit
                0x0000000000001958       0x16 /Users/dbanks/mbed_offline/external/gcc/LPC1768/libc.a(lib_a-cxa_atexit.o)
                0x0000000000001958                __cxa_atexit
 *fill*         0x000000000000196e        0x2 00
 .text.__libc_init_array
                0x0000000000001970       0x48 /Users/dbanks/mbed_offline/external/gcc/LPC1768/libc.a(lib_a-init.o)
                0x0000000000001970                __libc_init_array
 .text.malloc   0x00000000000019b8       0x10 /Users/dbanks/mbed_offline/external/gcc/LPC1768/libc.a(lib_a-malloc.o)
                0x00000000000019b8                malloc
 .text.free     0x00000000000019c8       0x10 /Users/dbanks/mbed_offline/external/gcc/LPC1768/libc.a(lib_a-malloc.o)
                0x00000000000019c8                free
 .text._malloc_r
                0x00000000000019d8      0x408 /Users/dbanks/mbed_offline/external/gcc/LPC1768/libc.a(lib_a-mallocr.o)
                0x00000000000019d8                _malloc_r
 .text.memchr   0x0000000000001de0       0x1c /Users/dbanks/mbed_offline/external/gcc/LPC1768/libc.a(lib_a-memchr.o)
                0x0000000000001de0                memchr
 .text.memcpy   0x0000000000001dfc       0x16 /Users/dbanks/mbed_offline/external/gcc/LPC1768/libc.a(lib_a-memcpy.o)
                0x0000000000001dfc                memcpy
 .text.memmove  0x0000000000001e12       0x30 /Users/dbanks/mbed_offline/external/gcc/LPC1768/libc.a(lib_a-memmove.o)
                0x0000000000001e12                memmove
 .text.__malloc_lock
                0x0000000000001e42        0x2 /Users/dbanks/mbed_offline/external/gcc/LPC1768/libc.a(lib_a-mlock.o)
                0x0000000000001e42                __malloc_lock
 .text.__malloc_unlock
                0x0000000000001e44        0x2 /Users/dbanks/mbed_offline/external/gcc/LPC1768/libc.a(lib_a-mlock.o)
                0x0000000000001e44                __malloc_unlock
 *fill*         0x0000000000001e46        0x2 00
 .text._realloc_r
                0x0000000000001e48      0x2f8 /Users/dbanks/mbed_offline/external/gcc/LPC1768/libc.a(lib_a-reallocr.o)
                0x0000000000001e48                _realloc_r
 .text._sbrk_r  0x0000000000002140       0x24 /Users/dbanks/mbed_offline/external/gcc/LPC1768/libc.a(lib_a-sbrkr.o)
                0x0000000000002140                _sbrk_r
 .text._raise_r
                0x0000000000002164       0x56 /Users/dbanks/mbed_offline/external/gcc/LPC1768/libc.a(lib_a-signal.o)
                0x0000000000002164                _raise_r
 *fill*         0x00000000000021ba        0x2 00
 .text.raise    0x00000000000021bc       0x10 /Users/dbanks/mbed_offline/external/gcc/LPC1768/libc.a(lib_a-signal.o)
                0x00000000000021bc                raise
 .text._kill_r  0x00000000000021cc       0x24 /Users/dbanks/mbed_offline/external/gcc/LPC1768/libc.a(lib_a-signalr.o)
                0x00000000000021cc                _kill_r
 .text._getpid_r
                0x00000000000021f0        0x4 /Users/dbanks/mbed_offline/external/gcc/LPC1768/libc.a(lib_a-signalr.o)
                0x00000000000021f0                _getpid_r
 .text.sprintf  0x00000000000021f4       0x48 /Users/dbanks/mbed_offline/external/gcc/LPC1768/libc.a(lib_a-sprintf.o)
                0x00000000000021f4                sprintf
 .text.strcmp   0x000000000000223c       0x16 /Users/dbanks/mbed_offline/external/gcc/LPC1768/libc.a(lib_a-strcmp.o)
                0x000000000000223c                strcmp
 .text.strlen   0x0000000000002252       0x10 /Users/dbanks/mbed_offline/external/gcc/LPC1768/libc.a(lib_a-strlen.o)
                0x0000000000002252                strlen
 *fill*         0x0000000000002262        0x2 00
 .text._strtol_r
                0x0000000000002264      0x124 /Users/dbanks/mbed_offline/external/gcc/LPC1768/libc.a(lib_a-strtol.o)
                0x0000000000002264                _strtol_r
 .text.strtol   0x0000000000002388       0x1c /Users/dbanks/mbed_offline/external/gcc/LPC1768/libc.a(lib_a-strtol.o)
                0x0000000000002388                strtol
 .text._svfprintf_r
                0x00000000000023a4     0x1100 /Users/dbanks/mbed_offline/external/gcc/LPC1768/libc.a(lib_a-svfprintf.o)
                0x00000000000023a4                _svfprintf_r
 .text.__register_exitproc
                0x00000000000034a4       0xc0 /Users/dbanks/mbed_offline/external/gcc/LPC1768/libc.a(lib_a-__atexit.o)
                0x00000000000034a4                __register_exitproc
 .text.quorem   0x0000000000003564      0x124 /Users/dbanks/mbed_offline/external/gcc/LPC1768/libc.a(lib_a-dtoa.o)
 .text._dtoa_r  0x0000000000003688      0xc08 /Users/dbanks/mbed_offline/external/gcc/LPC1768/libc.a(lib_a-dtoa.o)
                0x0000000000003688                _dtoa_r
 .text._malloc_trim_r
                0x0000000000004290       0x94 /Users/dbanks/mbed_offline/external/gcc/LPC1768/libc.a(lib_a-freer.o)
                0x0000000000004290                _malloc_trim_r
 .text._free_r  0x0000000000004324      0x180 /Users/dbanks/mbed_offline/external/gcc/LPC1768/libc.a(lib_a-freer.o)
                0x0000000000004324                _free_r
 .text._localeconv_r
                0x00000000000044a4        0x8 /Users/dbanks/mbed_offline/external/gcc/LPC1768/libc.a(lib_a-locale.o)
                0x00000000000044a4                _localeconv_r
 .text.memset   0x00000000000044ac       0x10 /Users/dbanks/mbed_offline/external/gcc/LPC1768/libc.a(lib_a-memset.o)
                0x00000000000044ac                memset
 .text._Balloc  0x00000000000044bc       0x62 /Users/dbanks/mbed_offline/external/gcc/LPC1768/libc.a(lib_a-mprec.o)
                0x00000000000044bc                _Balloc
 .text._Bfree   0x000000000000451e       0x2e /Users/dbanks/mbed_offline/external/gcc/LPC1768/libc.a(lib_a-mprec.o)
                0x000000000000451e                _Bfree
 .text.__multadd
                0x000000000000454c       0x7c /Users/dbanks/mbed_offline/external/gcc/LPC1768/libc.a(lib_a-mprec.o)
                0x000000000000454c                __multadd
 .text.__hi0bits
                0x00000000000045c8       0x40 /Users/dbanks/mbed_offline/external/gcc/LPC1768/libc.a(lib_a-mprec.o)
                0x00000000000045c8                __hi0bits
 .text.__lo0bits
                0x0000000000004608       0x64 /Users/dbanks/mbed_offline/external/gcc/LPC1768/libc.a(lib_a-mprec.o)
                0x0000000000004608                __lo0bits
 .text.__i2b    0x000000000000466c       0x12 /Users/dbanks/mbed_offline/external/gcc/LPC1768/libc.a(lib_a-mprec.o)
                0x000000000000466c                __i2b
 .text.__multiply
                0x000000000000467e      0x124 /Users/dbanks/mbed_offline/external/gcc/LPC1768/libc.a(lib_a-mprec.o)
                0x000000000000467e                __multiply
 *fill*         0x00000000000047a2        0x2 00
 .text.__pow5mult
                0x00000000000047a4       0xa4 /Users/dbanks/mbed_offline/external/gcc/LPC1768/libc.a(lib_a-mprec.o)
                0x00000000000047a4                __pow5mult
 .text.__lshift
                0x0000000000004848       0x98 /Users/dbanks/mbed_offline/external/gcc/LPC1768/libc.a(lib_a-mprec.o)
                0x0000000000004848                __lshift
 .text.__mcmp   0x00000000000048e0       0x3a /Users/dbanks/mbed_offline/external/gcc/LPC1768/libc.a(lib_a-mprec.o)
                0x00000000000048e0                __mcmp
 .text.__mdiff  0x000000000000491a       0xc6 /Users/dbanks/mbed_offline/external/gcc/LPC1768/libc.a(lib_a-mprec.o)
                0x000000000000491a                __mdiff
 .text.__d2b    0x00000000000049e0       0xbc /Users/dbanks/mbed_offline/external/gcc/LPC1768/libc.a(lib_a-mprec.o)
                0x00000000000049e0                __d2b
 .text.__fpclassifyd
                0x0000000000004a9c       0x64 /Users/dbanks/mbed_offline/external/gcc/LPC1768/libc.a(lib_a-s_fpclassify.o)
                0x0000000000004a9c                __fpclassifyd
 .text.__ssprint_r
                0x0000000000004b00       0xf6 /Users/dbanks/mbed_offline/external/gcc/LPC1768/libc.a(lib_a-svfiprintf.o)
                0x0000000000004b00                __ssprint_r
 .text._calloc_r
                0x0000000000004bf6       0x58 /Users/dbanks/mbed_offline/external/gcc/LPC1768/libc.a(lib_a-callocr.o)
                0x0000000000004bf6                _calloc_r
 *fill*         0x0000000000004c4e        0x2 00
 .text          0x0000000000004c50      0x2b0 /Users/dbanks/mbed_offline/arm-2011.03/bin/../lib/gcc/arm-none-eabi/4.5.2/thumb2/libgcc.a(_divsi3.o)
                0x0000000000004c50                __aeabi_idiv
                0x0000000000004c50                __divsi3
                0x0000000000004ee4                __aeabi_idivmod
 .text          0x0000000000004f00      0x110 /Users/dbanks/mbed_offline/arm-2011.03/bin/../lib/gcc/arm-none-eabi/4.5.2/thumb2/libgcc.a(_arm_cmpdf2.o)
                0x0000000000004f00                __gtdf2
                0x0000000000004f00                __gedf2
                0x0000000000004f08                __ltdf2
                0x0000000000004f08                __ledf2
                0x0000000000004f10                __eqdf2
                0x0000000000004f10                __nedf2
                0x0000000000004f10                __cmpdf2
                0x0000000000004f8c                __aeabi_cdrcmple
                0x0000000000004f9c                __aeabi_cdcmple
                0x0000000000004f9c                __aeabi_cdcmpeq
                0x0000000000004fac                __aeabi_dcmpeq
                0x0000000000004fc0                __aeabi_dcmplt
                0x0000000000004fd4                __aeabi_dcmple
                0x0000000000004fe8                __aeabi_dcmpge
                0x0000000000004ffc                __aeabi_dcmpgt
 *(.gnu.linkonce.t.*)
 *(.glue_7)
 .glue_7        0x0000000000000000        0x0 linker stubs
 *(.glue_7t)
 .glue_7t       0x0000000000000000        0x0 linker stubs
 *(.gcc_except_table)
 *(.rodata .rodata*)
 .rodata._ZTVN10__cxxabiv117__class_type_infoE
                0x0000000000005010       0x30 /Users/dbanks/mbed_offline/external/gcc/LPC1768/libstdc++.a(class_type_info.o)
                0x0000000000005010                _ZTVN10__cxxabiv117__class_type_infoE
 .rodata._ZTIN10__cxxabiv117__class_type_infoE
                0x0000000000005040        0xc /Users/dbanks/mbed_offline/external/gcc/LPC1768/libstdc++.a(class_type_info.o)
                0x0000000000005040                _ZTIN10__cxxabiv117__class_type_infoE
 .rodata._ZTSN10__cxxabiv117__class_type_infoE
                0x000000000000504c       0x22 /Users/dbanks/mbed_offline/external/gcc/LPC1768/libstdc++.a(class_type_info.o)
                0x000000000000504c                _ZTSN10__cxxabiv117__class_type_infoE
 *fill*         0x000000000000506e        0x2 00
 .rodata._ZTVN10__cxxabiv120__si_class_type_infoE
                0x0000000000005070       0x30 /Users/dbanks/mbed_offline/external/gcc/LPC1768/libstdc++.a(si_class_type_info.o)
                0x0000000000005070                _ZTVN10__cxxabiv120__si_class_type_infoE
 .rodata._ZTIN10__cxxabiv120__si_class_type_infoE
                0x00000000000050a0        0xc /Users/dbanks/mbed_offline/external/gcc/LPC1768/libstdc++.a(si_class_type_info.o)
                0x00000000000050a0                _ZTIN10__cxxabiv120__si_class_type_infoE
 .rodata._ZTSN10__cxxabiv120__si_class_type_infoE
                0x00000000000050ac       0x25 /Users/dbanks/mbed_offline/external/gcc/LPC1768/libstdc++.a(si_class_type_info.o)
                0x00000000000050ac                _ZTSN10__cxxabiv120__si_class_type_infoE
 *fill*         0x00000000000050d1        0x3 00
 .rodata._ZTISt9type_info
                0x00000000000050d4        0x8 /Users/dbanks/mbed_offline/external/gcc/LPC1768/libstdc++.a(tinfo.o)
                0x00000000000050d4                _ZTISt9type_info
 .rodata._ZTSSt9type_info
                0x00000000000050dc        0xd /Users/dbanks/mbed_offline/external/gcc/LPC1768/libstdc++.a(tinfo.o)
                0x00000000000050dc                _ZTSSt9type_info
 *fill*         0x00000000000050e9        0x7 00
 .rodata._ZTVSt9type_info
                0x00000000000050f0       0x20 /Users/dbanks/mbed_offline/external/gcc/LPC1768/libstdc++.a(tinfo.o)
                0x00000000000050f0                _ZTVSt9type_info
 .rodata.str1.1
                0x0000000000005110        0x2 /Users/dbanks/mbed_offline/external/gcc/LPC1768/libc.a(lib_a-impure.o)
 *fill*         0x0000000000005112        0x2 00
 .rodata._global_impure_ptr
                0x0000000000005114        0x4 /Users/dbanks/mbed_offline/external/gcc/LPC1768/libc.a(lib_a-impure.o)
                0x0000000000005114                _global_impure_ptr
 .rodata.zeroes.6599
                0x0000000000005118       0x10 /Users/dbanks/mbed_offline/external/gcc/LPC1768/libc.a(lib_a-svfprintf.o)
 .rodata.str1.1
                0x0000000000005128       0x34 /Users/dbanks/mbed_offline/external/gcc/LPC1768/libc.a(lib_a-svfprintf.o)
 .rodata.blanks.6598
                0x000000000000515c       0x10 /Users/dbanks/mbed_offline/external/gcc/LPC1768/libc.a(lib_a-svfprintf.o)
 .rodata._ctype_
                0x000000000000516c      0x101 /Users/dbanks/mbed_offline/external/gcc/LPC1768/libc.a(lib_a-ctype_.o)
                0x000000000000516c                _ctype_
 .rodata.str1.1
                0x000000000000526d        0xd /Users/dbanks/mbed_offline/external/gcc/LPC1768/libc.a(lib_a-dtoa.o)
                                          0xf (size before relaxing)
 *fill*         0x000000000000527a        0x2 00
 .rodata.__sf_fake_stdin
                0x000000000000527c       0x20 /Users/dbanks/mbed_offline/external/gcc/LPC1768/libc.a(lib_a-findfp.o)
                0x000000000000527c                __sf_fake_stdin
 .rodata.__sf_fake_stdout
                0x000000000000529c       0x20 /Users/dbanks/mbed_offline/external/gcc/LPC1768/libc.a(lib_a-findfp.o)
                0x000000000000529c                __sf_fake_stdout
 .rodata.__sf_fake_stderr
                0x00000000000052bc       0x20 /Users/dbanks/mbed_offline/external/gcc/LPC1768/libc.a(lib_a-findfp.o)
                0x00000000000052bc                __sf_fake_stderr
 .rodata.str1.1
                0x00000000000052dc        0x8 /Users/dbanks/mbed_offline/external/gcc/LPC1768/libc.a(lib_a-locale.o)
                                          0xb (size before relaxing)
 .rodata.p05.5124
                0x00000000000052e4        0xc /Users/dbanks/mbed_offline/external/gcc/LPC1768/libc.a(lib_a-mprec.o)
 .rodata.__mprec_tens
                0x00000000000052f0       0xc8 /Users/dbanks/mbed_offline/external/gcc/LPC1768/libc.a(lib_a-mprec.o)
                0x00000000000052f0                __mprec_tens
 .rodata.__mprec_bigtens
                0x00000000000053b8       0x28 /Users/dbanks/mbed_offline/external/gcc/LPC1768/libc.a(lib_a-mprec.o)
                0x00000000000053b8                __mprec_bigtens
 *(.gnu.linkonce.r.*)
                0x00000000000053e0                . = ALIGN (0x4)
 *(.init)
 .init          0x00000000000053e0        0x4 /Users/dbanks/mbed_offline/arm-2011.03/bin/../lib/gcc/arm-none-eabi/4.5.2/thumb2/crti.o
                0x00000000000053e0                _init
 .init          0x00000000000053e4        0x8 /Users/dbanks/mbed_offline/arm-2011.03/bin/../lib/gcc/arm-none-eabi/4.5.2/thumb2/crtn.o
                0x00000000000053ec                . = ALIGN (0x4)
                0x00000000000053ec                __preinit_array_start = .
 *(.preinit_array)
 .preinit_array
                0x00000000000053ec        0x4 /Users/dbanks/mbed_offline/external/gcc/LPC1768/libc.a(lib_a-clibabi_stdio.o)
                0x00000000000053f0                __preinit_array_end = .
                0x00000000000053f0                . = ALIGN (0x4)
                0x00000000000053f0                __init_array_start = .
 *(SORT(.init_array.*))
 *(.init_array)
 .init_array    0x00000000000053f0        0x4 /Users/dbanks/mbed_offline/arm-2011.03/bin/../lib/gcc/arm-none-eabi/4.5.2/thumb2/crtbegin.o
 .init_array    0x00000000000053f4        0x4 ./main.o
                0x00000000000053f8                __init_array_end = .
                0x00000000000053f8                . = ALIGN (0x4)
 *crtbegin.o(.ctors)
 *(EXCLUDE_FILE(*crtend.o) .ctors)
 *(SORT(.ctors.*))
 *crtend.o(.ctors)
                0x00000000000053f8                . = ALIGN (0x4)
 *(.fini)
 .fini          0x00000000000053f8        0x4 /Users/dbanks/mbed_offline/arm-2011.03/bin/../lib/gcc/arm-none-eabi/4.5.2/thumb2/crti.o
                0x00000000000053f8                _fini
 .fini          0x00000000000053fc        0x8 /Users/dbanks/mbed_offline/arm-2011.03/bin/../lib/gcc/arm-none-eabi/4.5.2/thumb2/crtn.o
                0x0000000000005404                . = ALIGN (0x4)
                0x0000000000005404                __fini_array_start = .
 *(.fini_array)
 .fini_array    0x0000000000005404        0x4 /Users/dbanks/mbed_offline/arm-2011.03/bin/../lib/gcc/arm-none-eabi/4.5.2/thumb2/crtbegin.o
 *(SORT(.fini_array.*))
                0x0000000000005408                __fini_array_end = .
                0x0000000000005408                . = ALIGN (0x4)
 *crtbegin.o(.dtors)
 *(EXCLUDE_FILE(*crtend.o) .dtors)
 *(SORT(.dtors.*))
 *crtend.o(.dtors)
                0x0000000000005408                _etext = .
                0x0000000000005408                _sifastcode = .
                0x0000000000005408                __exidx_start = .

.vfp11_veneer   0x0000000000005408        0x0
 .vfp11_veneer  0x0000000000000000        0x0 linker stubs

.v4_bx          0x0000000000005408        0x0
 .v4_bx         0x0000000000000000        0x0 linker stubs

i._ZN4mbed10DigitalOut15get_rpc_methodsEv
                0x0000000000005408        0x8
 i._ZN4mbed10DigitalOut15get_rpc_methodsEv
                0x0000000000005408        0x8 /Users/dbanks/mbed_offline/external/mbed/LPC1768/mbed.ar(DigitalOut.LPC1768.o)
                0x0000000000005408                _ZN4mbed10DigitalOut15get_rpc_methodsEv

i._ZN4mbed10DigitalOutC1E7PinNamePKc
                0x0000000000005410       0x3c
 i._ZN4mbed10DigitalOutC1E7PinNamePKc
                0x0000000000005410       0x3c /Users/dbanks/mbed_offline/external/mbed/LPC1768/mbed.ar(DigitalOut.LPC1768.o)
                0x0000000000005410                _ZN4mbed10DigitalOutC1E7PinNamePKc
                0x0000000000005410                _ZN4mbed10DigitalOutC2E7PinNamePKc

i._ZN4mbed10DigitalOutD1Ev
                0x000000000000544c        0x4
 i._ZN4mbed10DigitalOutD1Ev
                0x000000000000544c        0x4 /Users/dbanks/mbed_offline/external/mbed/LPC1768/mbed.ar(DigitalOut.LPC1768.o)
                0x000000000000544c                _ZN4mbed10DigitalOutD2Ev
                0x000000000000544c                _ZN4mbed10DigitalOutD1Ev

t._ZN4mbed17rpc_method_callerINS_10DigitalOutEiXadL_ZNS1_5writeEiEEEEvPNS_4BaseEPKcPc
                0x0000000000005450       0x78
 t._ZN4mbed17rpc_method_callerINS_10DigitalOutEiXadL_ZNS1_5writeEiEEEEvPNS_4BaseEPKcPc
                0x0000000000005450       0x78 /Users/dbanks/mbed_offline/external/mbed/LPC1768/mbed.ar(DigitalOut.LPC1768.o)
                0x0000000000005450                _ZN4mbed17rpc_method_callerINS_10DigitalOutEiXadL_ZNS1_5writeEiEEEEvPNS_4BaseEPKcPc

t._ZN4mbed17rpc_method_callerIiNS_10DigitalOutEXadL_ZNS1_4readEvEEEEvPNS_4BaseEPKcPc
                0x00000000000054c8       0x38
 t._ZN4mbed17rpc_method_callerIiNS_10DigitalOutEXadL_ZNS1_4readEvEEEEvPNS_4BaseEPKcPc
                0x00000000000054c8       0x38 /Users/dbanks/mbed_offline/external/mbed/LPC1768/mbed.ar(DigitalOut.LPC1768.o)
                0x00000000000054c8                _ZN4mbed17rpc_method_callerIiNS_10DigitalOutEXadL_ZNS1_4readEvEEEEvPNS_4BaseEPKcPc

t._ZN4mbed9rpc_superINS_4BaseEEEPKNS_10rpc_methodEPS1_
                0x0000000000005500        0x4
 t._ZN4mbed9rpc_superINS_4BaseEEEPKNS_10rpc_methodEPS1_
                0x0000000000005500        0x4 /Users/dbanks/mbed_offline/external/mbed/LPC1768/mbed.ar(DigitalOut.LPC1768.o)
                0x0000000000005500                _ZN4mbed9rpc_superINS_4BaseEEEPKNS_10rpc_methodEPS1_

i._ZN4mbed10DigitalOut5writeEi
                0x0000000000005504        0xe
 i._ZN4mbed10DigitalOut5writeEi
                0x0000000000005504        0xe /Users/dbanks/mbed_offline/external/mbed/LPC1768/mbed.ar(DigitalOut.LPC1768.o)
                0x0000000000005504                _ZN4mbed10DigitalOut5writeEi

i._ZN4mbed10DigitalOut4readEv
                0x0000000000005512        0xe
 i._ZN4mbed10DigitalOut4readEv
                0x0000000000005512        0xe /Users/dbanks/mbed_offline/external/mbed/LPC1768/mbed.ar(DigitalOut.LPC1768.o)
                0x0000000000005512                _ZN4mbed10DigitalOut4readEv

i._ZN4mbed10DigitalOutD0Ev
                0x0000000000005520        0xe
 i._ZN4mbed10DigitalOutD0Ev
                0x0000000000005520        0xe /Users/dbanks/mbed_offline/external/mbed/LPC1768/mbed.ar(DigitalOut.LPC1768.o)
                0x0000000000005520                _ZN4mbed10DigitalOutD0Ev

i._ZN4mbed10parse_charEPKcPS1_
                0x000000000000552e       0xa2
 i._ZN4mbed10parse_charEPKcPS1_
                0x000000000000552e       0xa2 /Users/dbanks/mbed_offline/external/mbed/LPC1768/mbed.ar(DigitalOut.LPC1768.o)
                0x000000000000552e                _ZN4mbed10parse_charEPKcPS1_

i._ZN4mbed4Base11delete_selfEv
                0x00000000000055d0       0x1e
 i._ZN4mbed4Base11delete_selfEv
                0x00000000000055d0       0x1e /Users/dbanks/mbed_offline/external/mbed/LPC1768/mbed.ar(Base.LPC1768.o)
                0x00000000000055d0                _ZN4mbed4Base11delete_selfEv

i._ZN4mbed4Base15get_rpc_methodsEv
                0x00000000000055f0        0x8
 i._ZN4mbed4Base15get_rpc_methodsEv
                0x00000000000055f0        0x8 /Users/dbanks/mbed_offline/external/mbed/LPC1768/mbed.ar(Base.LPC1768.o)
                0x00000000000055f0                _ZN4mbed4Base15get_rpc_methodsEv

i._ZN4mbed4Base3rpcEPKcS2_Pc
                0x00000000000055f8       0x98
 i._ZN4mbed4Base3rpcEPKcS2_Pc
                0x00000000000055f8       0x98 /Users/dbanks/mbed_offline/external/mbed/LPC1768/mbed.ar(Base.LPC1768.o)
                0x00000000000055f8                _ZN4mbed4Base3rpcEPKcS2_Pc

i._ZN4mbed4Base5clearEPKcPc
                0x0000000000005690       0x30
 i._ZN4mbed4Base5clearEPKcPc
                0x0000000000005690       0x30 /Users/dbanks/mbed_offline/external/mbed/LPC1768/mbed.ar(Base.LPC1768.o)
                0x0000000000005690                _ZN4mbed4Base5clearEPKcPc

i._ZN4mbed4Base9list_objsEPKcPc
                0x00000000000056c0       0x40
 i._ZN4mbed4Base9list_objsEPKcPc
                0x00000000000056c0       0x40 /Users/dbanks/mbed_offline/external/mbed/LPC1768/mbed.ar(Base.LPC1768.o)
                0x00000000000056c0                _ZN4mbed4Base9list_objsEPKcPc

i._ZN4mbed4BaseC1EPKc
                0x0000000000005700       0x24
 i._ZN4mbed4BaseC1EPKc
                0x0000000000005700       0x24 /Users/dbanks/mbed_offline/external/mbed/LPC1768/mbed.ar(Base.LPC1768.o)
                0x0000000000005700                _ZN4mbed4BaseC1EPKc
                0x0000000000005700                _ZN4mbed4BaseC2EPKc

i._ZN4mbed4BaseD0Ev
                0x0000000000005724       0x34
 i._ZN4mbed4BaseD0Ev
                0x0000000000005724       0x34 /Users/dbanks/mbed_offline/external/mbed/LPC1768/mbed.ar(Base.LPC1768.o)
                0x0000000000005724                _ZN4mbed4BaseD0Ev

i._ZN4mbed4BaseD1Ev
                0x0000000000005758       0x38
 i._ZN4mbed4BaseD1Ev
                0x0000000000005758       0x38 /Users/dbanks/mbed_offline/external/mbed/LPC1768/mbed.ar(Base.LPC1768.o)
                0x0000000000005758                _ZN4mbed4BaseD1Ev
                0x0000000000005758                _ZN4mbed4BaseD2Ev

t._ZN4mbed17rpc_method_callerINS_4BaseEXadL_ZNS1_11delete_selfEvEEEEvPS1_PKcPc
                0x0000000000005790       0x28
 t._ZN4mbed17rpc_method_callerINS_4BaseEXadL_ZNS1_11delete_selfEvEEEEvPS1_PKcPc
                0x0000000000005790       0x28 /Users/dbanks/mbed_offline/external/mbed/LPC1768/mbed.ar(Base.LPC1768.o)
                0x0000000000005790                _ZN4mbed17rpc_method_callerINS_4BaseEXadL_ZNS1_11delete_selfEvEEEEvPS1_PKcPc

.emb_text       0x00000000000057b8       0x20
 .emb_text      0x00000000000057b8       0x20 /Users/dbanks/mbed_offline/external/mbed/LPC1768/capi.ar(core_cm3.LPC1768.o)
                0x00000000000057b8                __get_PSP
                0x00000000000057be                __set_PSP
                0x00000000000057c4                __get_MSP
                0x00000000000057ca                __set_MSP
                0x00000000000057d0                __REV16
                0x00000000000057d4                __REVSH

i.exit          0x00000000000057d8       0x16
 i.exit         0x00000000000057d8       0x16 /Users/dbanks/mbed_offline/external/mbed/LPC1768/capi.ar(exit.LPC1768.o)
                0x00000000000057d8                exit

i.pin_function  0x00000000000057f0       0x38
 i.pin_function
                0x00000000000057f0       0x38 /Users/dbanks/mbed_offline/external/mbed/LPC1768/capi.ar(pinmap.LPC1768.o)
                0x00000000000057f0                pin_function

i.pin_mode      0x0000000000005828       0x68
 i.pin_mode     0x0000000000005828       0x68 /Users/dbanks/mbed_offline/external/mbed/LPC1768/capi.ar(pinmap.LPC1768.o)
                0x0000000000005828                pin_mode

i.wait          0x0000000000005890       0x30
 i.wait         0x0000000000005890       0x30 /Users/dbanks/mbed_offline/external/mbed/LPC1768/capi.ar(wait_api.LPC1768.o)
                0x0000000000005890                wait

i.wait_ms       0x00000000000058c0       0x1c
 i.wait_ms      0x00000000000058c0       0x1c /Users/dbanks/mbed_offline/external/mbed/LPC1768/capi.ar(wait_api.LPC1768.o)
                0x00000000000058c0                wait_ms

i.gpio_output   0x00000000000058dc       0x30
 i.gpio_output  0x00000000000058dc       0x30 /Users/dbanks/mbed_offline/external/mbed/LPC1768/capi.ar(gpio_api.LPC1768.o)
                0x00000000000058dc                gpio_output

i.gpio_write    0x000000000000590c       0x18
 i.gpio_write   0x000000000000590c       0x18 /Users/dbanks/mbed_offline/external/mbed/LPC1768/capi.ar(gpio_api.LPC1768.o)
                0x000000000000590c                gpio_write

i.semihost_exit
                0x0000000000005924        0xc
 i.semihost_exit
                0x0000000000005924        0xc /Users/dbanks/mbed_offline/external/mbed/LPC1768/capi.ar(semihost_api.LPC1768.o)
                0x0000000000005924                semihost_exit

i.us_ticker_read
                0x0000000000005930       0x38
 i.us_ticker_read
                0x0000000000005930       0x38 /Users/dbanks/mbed_offline/external/mbed/LPC1768/capi.ar(us_ticker_api.LPC1768.o)
                0x0000000000005930                us_ticker_read

i.mbed_die      0x0000000000005968       0x78
 i.mbed_die     0x0000000000005968       0x78 /Users/dbanks/mbed_offline/external/mbed/LPC1768/capi.ar(utils_api.LPC1768.o)
                0x0000000000005968                mbed_die

i.timer_frequency
                0x00000000000059e0       0x14
 i.timer_frequency
                0x00000000000059e0       0x14 /Users/dbanks/mbed_offline/external/mbed/LPC1768/capi.ar(timer_api.LPC1768.o)
                0x00000000000059e0                timer_frequency

i.timer_init    0x00000000000059f4       0x70
 i.timer_init   0x00000000000059f4       0x70 /Users/dbanks/mbed_offline/external/mbed/LPC1768/capi.ar(timer_api.LPC1768.o)
                0x00000000000059f4                timer_init

i.timer_read    0x0000000000005a64        0x4
 i.timer_read   0x0000000000005a64        0x4 /Users/dbanks/mbed_offline/external/mbed/LPC1768/capi.ar(timer_api.LPC1768.o)
                0x0000000000005a64                timer_read

i.timer_start   0x0000000000005a68        0xc
 i.timer_start  0x0000000000005a68        0xc /Users/dbanks/mbed_offline/external/mbed/LPC1768/capi.ar(timer_api.LPC1768.o)
                0x0000000000005a68                timer_start

.constdata      0x0000000000005a74       0x58
 .constdata     0x0000000000005a74       0x28 /Users/dbanks/mbed_offline/external/mbed/LPC1768/mbed.ar(DigitalOut.LPC1768.o)
 .constdata     0x0000000000005a9c       0x18 /Users/dbanks/mbed_offline/external/mbed/LPC1768/mbed.ar(Base.LPC1768.o)
 .constdata     0x0000000000005ab4       0x18 /Users/dbanks/mbed_offline/external/mbed/LPC1768/mbed.ar(Base.LPC1768.o)
                0x0000000000005ab4                _ZN4mbed4Base11_base_funcsE

.conststring    0x0000000000005acc       0x30
 .conststring   0x0000000000005acc       0x16 /Users/dbanks/mbed_offline/external/mbed/LPC1768/mbed.ar(DigitalOut.LPC1768.o)
 .conststring   0x0000000000005ae2        0x7 /Users/dbanks/mbed_offline/external/mbed/LPC1768/mbed.ar(Base.LPC1768.o)
 .conststring   0x0000000000005ae9        0xe /Users/dbanks/mbed_offline/external/mbed/LPC1768/mbed.ar(Base.LPC1768.o)
 .conststring   0x0000000000005af7        0x5 /Users/dbanks/mbed_offline/external/mbed/LPC1768/mbed.ar(Base.LPC1768.o)

.constdata__ZTVN4mbed10DigitalOutE
                0x0000000000005afc       0x18
 .constdata__ZTVN4mbed10DigitalOutE
                0x0000000000005afc       0x18 /Users/dbanks/mbed_offline/external/mbed/LPC1768/mbed.ar(DigitalOut.LPC1768.o)
                0x0000000000005afc                _ZTVN4mbed10DigitalOutE

.constdata___ARM__ZN4mbed12write_resultIiEEvT_Pc_anon0
                0x0000000000005b14        0x3
 .constdata___ARM__ZN4mbed12write_resultIiEEvT_Pc_anon0
                0x0000000000005b14        0x3 /Users/dbanks/mbed_offline/external/mbed/LPC1768/mbed.ar(DigitalOut.LPC1768.o)
                0x0000000000005b14                __ARM__ZN4mbed12write_resultIiEEvT_Pc_anon0

.constdata__ZTIN4mbed10DigitalOutE
                0x0000000000005b18        0xc
 .constdata__ZTIN4mbed10DigitalOutE
                0x0000000000005b18        0xc /Users/dbanks/mbed_offline/external/mbed/LPC1768/mbed.ar(DigitalOut.LPC1768.o)
                0x0000000000005b18                _ZTIN4mbed10DigitalOutE

.constdata__ZTSN4mbed10DigitalOutE
                0x0000000000005b24       0x14
 .constdata__ZTSN4mbed10DigitalOutE
                0x0000000000005b24       0x14 /Users/dbanks/mbed_offline/external/mbed/LPC1768/mbed.ar(DigitalOut.LPC1768.o)
                0x0000000000005b24                _ZTSN4mbed10DigitalOutE

.constdata__ZTVN4mbed4BaseE
                0x0000000000005b38       0x18
 .constdata__ZTVN4mbed4BaseE
                0x0000000000005b38       0x18 /Users/dbanks/mbed_offline/external/mbed/LPC1768/mbed.ar(Base.LPC1768.o)
                0x0000000000005b38                _ZTVN4mbed4BaseE

.constdata__ZTIN4mbed4BaseE
                0x0000000000005b50        0x8
 .constdata__ZTIN4mbed4BaseE
                0x0000000000005b50        0x8 /Users/dbanks/mbed_offline/external/mbed/LPC1768/mbed.ar(Base.LPC1768.o)
                0x0000000000005b50                _ZTIN4mbed4BaseE

.constdata__ZTSN4mbed4BaseE
                0x0000000000005b58        0xd
 .constdata__ZTSN4mbed4BaseE
                0x0000000000005b58        0xd /Users/dbanks/mbed_offline/external/mbed/LPC1768/mbed.ar(Base.LPC1768.o)
                0x0000000000005b58                _ZTSN4mbed4BaseE

.ARM.exidx      0x0000000000005b68        0x8
 *(.ARM.exidx* .gnu.linkonce.armexidx.*)
 .ARM.exidx     0x0000000000005b70        0x0 /Users/dbanks/mbed_offline/external/mbed/LPC1768/mbed.ar(DigitalOut.LPC1768.o)
                                          0x8 (size before relaxing)
 .ARM.exidx     0x0000000000005b70        0x0 /Users/dbanks/mbed_offline/external/mbed/LPC1768/mbed.ar(DigitalOut.LPC1768.o)
                                          0x8 (size before relaxing)
 .ARM.exidx     0x0000000000005b70        0x0 /Users/dbanks/mbed_offline/external/mbed/LPC1768/mbed.ar(DigitalOut.LPC1768.o)
                                          0x8 (size before relaxing)
 .ARM.exidx     0x0000000000005b70        0x0 /Users/dbanks/mbed_offline/external/mbed/LPC1768/mbed.ar(DigitalOut.LPC1768.o)
                                          0x8 (size before relaxing)
 .ARM.exidx     0x0000000000005b70        0x0 /Users/dbanks/mbed_offline/external/mbed/LPC1768/mbed.ar(DigitalOut.LPC1768.o)
                                          0x8 (size before relaxing)
 .ARM.exidx     0x0000000000005b70        0x0 /Users/dbanks/mbed_offline/external/mbed/LPC1768/mbed.ar(DigitalOut.LPC1768.o)
                                          0x8 (size before relaxing)
 .ARM.exidx     0x0000000000005b70        0x0 /Users/dbanks/mbed_offline/external/mbed/LPC1768/mbed.ar(DigitalOut.LPC1768.o)
                                          0x8 (size before relaxing)
 .ARM.exidx     0x0000000000005b70        0x0 /Users/dbanks/mbed_offline/external/mbed/LPC1768/mbed.ar(DigitalOut.LPC1768.o)
                                          0x8 (size before relaxing)
 .ARM.exidx     0x0000000000005b70        0x0 /Users/dbanks/mbed_offline/external/mbed/LPC1768/mbed.ar(DigitalOut.LPC1768.o)
                                          0x8 (size before relaxing)
 .ARM.exidx     0x0000000000005b70        0x0 /Users/dbanks/mbed_offline/external/mbed/LPC1768/mbed.ar(DigitalOut.LPC1768.o)
                                          0x8 (size before relaxing)
 .ARM.exidx     0x0000000000005b70        0x0 /Users/dbanks/mbed_offline/external/mbed/LPC1768/mbed.ar(Base.LPC1768.o)
                                          0x8 (size before relaxing)
 .ARM.exidx     0x0000000000005b70        0x0 /Users/dbanks/mbed_offline/external/mbed/LPC1768/mbed.ar(Base.LPC1768.o)
                                          0x8 (size before relaxing)
 .ARM.exidx     0x0000000000005b70        0x0 /Users/dbanks/mbed_offline/external/mbed/LPC1768/mbed.ar(Base.LPC1768.o)
                                          0x8 (size before relaxing)
 .ARM.exidx     0x0000000000005b70        0x0 /Users/dbanks/mbed_offline/external/mbed/LPC1768/mbed.ar(Base.LPC1768.o)
                                          0x8 (size before relaxing)
 .ARM.exidx     0x0000000000005b70        0x0 /Users/dbanks/mbed_offline/external/mbed/LPC1768/mbed.ar(Base.LPC1768.o)
                                          0x8 (size before relaxing)
 .ARM.exidx     0x0000000000005b70        0x0 /Users/dbanks/mbed_offline/external/mbed/LPC1768/mbed.ar(Base.LPC1768.o)
                                          0x8 (size before relaxing)
 .ARM.exidx     0x0000000000005b70        0x0 /Users/dbanks/mbed_offline/external/mbed/LPC1768/mbed.ar(Base.LPC1768.o)
                                          0x8 (size before relaxing)
 .ARM.exidx     0x0000000000005b70        0x0 /Users/dbanks/mbed_offline/external/mbed/LPC1768/mbed.ar(Base.LPC1768.o)
                                          0x8 (size before relaxing)
 .ARM.exidx     0x0000000000005b70        0x0 /Users/dbanks/mbed_offline/external/mbed/LPC1768/mbed.ar(Base.LPC1768.o)
                                          0x8 (size before relaxing)
 .ARM.exidx     0x0000000000005b68        0x8 /Users/dbanks/mbed_offline/arm-2011.03/bin/../lib/gcc/arm-none-eabi/4.5.2/thumb2/libgcc.a(_divdi3.o)
 .ARM.exidx     0x0000000000005b70        0x0 /Users/dbanks/mbed_offline/arm-2011.03/bin/../lib/gcc/arm-none-eabi/4.5.2/thumb2/libgcc.a(_udivdi3.o)
                                          0x8 (size before relaxing)
                0x0000000000005b70                __exidx_end = .

.data           0x0000000010000000      0x564 load address 0x0000000000005b70
                0x0000000000005b70                _sidata = LOADADDR (.data)
                0x0000000010000000                . = ALIGN (0x4)
                0x0000000010000000                _sdata = .
 *(.ARM.__AT_0x10000000)
 *(vtable vtable.*)
 *(.data .data.*)
 .data          0x0000000010000000        0x4 /Users/dbanks/mbed_offline/arm-2011.03/bin/../lib/gcc/arm-none-eabi/4.5.2/thumb2/crtbegin.o
                0x0000000010000000                __dso_handle
 .data.blink    0x0000000010000004        0x4 ./main.o
                0x0000000010000004                blink
 .data          0x0000000010000008        0x8 /Users/dbanks/mbed_offline/external/mbed/LPC1768/mbed.ar(Base.LPC1768.o)
                0x0000000010000008                _ZN4mbed4Base5_headE
                0x000000001000000c                _ZN4mbed4Base8_classesE
 .data          0x0000000010000010        0xc /Users/dbanks/mbed_offline/external/mbed/LPC1768/mbed.ar(Base.LPC1768.o)
                0x0000000010000010                _ZN4mbed4Base11_base_classE
 .data          0x000000001000001c        0x4 /Users/dbanks/mbed_offline/external/mbed/LPC1768/capi.ar(system_LPC17xx.LPC1768.o)
                0x000000001000001c                SystemCoreClock
 .data          0x0000000010000020        0x4 /Users/dbanks/mbed_offline/external/mbed/LPC1768/capi.ar(us_ticker_api.LPC1768.o)
 .data.impure_data
                0x0000000010000024       0xf0 /Users/dbanks/mbed_offline/external/gcc/LPC1768/libc.a(lib_a-impure.o)
 .data._impure_ptr
                0x0000000010000114        0x4 /Users/dbanks/mbed_offline/external/gcc/LPC1768/libc.a(lib_a-impure.o)
                0x0000000010000114                _impure_ptr
 .data.__malloc_av_
                0x0000000010000118      0x408 /Users/dbanks/mbed_offline/external/gcc/LPC1768/libc.a(lib_a-mallocr.o)
                0x0000000010000118                __malloc_av_
 .data.__malloc_trim_threshold
                0x0000000010000520        0x4 /Users/dbanks/mbed_offline/external/gcc/LPC1768/libc.a(lib_a-mallocr.o)
                0x0000000010000520                __malloc_trim_threshold
 .data.__malloc_sbrk_base
                0x0000000010000524        0x4 /Users/dbanks/mbed_offline/external/gcc/LPC1768/libc.a(lib_a-mallocr.o)
                0x0000000010000524                __malloc_sbrk_base
 .data.__ctype_ptr__
                0x0000000010000528        0x4 /Users/dbanks/mbed_offline/external/gcc/LPC1768/libc.a(lib_a-ctype_.o)
                0x0000000010000528                __ctype_ptr__
 .data.lconv    0x000000001000052c       0x38 /Users/dbanks/mbed_offline/external/gcc/LPC1768/libc.a(lib_a-locale.o)
 *(.gnu.linkonce.d*)
                0x0000000010000564                . = ALIGN (0x4)
                0x0000000010000564                _edata = .

.jcr            0x0000000010000564        0x0 load address 0x00000000000060d4
 .jcr           0x0000000010000564        0x0 /Users/dbanks/mbed_offline/arm-2011.03/bin/../lib/gcc/arm-none-eabi/4.5.2/thumb2/crtbegin.o

.bss            0x0000000010000564       0x88 load address 0x00000000000060d4
                0x0000000010000564                . = ALIGN (0x4)
                0x0000000010000564                _sbss = .
 *(.bss .bss.*)
 .bss           0x0000000010000564        0x1 /Users/dbanks/mbed_offline/arm-2011.03/bin/../lib/gcc/arm-none-eabi/4.5.2/thumb2/crtbegin.o
 *fill*         0x0000000010000565        0x3 00
 .bss._ZL8heap_end
                0x0000000010000568        0x4 /Users/dbanks/mbed_offline/src/syscalls.o
 .bss.nrk_high_ready_TCB
                0x000000001000056c        0x4 /Users/dbanks/mbed_offline/NanoRK/nano-RK/src/kernel/source/nrk.o
                0x000000001000056c                nrk_high_ready_TCB
 .bss.myled     0x0000000010000570       0x1c ./main.o
                0x0000000010000570                myled
 .bss.myled2    0x000000001000058c       0x1c ./main.o
                0x000000001000058c                myled2
 .bss.__malloc_max_total_mem
                0x00000000100005a8        0x4 /Users/dbanks/mbed_offline/external/gcc/LPC1768/libc.a(lib_a-mallocr.o)
                0x00000000100005a8                __malloc_max_total_mem
 .bss.__malloc_max_sbrked_mem
                0x00000000100005ac        0x4 /Users/dbanks/mbed_offline/external/gcc/LPC1768/libc.a(lib_a-mallocr.o)
                0x00000000100005ac                __malloc_max_sbrked_mem
 .bss.__malloc_top_pad
                0x00000000100005b0        0x4 /Users/dbanks/mbed_offline/external/gcc/LPC1768/libc.a(lib_a-mallocr.o)
                0x00000000100005b0                __malloc_top_pad
 .bss.__malloc_current_mallinfo
                0x00000000100005b4       0x28 /Users/dbanks/mbed_offline/external/gcc/LPC1768/libc.a(lib_a-mallocr.o)
                0x00000000100005b4                __malloc_current_mallinfo
 *(.gnu.linkonce.b*)
 *(COMMON)
 COMMON         0x00000000100005dc        0xc /Users/dbanks/mbed_offline/external/gcc/LPC1768/libc.a(lib_a-clibabi_stdio.o)
                0x00000000100005dc                __aeabi_stdin
                0x00000000100005e0                __aeabi_stdout
                0x00000000100005e4                __aeabi_stderr
 COMMON         0x00000000100005e8        0x4 /Users/dbanks/mbed_offline/external/gcc/LPC1768/libc.a(lib_a-reent.o)
                0x00000000100005e8                errno
                0x00000000100005ec                . = ALIGN (0x4)
                0x00000000100005ec                _ebss = .

.fastcode       0x00000000100005ec        0x0 load address 0x00000000000060d4
                0x00000000000060d4                _sifastcode = LOADADDR (.fastcode)
                0x00000000100005ec                . = ALIGN (0x4)
                0x00000000100005ec                _sfastcode = .
 *(.glue_7t)
 *(.glue_7)
 *(.fastcode)
                0x00000000100005ec                . = ALIGN (0x4)
                0x00000000100005ec                _efastcode = .

.stackarea      0x00000000100005ec        0x4 load address 0x00000000000060d4
                0x00000000100005f0                . = ALIGN (0x8)
 *fill*         0x00000000100005ec        0x4 00
                0x00000000100005f0                _sstack = .
 *(.stackarea .stackarea.*)
                0x00000000100005f0                . = ALIGN (0x8)
                0x00000000100005f0                _estack = .
                0x00000000100005f0                . = ALIGN (0x4)
                0x00000000100005f0                _end = .
                0x00000000100005f0                PROVIDE (end, .)
                0x0000000010008000                _stack = 0x10008000

.AHBSRAM0
 *(AHBSRAM0)

.AHBSRAM1
 *(AHBSRAM1)

.stab
 *(.stab)

.stabstr
 *(.stabstr)

.stab.excl
 *(.stab.excl)

.stab.exclstr
 *(.stab.exclstr)

.stab.index
 *(.stab.index)

.stab.indexstr
 *(.stab.indexstr)

.debug
 *(.debug)

.line
 *(.line)

.debug_srcinfo
 *(.debug_srcinfo)

.debug_sfnames
 *(.debug_sfnames)

.ARM.attributes
                0x0000000000000000       0x2b
 .ARM.attributes
                0x0000000000000000       0x19 /Users/dbanks/mbed_offline/arm-2011.03/bin/../lib/gcc/arm-none-eabi/4.5.2/thumb2/crti.o
 .ARM.attributes
                0x0000000000000019       0x29 /Users/dbanks/mbed_offline/arm-2011.03/bin/../lib/gcc/arm-none-eabi/4.5.2/thumb2/crtbegin.o
 .ARM.attributes
                0x0000000000000042       0x31 ./foo.o
 .ARM.attributes
                0x0000000000000073       0x31 /Users/dbanks/mbed_offline/src/gcc4mbed.o
 .ARM.attributes
                0x00000000000000a4       0x31 /Users/dbanks/mbed_offline/src/syscalls.o
 .ARM.attributes
                0x00000000000000d5       0x31 /Users/dbanks/mbed_offline/NanoRK/nano-RK/src/radio/cc2420/source/hal_rf_set_channel.o
 .ARM.attributes
                0x0000000000000106       0x31 /Users/dbanks/mbed_offline/NanoRK/nano-RK/src/radio/cc2420/source/hal_rf_wait_for_crystal_oscillator.o
 .ARM.attributes
                0x0000000000000137       0x31 /Users/dbanks/mbed_offline/NanoRK/nano-RK/src/radio/cc2420/source/basic_rf.o
 .ARM.attributes
                0x0000000000000168       0x31 /Users/dbanks/mbed_offline/NanoRK/nano-RK/src/platform/mbed/source/ulib.o
 .ARM.attributes
                0x0000000000000199       0x31 /Users/dbanks/mbed_offline/NanoRK/nano-RK/src/platform/mbed/source/hal_wait.o
 .ARM.attributes
                0x00000000000001ca       0x31 /Users/dbanks/mbed_offline/NanoRK/nano-RK/src/platform/mbed/source/nrk_eeprom.o
 .ARM.attributes
                0x00000000000001fb       0x31 /Users/dbanks/mbed_offline/NanoRK/nano-RK/src/kernel/source/nrk.o
 .ARM.attributes
                0x000000000000022c       0x31 /Users/dbanks/mbed_offline/NanoRK/nano-RK/src/kernel/source/nrk_stats.o
 .ARM.attributes
                0x000000000000025d       0x31 /Users/dbanks/mbed_offline/NanoRK/nano-RK/src/kernel/source/nrk_error.o
 .ARM.attributes
                0x000000000000028e       0x31 /Users/dbanks/mbed_offline/NanoRK/nano-RK/src/kernel/source/nrk_stack_check.o
 .ARM.attributes
                0x00000000000002bf       0x31 /Users/dbanks/mbed_offline/NanoRK/nano-RK/src/kernel/source/nrk_events.o
 .ARM.attributes
                0x00000000000002f0       0x31 /Users/dbanks/mbed_offline/NanoRK/nano-RK/src/kernel/source/nrk_task.o
 .ARM.attributes
                0x0000000000000321       0x31 /Users/dbanks/mbed_offline/NanoRK/nano-RK/src/kernel/source/nrk_time.o
 .ARM.attributes
                0x0000000000000352       0x31 /Users/dbanks/mbed_offline/NanoRK/nano-RK/src/kernel/source/nrk_idle_task.o
 .ARM.attributes
                0x0000000000000383       0x31 /Users/dbanks/mbed_offline/NanoRK/nano-RK/src/kernel/source/nrk_scheduler.o
 .ARM.attributes
                0x00000000000003b4       0x31 /Users/dbanks/mbed_offline/NanoRK/nano-RK/src/kernel/source/nrk_driver.o
 .ARM.attributes
                0x00000000000003e5       0x31 /Users/dbanks/mbed_offline/NanoRK/nano-RK/src/kernel/source/nrk_reserve.o
 .ARM.attributes
                0x0000000000000416       0x31 /Users/dbanks/mbed_offline/NanoRK/nano-RK/src/kernel/hal/LPC1768/nrk_timer.o
 .ARM.attributes
                0x0000000000000447       0x31 /Users/dbanks/mbed_offline/NanoRK/nano-RK/src/kernel/hal/LPC1768/nrk_status.o
 .ARM.attributes
                0x0000000000000478       0x31 /Users/dbanks/mbed_offline/NanoRK/nano-RK/src/kernel/hal/LPC1768/nrk_watchdog.o
 .ARM.attributes
                0x00000000000004a9       0x31 /Users/dbanks/mbed_offline/NanoRK/nano-RK/src/kernel/hal/LPC1768/nrk_cpu.o
 .ARM.attributes
                0x00000000000004da       0x21 /Users/dbanks/mbed_offline/NanoRK/nano-RK/src/kernel/hal/LPC1768/LPC1768_hw_specific.o
 .ARM.attributes
                0x00000000000004fb       0x31 ./main.o
 .ARM.attributes
                0x000000000000052c       0x48 /Users/dbanks/mbed_offline/external/mbed/LPC1768/mbed.ar(DigitalOut.LPC1768.o)
 .ARM.attributes
                0x0000000000000574       0x48 /Users/dbanks/mbed_offline/external/mbed/LPC1768/mbed.ar(Base.LPC1768.o)
 .ARM.attributes
                0x00000000000005bc       0x48 /Users/dbanks/mbed_offline/external/mbed/LPC1768/mbed.ar(stdio.LPC1768.o)
 .ARM.attributes
                0x0000000000000604       0x3e /Users/dbanks/mbed_offline/external/mbed/LPC1768/capi.ar(startup_LPC17xx.LPC1768.o)
 .ARM.attributes
                0x0000000000000642       0x48 /Users/dbanks/mbed_offline/external/mbed/LPC1768/capi.ar(system_LPC17xx.LPC1768.o)
 .ARM.attributes
                0x000000000000068a       0x49 /Users/dbanks/mbed_offline/external/mbed/LPC1768/capi.ar(core_cm3.LPC1768.o)
 .ARM.attributes
                0x00000000000006d3       0x48 /Users/dbanks/mbed_offline/external/mbed/LPC1768/capi.ar(serial_api.LPC1768.o)
 .ARM.attributes
                0x000000000000071b       0x48 /Users/dbanks/mbed_offline/external/mbed/LPC1768/capi.ar(exit.LPC1768.o)
 .ARM.attributes
                0x0000000000000763       0x48 /Users/dbanks/mbed_offline/external/mbed/LPC1768/capi.ar(pinmap.LPC1768.o)
 .ARM.attributes
                0x00000000000007ab       0x48 /Users/dbanks/mbed_offline/external/mbed/LPC1768/capi.ar(wait_api.LPC1768.o)
 .ARM.attributes
                0x00000000000007f3       0x48 /Users/dbanks/mbed_offline/external/mbed/LPC1768/capi.ar(gpio_api.LPC1768.o)
 .ARM.attributes
                0x000000000000083b       0x48 /Users/dbanks/mbed_offline/external/mbed/LPC1768/capi.ar(semihost_api.LPC1768.o)
 .ARM.attributes
                0x0000000000000883       0x48 /Users/dbanks/mbed_offline/external/mbed/LPC1768/capi.ar(us_ticker_api.LPC1768.o)
 .ARM.attributes
                0x00000000000008cb       0x48 /Users/dbanks/mbed_offline/external/mbed/LPC1768/capi.ar(utils_api.LPC1768.o)
 .ARM.attributes
                0x0000000000000913       0x48 /Users/dbanks/mbed_offline/external/mbed/LPC1768/capi.ar(timer_api.LPC1768.o)
 .ARM.attributes
                0x000000000000095b       0x29 /Users/dbanks/mbed_offline/external/gcc/LPC1768/libstdc++.a(atexit_arm.o)
 .ARM.attributes
                0x0000000000000984       0x29 /Users/dbanks/mbed_offline/external/gcc/LPC1768/libstdc++.a(class_type_info.o)
 .ARM.attributes
                0x00000000000009ad       0x29 /Users/dbanks/mbed_offline/external/gcc/LPC1768/libstdc++.a(del_op.o)
 .ARM.attributes
                0x00000000000009d6       0x29 /Users/dbanks/mbed_offline/external/gcc/LPC1768/libstdc++.a(del_opv.o)
 .ARM.attributes
                0x00000000000009ff       0x29 /Users/dbanks/mbed_offline/external/gcc/LPC1768/libstdc++.a(dyncast.o)
 .ARM.attributes
                0x0000000000000a28       0x29 /Users/dbanks/mbed_offline/external/gcc/LPC1768/libstdc++.a(new_op.o)
 .ARM.attributes
                0x0000000000000a51       0x29 /Users/dbanks/mbed_offline/external/gcc/LPC1768/libstdc++.a(new_opv.o)
 .ARM.attributes
                0x0000000000000a7a       0x29 /Users/dbanks/mbed_offline/external/gcc/LPC1768/libstdc++.a(pure.o)
 .ARM.attributes
                0x0000000000000aa3       0x29 /Users/dbanks/mbed_offline/external/gcc/LPC1768/libstdc++.a(si_class_type_info.o)
 .ARM.attributes
                0x0000000000000acc       0x29 /Users/dbanks/mbed_offline/external/gcc/LPC1768/libstdc++.a(tinfo.o)
 .ARM.attributes
                0x0000000000000af5       0x29 /Users/dbanks/mbed_offline/external/gcc/LPC1768/libstdc++.a(vmi_class_type_info.o)
 .ARM.attributes
                0x0000000000000b1e       0x29 /Users/dbanks/mbed_offline/external/gcc/LPC1768/libstdc++.a(eh_terminate.o)
 .ARM.attributes
                0x0000000000000b47       0x29 /Users/dbanks/mbed_offline/external/gcc/LPC1768/libstdc++.a(eh_unex_handler.o)
 .ARM.attributes
                0x0000000000000b70       0x29 /Users/dbanks/mbed_offline/external/gcc/LPC1768/libstdc++.a(new_handler.o)
 .ARM.attributes
                0x0000000000000b99       0x29 /Users/dbanks/mbed_offline/external/gcc/LPC1768/libstdc++.a(eh_exception.o)
 .ARM.attributes
                0x0000000000000bc2       0x29 /Users/dbanks/mbed_offline/external/gcc/LPC1768/libstdc++.a(eh_term_handler.o)
 .ARM.attributes
                0x0000000000000beb       0x29 /Users/dbanks/mbed_offline/external/gcc/LPC1768/libstdc++.a(vterminate.o)
 .ARM.attributes
                0x0000000000000c14       0x29 /Users/dbanks/mbed_offline/external/gcc/LPC1768/libstdc++.a(cp-demangle.o)
 .ARM.attributes
                0x0000000000000c3d       0x29 /Users/dbanks/mbed_offline/external/gcc/LPC1768/libstdc++.a(eh_type.o)
 .ARM.attributes
                0x0000000000000c66       0x29 /Users/dbanks/mbed_offline/external/gcc/LPC1768/libstdc++.a(eh_globals.o)
 .ARM.attributes
                0x0000000000000c8f       0x29 /Users/dbanks/mbed_offline/external/gcc/LPC1768/libm.a(lib_a-s_scalbn.o)
 .ARM.attributes
                0x0000000000000cb8       0x29 /Users/dbanks/mbed_offline/external/gcc/LPC1768/libm.a(lib_a-s_copysign.o)
 .ARM.attributes
                0x0000000000000ce1       0x1b /Users/dbanks/mbed_offline/arm-2011.03/bin/../lib/gcc/arm-none-eabi/4.5.2/thumb2/libgcc.a(_arm_addsubdf3.o)
 .ARM.attributes
                0x0000000000000cfc       0x1b /Users/dbanks/mbed_offline/arm-2011.03/bin/../lib/gcc/arm-none-eabi/4.5.2/thumb2/libgcc.a(_arm_muldivdf3.o)
 .ARM.attributes
                0x0000000000000d17       0x1b /Users/dbanks/mbed_offline/arm-2011.03/bin/../lib/gcc/arm-none-eabi/4.5.2/thumb2/libgcc.a(_arm_fixdfsi.o)
 .ARM.attributes
                0x0000000000000d32       0x1b /Users/dbanks/mbed_offline/arm-2011.03/bin/../lib/gcc/arm-none-eabi/4.5.2/thumb2/libgcc.a(_arm_truncdfsf2.o)
 .ARM.attributes
                0x0000000000000d4d       0x1b /Users/dbanks/mbed_offline/arm-2011.03/bin/../lib/gcc/arm-none-eabi/4.5.2/thumb2/libgcc.a(_arm_addsubsf3.o)
 .ARM.attributes
                0x0000000000000d68       0x1b /Users/dbanks/mbed_offline/arm-2011.03/bin/../lib/gcc/arm-none-eabi/4.5.2/thumb2/libgcc.a(_arm_muldivsf3.o)
 .ARM.attributes
                0x0000000000000d83       0x1b /Users/dbanks/mbed_offline/arm-2011.03/bin/../lib/gcc/arm-none-eabi/4.5.2/thumb2/libgcc.a(_arm_cmpsf2.o)
 .ARM.attributes
                0x0000000000000d9e       0x1b /Users/dbanks/mbed_offline/arm-2011.03/bin/../lib/gcc/arm-none-eabi/4.5.2/thumb2/libgcc.a(_arm_fixunssfsi.o)
 .ARM.attributes
                0x0000000000000db9       0x1b /Users/dbanks/mbed_offline/arm-2011.03/bin/../lib/gcc/arm-none-eabi/4.5.2/thumb2/libgcc.a(_aeabi_uldivmod.o)
 .ARM.attributes
                0x0000000000000dd4       0x29 /Users/dbanks/mbed_offline/arm-2011.03/bin/../lib/gcc/arm-none-eabi/4.5.2/thumb2/libgcc.a(bpabi.o)
 .ARM.attributes
                0x0000000000000dfd       0x1b /Users/dbanks/mbed_offline/arm-2011.03/bin/../lib/gcc/arm-none-eabi/4.5.2/thumb2/libgcc.a(_dvmd_tls.o)
 .ARM.attributes
                0x0000000000000e18       0x29 /Users/dbanks/mbed_offline/arm-2011.03/bin/../lib/gcc/arm-none-eabi/4.5.2/thumb2/libgcc.a(_divdi3.o)
 .ARM.attributes
                0x0000000000000e41       0x29 /Users/dbanks/mbed_offline/arm-2011.03/bin/../lib/gcc/arm-none-eabi/4.5.2/thumb2/libgcc.a(_udivdi3.o)
 .ARM.attributes
                0x0000000000000e6a       0x1b /Users/dbanks/mbed_offline/arm-2011.03/bin/../lib/gcc/arm-none-eabi/4.5.2/thumb2/libgcc.a(_udivsi3.o)
 .ARM.attributes
                0x0000000000000e85       0x29 /Users/dbanks/mbed_offline/external/gcc/LPC1768/libc.a(lib_a-abort.o)
 .ARM.attributes
                0x0000000000000eae       0x29 /Users/dbanks/mbed_offline/external/gcc/LPC1768/libc.a(lib_a-aeabi_memcpy.o)
 .ARM.attributes
                0x0000000000000ed7       0x29 /Users/dbanks/mbed_offline/external/gcc/LPC1768/libc.a(lib_a-clibabi_assert.o)
 .ARM.attributes
                0x0000000000000f00       0x29 /Users/dbanks/mbed_offline/external/gcc/LPC1768/libc.a(lib_a-clibabi_ctype.o)
 .ARM.attributes
                0x0000000000000f29       0x29 /Users/dbanks/mbed_offline/external/gcc/LPC1768/libc.a(lib_a-clibabi_stdio.o)
 .ARM.attributes
                0x0000000000000f52       0x29 /Users/dbanks/mbed_offline/external/gcc/LPC1768/libc.a(lib_a-cxa_atexit.o)
 .ARM.attributes
                0x0000000000000f7b       0x29 /Users/dbanks/mbed_offline/external/gcc/LPC1768/libc.a(lib_a-fprintf.o)
 .ARM.attributes
                0x0000000000000fa4       0x29 /Users/dbanks/mbed_offline/external/gcc/LPC1768/libc.a(lib_a-fputs.o)
 .ARM.attributes
                0x0000000000000fcd       0x29 /Users/dbanks/mbed_offline/external/gcc/LPC1768/libc.a(lib_a-fvwrite.o)
 .ARM.attributes
                0x0000000000000ff6       0x29 /Users/dbanks/mbed_offline/external/gcc/LPC1768/libc.a(lib_a-fwrite.o)
 .ARM.attributes
                0x000000000000101f       0x29 /Users/dbanks/mbed_offline/external/gcc/LPC1768/libc.a(lib_a-impure.o)
 .ARM.attributes
                0x0000000000001048       0x29 /Users/dbanks/mbed_offline/external/gcc/LPC1768/libc.a(lib_a-init.o)
 .ARM.attributes
                0x0000000000001071       0x29 /Users/dbanks/mbed_offline/external/gcc/LPC1768/libc.a(lib_a-malloc.o)
 .ARM.attributes
                0x000000000000109a       0x29 /Users/dbanks/mbed_offline/external/gcc/LPC1768/libc.a(lib_a-mallocr.o)
 .ARM.attributes
                0x00000000000010c3       0x29 /Users/dbanks/mbed_offline/external/gcc/LPC1768/libc.a(lib_a-memchr.o)
 .ARM.attributes
                0x00000000000010ec       0x29 /Users/dbanks/mbed_offline/external/gcc/LPC1768/libc.a(lib_a-memcmp.o)
 .ARM.attributes
                0x0000000000001115       0x29 /Users/dbanks/mbed_offline/external/gcc/LPC1768/libc.a(lib_a-memcpy.o)
 .ARM.attributes
                0x000000000000113e       0x29 /Users/dbanks/mbed_offline/external/gcc/LPC1768/libc.a(lib_a-memmove.o)
 .ARM.attributes
                0x0000000000001167       0x29 /Users/dbanks/mbed_offline/external/gcc/LPC1768/libc.a(lib_a-mlock.o)
 .ARM.attributes
                0x0000000000001190       0x29 /Users/dbanks/mbed_offline/external/gcc/LPC1768/libc.a(lib_a-printf.o)
 .ARM.attributes
                0x00000000000011b9       0x29 /Users/dbanks/mbed_offline/external/gcc/LPC1768/libc.a(lib_a-putchar.o)
 .ARM.attributes
                0x00000000000011e2       0x29 /Users/dbanks/mbed_offline/external/gcc/LPC1768/libc.a(lib_a-realloc.o)
 .ARM.attributes
                0x000000000000120b       0x29 /Users/dbanks/mbed_offline/external/gcc/LPC1768/libc.a(lib_a-reallocr.o)
 .ARM.attributes
                0x0000000000001234       0x29 /Users/dbanks/mbed_offline/external/gcc/LPC1768/libc.a(lib_a-reent.o)
 .ARM.attributes
                0x000000000000125d       0x29 /Users/dbanks/mbed_offline/external/gcc/LPC1768/libc.a(lib_a-sbrkr.o)
 .ARM.attributes
                0x0000000000001286       0x29 /Users/dbanks/mbed_offline/external/gcc/LPC1768/libc.a(lib_a-signal.o)
 .ARM.attributes
                0x00000000000012af       0x29 /Users/dbanks/mbed_offline/external/gcc/LPC1768/libc.a(lib_a-signalr.o)
 .ARM.attributes
                0x00000000000012d8       0x29 /Users/dbanks/mbed_offline/external/gcc/LPC1768/libc.a(lib_a-sprintf.o)
 .ARM.attributes
                0x0000000000001301       0x29 /Users/dbanks/mbed_offline/external/gcc/LPC1768/libc.a(lib_a-sscanf.o)
 .ARM.attributes
                0x000000000000132a       0x29 /Users/dbanks/mbed_offline/external/gcc/LPC1768/libc.a(lib_a-stdio.o)
 .ARM.attributes
                0x0000000000001353       0x29 /Users/dbanks/mbed_offline/external/gcc/LPC1768/libc.a(lib_a-strcmp.o)
 .ARM.attributes
                0x000000000000137c       0x29 /Users/dbanks/mbed_offline/external/gcc/LPC1768/libc.a(lib_a-strcpy.o)
 .ARM.attributes
                0x00000000000013a5       0x29 /Users/dbanks/mbed_offline/external/gcc/LPC1768/libc.a(lib_a-strlen.o)
 .ARM.attributes
                0x00000000000013ce       0x29 /Users/dbanks/mbed_offline/external/gcc/LPC1768/libc.a(lib_a-strncmp.o)
 .ARM.attributes
                0x00000000000013f7       0x29 /Users/dbanks/mbed_offline/external/gcc/LPC1768/libc.a(lib_a-strncpy.o)
 .ARM.attributes
                0x0000000000001420       0x29 /Users/dbanks/mbed_offline/external/gcc/LPC1768/libc.a(lib_a-strtol.o)
 .ARM.attributes
                0x0000000000001449       0x29 /Users/dbanks/mbed_offline/external/gcc/LPC1768/libc.a(lib_a-svfprintf.o)
 .ARM.attributes
                0x0000000000001472       0x29 /Users/dbanks/mbed_offline/external/gcc/LPC1768/libc.a(lib_a-svfscanf.o)
 .ARM.attributes
                0x000000000000149b       0x29 /Users/dbanks/mbed_offline/external/gcc/LPC1768/libc.a(lib_a-syswrite.o)
 .ARM.attributes
                0x00000000000014c4       0x29 /Users/dbanks/mbed_offline/external/gcc/LPC1768/libc.a(lib_a-vfprintf.o)
 .ARM.attributes
                0x00000000000014ed       0x29 /Users/dbanks/mbed_offline/external/gcc/LPC1768/libc.a(lib_a-writer.o)
 .ARM.attributes
                0x0000000000001516       0x29 /Users/dbanks/mbed_offline/external/gcc/LPC1768/libc.a(lib_a-wsetup.o)
 .ARM.attributes
                0x000000000000153f       0x29 /Users/dbanks/mbed_offline/external/gcc/LPC1768/libc.a(lib_a-__atexit.o)
 .ARM.attributes
                0x0000000000001568       0x29 /Users/dbanks/mbed_offline/external/gcc/LPC1768/libc.a(lib_a-assert.o)
 .ARM.attributes
                0x0000000000001591       0x29 /Users/dbanks/mbed_offline/external/gcc/LPC1768/libc.a(lib_a-closer.o)
 .ARM.attributes
                0x00000000000015ba       0x29 /Users/dbanks/mbed_offline/external/gcc/LPC1768/libc.a(lib_a-ctype_.o)
 .ARM.attributes
                0x00000000000015e3       0x29 /Users/dbanks/mbed_offline/external/gcc/LPC1768/libc.a(lib_a-dtoa.o)
 .ARM.attributes
                0x000000000000160c       0x29 /Users/dbanks/mbed_offline/external/gcc/LPC1768/libc.a(lib_a-fflush.o)
 .ARM.attributes
                0x0000000000001635       0x29 /Users/dbanks/mbed_offline/external/gcc/LPC1768/libc.a(lib_a-findfp.o)
 .ARM.attributes
                0x000000000000165e       0x29 /Users/dbanks/mbed_offline/external/gcc/LPC1768/libc.a(lib_a-fiprintf.o)
 .ARM.attributes
                0x0000000000001687       0x29 /Users/dbanks/mbed_offline/external/gcc/LPC1768/libc.a(lib_a-freer.o)
 .ARM.attributes
                0x00000000000016b0       0x29 /Users/dbanks/mbed_offline/external/gcc/LPC1768/libc.a(lib_a-fwalk.o)
 .ARM.attributes
                0x00000000000016d9       0x29 /Users/dbanks/mbed_offline/external/gcc/LPC1768/libc.a(lib_a-iswspace.o)
 .ARM.attributes
                0x0000000000001702       0x29 /Users/dbanks/mbed_offline/external/gcc/LPC1768/libc.a(lib_a-locale.o)
 .ARM.attributes
                0x000000000000172b       0x29 /Users/dbanks/mbed_offline/external/gcc/LPC1768/libc.a(lib_a-lseekr.o)
 .ARM.attributes
                0x0000000000001754       0x29 /Users/dbanks/mbed_offline/external/gcc/LPC1768/libc.a(lib_a-makebuf.o)
 .ARM.attributes
                0x000000000000177d       0x29 /Users/dbanks/mbed_offline/external/gcc/LPC1768/libc.a(lib_a-mbrtowc.o)
 .ARM.attributes
                0x00000000000017a6       0x29 /Users/dbanks/mbed_offline/external/gcc/LPC1768/libc.a(lib_a-mbtowc_r.o)
 .ARM.attributes
                0x00000000000017cf       0x29 /Users/dbanks/mbed_offline/external/gcc/LPC1768/libc.a(lib_a-memset.o)
 .ARM.attributes
                0x00000000000017f8       0x29 /Users/dbanks/mbed_offline/external/gcc/LPC1768/libc.a(lib_a-mprec.o)
 .ARM.attributes
                0x0000000000001821       0x29 /Users/dbanks/mbed_offline/external/gcc/LPC1768/libc.a(lib_a-putc.o)
 .ARM.attributes
                0x000000000000184a       0x29 /Users/dbanks/mbed_offline/external/gcc/LPC1768/libc.a(lib_a-readr.o)
 .ARM.attributes
                0x0000000000001873       0x29 /Users/dbanks/mbed_offline/external/gcc/LPC1768/libc.a(lib_a-s_fpclassify.o)
 .ARM.attributes
                0x000000000000189c       0x29 /Users/dbanks/mbed_offline/external/gcc/LPC1768/libc.a(lib_a-sccl.o)
 .ARM.attributes
                0x00000000000018c5       0x29 /Users/dbanks/mbed_offline/external/gcc/LPC1768/libc.a(lib_a-sf_nan.o)
 .ARM.attributes
                0x00000000000018ee       0x29 /Users/dbanks/mbed_offline/external/gcc/LPC1768/libc.a(lib_a-strtod.o)
 .ARM.attributes
                0x0000000000001917       0x29 /Users/dbanks/mbed_offline/external/gcc/LPC1768/libc.a(lib_a-strtoll_r.o)
 .ARM.attributes
                0x0000000000001940       0x29 /Users/dbanks/mbed_offline/external/gcc/LPC1768/libc.a(lib_a-strtoul.o)
 .ARM.attributes
                0x0000000000001969       0x29 /Users/dbanks/mbed_offline/external/gcc/LPC1768/libc.a(lib_a-strtoull_r.o)
 .ARM.attributes
                0x0000000000001992       0x29 /Users/dbanks/mbed_offline/external/gcc/LPC1768/libc.a(lib_a-svfiprintf.o)
 .ARM.attributes
                0x00000000000019bb       0x29 /Users/dbanks/mbed_offline/external/gcc/LPC1768/libc.a(lib_a-svfiscanf.o)
 .ARM.attributes
                0x00000000000019e4       0x29 /Users/dbanks/mbed_offline/external/gcc/LPC1768/libc.a(lib_a-ungetc.o)
 .ARM.attributes
                0x0000000000001a0d       0x29 /Users/dbanks/mbed_offline/external/gcc/LPC1768/libc.a(lib_a-vfiprintf.o)
 .ARM.attributes
                0x0000000000001a36       0x29 /Users/dbanks/mbed_offline/external/gcc/LPC1768/libc.a(lib_a-wbuf.o)
 .ARM.attributes
                0x0000000000001a5f       0x29 /Users/dbanks/mbed_offline/external/gcc/LPC1768/libc.a(lib_a-callocr.o)
 .ARM.attributes
                0x0000000000001a88       0x29 /Users/dbanks/mbed_offline/external/gcc/LPC1768/libc.a(lib_a-fclose.o)
 .ARM.attributes
                0x0000000000001ab1       0x29 /Users/dbanks/mbed_offline/external/gcc/LPC1768/libc.a(lib_a-fputwc.o)
 .ARM.attributes
                0x0000000000001ada       0x29 /Users/dbanks/mbed_offline/external/gcc/LPC1768/libc.a(lib_a-fstatr.o)
 .ARM.attributes
                0x0000000000001b03       0x29 /Users/dbanks/mbed_offline/external/gcc/LPC1768/libc.a(lib_a-gdtoa-gethex.o)
 .ARM.attributes
                0x0000000000001b2c       0x29 /Users/dbanks/mbed_offline/external/gcc/LPC1768/libc.a(lib_a-gdtoa-hexnan.o)
 .ARM.attributes
                0x0000000000001b55       0x29 /Users/dbanks/mbed_offline/external/gcc/LPC1768/libc.a(lib_a-isattyr.o)
 .ARM.attributes
                0x0000000000001b7e       0x29 /Users/dbanks/mbed_offline/external/gcc/LPC1768/libc.a(lib_a-wcrtomb.o)
 .ARM.attributes
                0x0000000000001ba7       0x29 /Users/dbanks/mbed_offline/external/gcc/LPC1768/libc.a(lib_a-wctomb_r.o)
 .ARM.attributes
                0x0000000000001bd0       0x1b /Users/dbanks/mbed_offline/arm-2011.03/bin/../lib/gcc/arm-none-eabi/4.5.2/thumb2/libgcc.a(_divsi3.o)
 .ARM.attributes
                0x0000000000001beb       0x1b /Users/dbanks/mbed_offline/arm-2011.03/bin/../lib/gcc/arm-none-eabi/4.5.2/thumb2/libgcc.a(_arm_cmpdf2.o)
 .ARM.attributes
                0x0000000000001c06       0x1b /Users/dbanks/mbed_offline/arm-2011.03/bin/../lib/gcc/arm-none-eabi/4.5.2/thumb2/libgcc.a(_arm_fixunsdfsi.o)
 .ARM.attributes
                0x0000000000001c21       0x29 /Users/dbanks/mbed_offline/arm-2011.03/bin/../lib/gcc/arm-none-eabi/4.5.2/thumb2/crtend.o
 .ARM.attributes
                0x0000000000001c4a       0x19 /Users/dbanks/mbed_offline/arm-2011.03/bin/../lib/gcc/arm-none-eabi/4.5.2/thumb2/crtn.o

.comment        0x0000000000000000      0xde4
 .comment       0x0000000000000000       0x2a ./foo.o
                                         0x2b (size before relaxing)
 .comment       0x0000000000000000       0x2b /Users/dbanks/mbed_offline/src/gcc4mbed.o
 .comment       0x0000000000000000       0x2b /Users/dbanks/mbed_offline/src/syscalls.o
 .comment       0x0000000000000000       0x2b /Users/dbanks/mbed_offline/NanoRK/nano-RK/src/radio/cc2420/source/hal_rf_set_channel.o
 .comment       0x0000000000000000       0x2b /Users/dbanks/mbed_offline/NanoRK/nano-RK/src/radio/cc2420/source/hal_rf_wait_for_crystal_oscillator.o
 .comment       0x0000000000000000       0x2b /Users/dbanks/mbed_offline/NanoRK/nano-RK/src/radio/cc2420/source/basic_rf.o
 .comment       0x0000000000000000       0x2b /Users/dbanks/mbed_offline/NanoRK/nano-RK/src/platform/mbed/source/ulib.o
 .comment       0x0000000000000000       0x2b /Users/dbanks/mbed_offline/NanoRK/nano-RK/src/platform/mbed/source/hal_wait.o
 .comment       0x0000000000000000       0x2b /Users/dbanks/mbed_offline/NanoRK/nano-RK/src/platform/mbed/source/nrk_eeprom.o
 .comment       0x0000000000000000       0x2b /Users/dbanks/mbed_offline/NanoRK/nano-RK/src/kernel/source/nrk.o
 .comment       0x0000000000000000       0x2b /Users/dbanks/mbed_offline/NanoRK/nano-RK/src/kernel/source/nrk_stats.o
 .comment       0x0000000000000000       0x2b /Users/dbanks/mbed_offline/NanoRK/nano-RK/src/kernel/source/nrk_error.o
 .comment       0x0000000000000000       0x2b /Users/dbanks/mbed_offline/NanoRK/nano-RK/src/kernel/source/nrk_stack_check.o
 .comment       0x0000000000000000       0x2b /Users/dbanks/mbed_offline/NanoRK/nano-RK/src/kernel/source/nrk_events.o
 .comment       0x0000000000000000       0x2b /Users/dbanks/mbed_offline/NanoRK/nano-RK/src/kernel/source/nrk_task.o
 .comment       0x0000000000000000       0x2b /Users/dbanks/mbed_offline/NanoRK/nano-RK/src/kernel/source/nrk_time.o
 .comment       0x0000000000000000       0x2b /Users/dbanks/mbed_offline/NanoRK/nano-RK/src/kernel/source/nrk_idle_task.o
 .comment       0x0000000000000000       0x2b /Users/dbanks/mbed_offline/NanoRK/nano-RK/src/kernel/source/nrk_scheduler.o
 .comment       0x0000000000000000       0x2b /Users/dbanks/mbed_offline/NanoRK/nano-RK/src/kernel/source/nrk_driver.o
 .comment       0x0000000000000000       0x2b /Users/dbanks/mbed_offline/NanoRK/nano-RK/src/kernel/source/nrk_reserve.o
 .comment       0x0000000000000000       0x2b /Users/dbanks/mbed_offline/NanoRK/nano-RK/src/kernel/hal/LPC1768/nrk_timer.o
 .comment       0x0000000000000000       0x2b /Users/dbanks/mbed_offline/NanoRK/nano-RK/src/kernel/hal/LPC1768/nrk_status.o
 .comment       0x0000000000000000       0x2b /Users/dbanks/mbed_offline/NanoRK/nano-RK/src/kernel/hal/LPC1768/nrk_watchdog.o
 .comment       0x0000000000000000       0x2b /Users/dbanks/mbed_offline/NanoRK/nano-RK/src/kernel/hal/LPC1768/nrk_cpu.o
 .comment       0x0000000000000000       0x2b ./main.o
 .comment       0x000000000000002a       0xf4 /Users/dbanks/mbed_offline/external/mbed/LPC1768/mbed.ar(DigitalOut.LPC1768.o)
 .comment       0x000000000000011e       0xe8 /Users/dbanks/mbed_offline/external/mbed/LPC1768/mbed.ar(Base.LPC1768.o)
 .comment       0x0000000000000206       0xea /Users/dbanks/mbed_offline/external/mbed/LPC1768/mbed.ar(stdio.LPC1768.o)
 .comment       0x00000000000002f0       0xbc /Users/dbanks/mbed_offline/external/mbed/LPC1768/capi.ar(startup_LPC17xx.LPC1768.o)
 .comment       0x00000000000003ac       0xdf /Users/dbanks/mbed_offline/external/mbed/LPC1768/capi.ar(system_LPC17xx.LPC1768.o)
 .comment       0x000000000000048b      0x174 /Users/dbanks/mbed_offline/external/mbed/LPC1768/capi.ar(core_cm3.LPC1768.o)
 .comment       0x00000000000005ff       0xe3 /Users/dbanks/mbed_offline/external/mbed/LPC1768/capi.ar(serial_api.LPC1768.o)
 .comment       0x00000000000006e2       0xd7 /Users/dbanks/mbed_offline/external/mbed/LPC1768/capi.ar(exit.LPC1768.o)
 .comment       0x00000000000007b9       0xdb /Users/dbanks/mbed_offline/external/mbed/LPC1768/capi.ar(pinmap.LPC1768.o)
 .comment       0x0000000000000894       0xdf /Users/dbanks/mbed_offline/external/mbed/LPC1768/capi.ar(wait_api.LPC1768.o)
 .comment       0x0000000000000973       0xdf /Users/dbanks/mbed_offline/external/mbed/LPC1768/capi.ar(gpio_api.LPC1768.o)
 .comment       0x0000000000000a52       0xe7 /Users/dbanks/mbed_offline/external/mbed/LPC1768/capi.ar(semihost_api.LPC1768.o)
 .comment       0x0000000000000b39       0xe9 /Users/dbanks/mbed_offline/external/mbed/LPC1768/capi.ar(us_ticker_api.LPC1768.o)
 .comment       0x0000000000000c22       0xe1 /Users/dbanks/mbed_offline/external/mbed/LPC1768/capi.ar(utils_api.LPC1768.o)
 .comment       0x0000000000000d03       0xe1 /Users/dbanks/mbed_offline/external/mbed/LPC1768/capi.ar(timer_api.LPC1768.o)

.arm_vfe_header
                0x0000000000000000       0x38
 .arm_vfe_header
                0x0000000000000000        0x4 /Users/dbanks/mbed_offline/external/mbed/LPC1768/mbed.ar(DigitalOut.LPC1768.o)
 .arm_vfe_header
                0x0000000000000004        0x4 /Users/dbanks/mbed_offline/external/mbed/LPC1768/mbed.ar(Base.LPC1768.o)
 .arm_vfe_header
                0x0000000000000008        0x4 /Users/dbanks/mbed_offline/external/mbed/LPC1768/mbed.ar(stdio.LPC1768.o)
 .arm_vfe_header
                0x000000000000000c        0x4 /Users/dbanks/mbed_offline/external/mbed/LPC1768/capi.ar(system_LPC17xx.LPC1768.o)
 .arm_vfe_header
                0x0000000000000010        0x4 /Users/dbanks/mbed_offline/external/mbed/LPC1768/capi.ar(core_cm3.LPC1768.o)
 .arm_vfe_header
                0x0000000000000014        0x4 /Users/dbanks/mbed_offline/external/mbed/LPC1768/capi.ar(serial_api.LPC1768.o)
 .arm_vfe_header
                0x0000000000000018        0x4 /Users/dbanks/mbed_offline/external/mbed/LPC1768/capi.ar(exit.LPC1768.o)
 .arm_vfe_header
                0x000000000000001c        0x4 /Users/dbanks/mbed_offline/external/mbed/LPC1768/capi.ar(pinmap.LPC1768.o)
 .arm_vfe_header
                0x0000000000000020        0x4 /Users/dbanks/mbed_offline/external/mbed/LPC1768/capi.ar(wait_api.LPC1768.o)
 .arm_vfe_header
                0x0000000000000024        0x4 /Users/dbanks/mbed_offline/external/mbed/LPC1768/capi.ar(gpio_api.LPC1768.o)
 .arm_vfe_header
                0x0000000000000028        0x4 /Users/dbanks/mbed_offline/external/mbed/LPC1768/capi.ar(semihost_api.LPC1768.o)
 .arm_vfe_header
                0x000000000000002c        0x4 /Users/dbanks/mbed_offline/external/mbed/LPC1768/capi.ar(us_ticker_api.LPC1768.o)
 .arm_vfe_header
                0x0000000000000030        0x4 /Users/dbanks/mbed_offline/external/mbed/LPC1768/capi.ar(utils_api.LPC1768.o)
 .arm_vfe_header
                0x0000000000000034        0x4 /Users/dbanks/mbed_offline/external/mbed/LPC1768/capi.ar(timer_api.LPC1768.o)

.arm_vfe_vtableinfo_ZTVN4mbed10DigitalOutE
                0x0000000000000000       0x38
 .arm_vfe_vtableinfo_ZTVN4mbed10DigitalOutE
                0x0000000000000000       0x38 /Users/dbanks/mbed_offline/external/mbed/LPC1768/mbed.ar(DigitalOut.LPC1768.o)

.arm_vfe_vtableinfo_ZTVN4mbed4BaseE
                0x0000000000000000       0x1c
 .arm_vfe_vtableinfo_ZTVN4mbed4BaseE
                0x0000000000000000       0x1c /Users/dbanks/mbed_offline/external/mbed/LPC1768/mbed.ar(Base.LPC1768.o)

.debug_aranges  0x0000000000000000      0x838
 *(.debug_aranges)
 .debug_aranges
                0x0000000000000000       0x20 ./foo.o
 .debug_aranges
                0x0000000000000020       0x20 /Users/dbanks/mbed_offline/src/gcc4mbed.o
 .debug_aranges
                0x0000000000000040       0x80 /Users/dbanks/mbed_offline/src/syscalls.o
 .debug_aranges
                0x00000000000000c0       0x20 /Users/dbanks/mbed_offline/NanoRK/nano-RK/src/radio/cc2420/source/hal_rf_set_channel.o
 .debug_aranges
                0x00000000000000e0       0x20 /Users/dbanks/mbed_offline/NanoRK/nano-RK/src/radio/cc2420/source/hal_rf_wait_for_crystal_oscillator.o
 .debug_aranges
                0x0000000000000100      0x148 /Users/dbanks/mbed_offline/NanoRK/nano-RK/src/radio/cc2420/source/basic_rf.o
 .debug_aranges
                0x0000000000000248       0xc8 /Users/dbanks/mbed_offline/NanoRK/nano-RK/src/platform/mbed/source/ulib.o
 .debug_aranges
                0x0000000000000310       0x20 /Users/dbanks/mbed_offline/NanoRK/nano-RK/src/platform/mbed/source/hal_wait.o
 .debug_aranges
                0x0000000000000330       0x68 /Users/dbanks/mbed_offline/NanoRK/nano-RK/src/platform/mbed/source/nrk_eeprom.o
 .debug_aranges
                0x0000000000000398       0x58 /Users/dbanks/mbed_offline/NanoRK/nano-RK/src/kernel/source/nrk.o
 .debug_aranges
                0x00000000000003f0       0x68 /Users/dbanks/mbed_offline/NanoRK/nano-RK/src/kernel/source/nrk_stats.o
 .debug_aranges
                0x0000000000000458       0x70 /Users/dbanks/mbed_offline/NanoRK/nano-RK/src/kernel/source/nrk_error.o
 .debug_aranges
                0x00000000000004c8       0x30 /Users/dbanks/mbed_offline/NanoRK/nano-RK/src/kernel/source/nrk_stack_check.o
 .debug_aranges
                0x00000000000004f8       0x80 /Users/dbanks/mbed_offline/NanoRK/nano-RK/src/kernel/source/nrk_events.o
 .debug_aranges
                0x0000000000000578       0x90 /Users/dbanks/mbed_offline/NanoRK/nano-RK/src/kernel/source/nrk_task.o
 .debug_aranges
                0x0000000000000608       0x58 /Users/dbanks/mbed_offline/NanoRK/nano-RK/src/kernel/source/nrk_time.o
 .debug_aranges